Microchip MPLAB XC8 Compiler V1.41 ()

Linker command line:

--edf=C:\Program Files (x86)\Microchip\xc8\v1.41\dat\en_msgs.txt -cs \
  -h+dist/default/production\StandLEDControllerV1.0.X.production.sym \
  --cmf=dist/default/production\StandLEDControllerV1.0.X.production.cmf -z \
  -Q18F25K22 -oC:\Users\nival\AppData\Local\Temp\s8qg.2 \
  -Mdist/default/production/StandLEDControllerV1.0.X.production.map -E1 \
  -ver=XC8 --acfsm=1493 -ASTACK=04C0h-05ffh -pstack=STACK -ACODE=00h-07FFFh \
  -ACONST=00h-07FFFh -ASMALLCONST=0600h-06FFhx122 \
  -AMEDIUMCONST=0600h-07FFFh -ACOMRAM=01h-05Fh -AABS1=00h-05FFh \
  -ABIGRAM=01h-05FFh -ARAM=060h-0FFh,0100h-01FFhx5 -ABANK0=060h-0FFh \
  -ABANK1=0100h-01FFh -ABANK2=0200h-02FFh -ABANK3=0300h-03FFh \
  -ABANK4=0400h-04FFh -ABANK5=0500h-05FFh -ASFR=0F38h-0F5Fh,0F60h-0FFFh \
  -preset_vec=00h,intcode=08h,intcodelo,powerup,init -pramtop=0600h \
  -psmallconst=SMALLCONST -pmediumconst=MEDIUMCONST -pconst=CONST \
  -AFARRAM=00h-00h -ACONFIG=0300000h-030000Dh -pconfig=CONFIG \
  -AIDLOC=0200000h-0200007h -pidloc=IDLOC -AEEDATA=0F00000h-0F000FFh \
  -peeprom_data=EEDATA \
  -prdata=COMRAM,nvrram=COMRAM,nvbit=COMRAM,rbss=COMRAM,rbit=COMRAM \
  -pfarbss=FARRAM,fardata=FARRAM,nvFARRAM=FARRAM \
  -pintsave_regs=BIGRAM,bigbss=BIGRAM,bigdata=BIGRAM -pbss=RAM \
  -pidata=CODE,irdata=CODE,ibigdata=CODE,ifardata=CODE -prparam=COMRAM \
  C:\Users\nival\AppData\Local\Temp\s8qg.obj \
  dist/default/production\StandLEDControllerV1.0.X.production.obj 

Object code version is 3.11

Machine type is 18F25K22

Call graph: (short form)




                Name                               Link     Load   Length Selector   Space Scale
C:\Users\nival\AppData\Local\Temp\s8qg.obj
                init                                 AC       AC        4        4       0
                reset_vec                             0        0        4        0       0
                idloc                            200000   200000        8   200000       0
                config                           300000   300000        E   300000       0
dist/default/production\StandLEDControllerV1.0.X.production.obj
                intcode                               8        8       A4        4       0
                temp                                 5C       5C        1        1       1
                text24                              756      756        8      3AB       0
                text23                              384      384      15C        4       0
                text22                              6CA      6CA       18        4       0
                text21                              76E      76E        4      3AB       0
                text20                              778      778        2      3AB       0
                text19                              776      776        2      3AB       0
                text18                              66C      66C       24        4       0
                text17                              690      690       1E        4       0
                text16                               B0       B0      2D4        4       0
                text15                              5F4      5F4       46        4       0
                text14                              774      774        2      3AB       0
                text13                              56A      56A       8A        4       0
                text12                              764      764        6      3AB       0
                text11                              732      732       10        4       0
                text9                               75E      75E        6      3AB       0
                text8                               772      772        2      3AB       0
                text7                               6AE      6AE       1C        4       0
                text6                               742      742        A        4       0
                text5                               720      720       12        4       0
                text4                               63A      63A       32        4       0
                text3                               76A      76A        4      3AB       0
                text2                               6F8      6F8       16        4       0
                text1                               6E2      6E2       16        4       0
                text0                               70E      70E       12        4       0
                cstackCOMRAM                         3D       3D       16        1       1
                bssBANK4                            400      400       C0      400       1
                bssBANK3                            300      300      100      300       1
                bssBANK2                            200      200      100      200       1
                bssBANK1                            100      100      100      100       1
                bssBANK0                             60       60       95       60       1
                dataCOMRAM                           53       53        9        1       1
                bssCOMRAM                             1        1       3C        1       1
                cinit                               4E0      4E0       8A        4       0
                idataCOMRAM                         74C      74C        9        4       0

TOTAL           Name                               Link     Load   Length     Space
        CLASS   STACK          

        CLASS   CODE           
                intcode                               8        8       A4         0
                init                                 AC       AC        4         0
                reset_vec                             0        0        4         0
                text24                              756      756        8         0
                text23                              384      384      15C         0
                text22                              6CA      6CA       18         0
                text21                              76E      76E        4         0
                text20                              778      778        2         0
                text19                              776      776        2         0
                text18                              66C      66C       24         0
                text17                              690      690       1E         0
                text16                               B0       B0      2D4         0
                text15                              5F4      5F4       46         0
                text14                              774      774        2         0
                text13                              56A      56A       8A         0
                text12                              764      764        6         0
                text11                              732      732       10         0
                text9                               75E      75E        6         0
                text8                               772      772        2         0
                text7                               6AE      6AE       1C         0
                text6                               742      742        A         0
                text5                               720      720       12         0
                text4                               63A      63A       32         0
                text3                               76A      76A        4         0
                text2                               6F8      6F8       16         0
                text1                               6E2      6E2       16         0
                text0                               70E      70E       12         0
                cinit                               4E0      4E0       8A         0
                idataCOMRAM                         74C      74C        9         0

        CLASS   CONST          

        CLASS   SMALLCONST     

        CLASS   MEDIUMCONST    

        CLASS   COMRAM         
                temp                                 5C       5C        1         1
                cstackCOMRAM                         3D       3D       16         1
                dataCOMRAM                           53       53        9         1
                bssCOMRAM                             1        1       3C         1

        CLASS   ABS1           

        CLASS   BIGRAM         

        CLASS   RAM            

        CLASS   BANK0          
                bssBANK0                             60       60       95         1

        CLASS   BANK1          
                bssBANK1                            100      100      100         1

        CLASS   BANK2          
                bssBANK2                            200      200      100         1

        CLASS   BANK3          
                bssBANK3                            300      300      100         1

        CLASS   BANK4          
                bssBANK4                            400      400       C0         1

        CLASS   BANK5          

        CLASS   SFR            

        CLASS   FARRAM         

        CLASS   CONFIG         
                config                           300000   300000        E         0

        CLASS   IDLOC          
                idloc                            200000   200000        8         0

        CLASS   EEDATA         



SEGMENTS        Name                           Load    Length   Top    Selector   Space  Class

                reset_vec                      000000  000004  000004         0       0  CODE    
                bssCOMRAM                      000001  00005C  00005D         1       1  COMRAM  
                intcode                        000008  00074D  000755         4       0  CODE    
                bssBANK0                       000060  000095  0000F5        60       1  BANK0   
                bssBANK1                       000100  000100  000200       100       1  BANK1   
                bssBANK2                       000200  000100  000300       200       1  BANK2   
                bssBANK3                       000300  000100  000400       300       1  BANK3   
                bssBANK4                       000400  0000C0  0004C0       400       1  BANK4   
                text24                         000756  000024  00077A       3AB       0  CODE    
                idloc                          200000  000008  200008    200000       0  IDLOC   
                config                         300000  00000E  30000E    300000       0  CONFIG  


UNUSED ADDRESS RANGES

        Name                Unused          Largest block    Delta
        BANK0            0000F5-0000FF                B
        BANK4            0004C0-0004FF               40
        BANK5            000500-0005FF              100
        BIGRAM           00005D-00005F                3
                         0000F5-0000FF                B
                         0004C0-0005FF              140
        CODE             000004-000007                4
                         000755-000755                1
                         00077A-007FFF             7886
        COMRAM           00005D-00005F                3
        CONST            000004-000007                4
                         000755-000755                1
                         00077A-007FFF             7886
        EEDATA           F00000-F000FF              100
        MEDIUMCONST      000755-000755                1
                         00077A-007FFF             7886
        RAM              0000F5-0000FF                B
                         0004C0-0005FF               40
        SFR              000F38-000FFF               28
        SMALLCONST       000755-000755                1
                         00077A-007FFF              100
        STACK            0004C0-0005FF              140

                                  Symbol Table

AppINT_USART1_RX@capturando          bssCOMRAM    000039
AppINT_USART1_RX@len_package         bssCOMRAM    00001D
AppINT_USART1_RX@rxData              cstackCOMRAM 000043
AppTimer30us@count1000ms             dataCOMRAM   000053
AppTimer30us@count100ms              dataCOMRAM   000055
AppTimer30us@count10ms               dataCOMRAM   000057
AppTimer30us@count1ms                dataCOMRAM   000059
EUSART1_Receive_ISR@byteReceived     cstackCOMRAM 000044
EUSART1_Write@txData                 cstackCOMRAM 00003D
SendBuffCh0@idx_color1               cstackCOMRAM 00003F
SendBuffCh0@idx_color2               cstackCOMRAM 00003D
SendBuffCh0@idx_color3               cstackCOMRAM 00003E
_ANSELA                              (abs)        000F38
_ANSELB                              (abs)        000F39
_ANSELC                              (abs)        000F3A
_AppINT_USART1_RX                    text23       000384
_AppInitialize                       text9        00075E
_AppProcess                          text8        000772
_AppTimer100ms                       text20       000778
_AppTimer10ms                        text19       000776
_AppTimer1ms                         text15       0005F4
_AppTimer1s                          text14       000774
_AppTimer30us                        text13       00056A
_B0                                  bssCOMRAM    000001
_BAUD1CON                            (abs)        000FB8
_Buffer                              bssBANK0     000060
_CH0                                 bssCOMRAM    000016
_EUSART1_Initialize                  text7        0006AE
_EUSART1_Receive_ISR                 text22       0006CA
_EUSART1_Transmit_ISR                text21       00076E
_EUSART1_Write                       text24       000756
_G0                                  bssCOMRAM    000008
_INTCON2bits                         (abs)        000FF1
_INTCONbits                          (abs)        000FF2
_INTERRUPT_Initialize                text6        000742
_INTERRUPT_InterruptManager          intcode      000008
_IPR1bits                            (abs)        000F9F
_Idx                                 bssCOMRAM    00003C
_Idx2                                bssCOMRAM    000027
_Idx3                                bssCOMRAM    000025
_IdxFrame                            bssCOMRAM    00003B
_LATA                                (abs)        000F89
_LATB                                (abs)        000F8A
_LATB1                               (abs)        007C51
_LATC                                (abs)        000F8B
_OSCCON                              (abs)        000FD3
_OSCCON2                             (abs)        000FD2
_OSCILLATOR_Initialize               text5        000720
_OSCTUNE                             (abs)        000F9B
_PIE1bits                            (abs)        000F9D
_PIN_MANAGER_Initialize              text4        00063A
_PIR1bits                            (abs)        000F9E
_PLLRDY                              (abs)        007E97
_R0                                  bssCOMRAM    00000F
_RC1STA                              (abs)        000FAB
_RC1STAbits                          (abs)        000FAB
_RCONbits                            (abs)        000FD0
_RCREG1                              (abs)        000FAE
_SPBRG1                              (abs)        000FAF
_SPBRGH1                             (abs)        000FB0
_SYSTEM_Initialize                   text1        0006E2
_SendBuffCh0                         text16       0000B0
_ShootLedsCh0                        bssCOMRAM    000035
_T0CON                               (abs)        000FD5
_T0CONbits                           (abs)        000FD5
_TMR0H                               (abs)        000FD7
_TMR0L                               (abs)        000FD6
_TMR0_CallBack                       text12       000764
_TMR0_ISR                            text11       000732
_TMR0_Initialize                     text2        0006F8
_TMR0_StartTimer                     text3        00076A
_TRISA                               (abs)        000F92
_TRISB                               (abs)        000F93
_TRISC                               (abs)        000F94
_TX1STA                              (abs)        000FAC
_TXREG1                              (abs)        000FAD
_WPUB                                (abs)        000F61
__CFG_BOREN$SBORDIS                  (abs)        000000
__CFG_BORV$190                       (abs)        000000
__CFG_CCP2MX$PORTC1                  (abs)        000000
__CFG_CCP3MX$PORTB5                  (abs)        000000
__CFG_CP0$OFF                        (abs)        000000
__CFG_CP1$OFF                        (abs)        000000
__CFG_CP2$OFF                        (abs)        000000
__CFG_CP3$OFF                        (abs)        000000
__CFG_CPB$OFF                        (abs)        000000
__CFG_CPD$OFF                        (abs)        000000
__CFG_EBTR0$OFF                      (abs)        000000
__CFG_EBTR1$OFF                      (abs)        000000
__CFG_EBTR2$OFF                      (abs)        000000
__CFG_EBTR3$OFF                      (abs)        000000
__CFG_EBTRB$OFF                      (abs)        000000
__CFG_FCMEN$OFF                      (abs)        000000
__CFG_FOSC$INTIO67                   (abs)        000000
__CFG_HFOFST$ON                      (abs)        000000
__CFG_IESO$OFF                       (abs)        000000
__CFG_LVP$OFF                        (abs)        000000
__CFG_MCLRE$EXTMCLR                  (abs)        000000
__CFG_P2BMX$PORTB5                   (abs)        000000
__CFG_PBADEN$ON                      (abs)        000000
__CFG_PLLCFG$ON                      (abs)        000000
__CFG_PRICLKEN$ON                    (abs)        000000
__CFG_PWRTEN$OFF                     (abs)        000000
__CFG_STVREN$ON                      (abs)        000000
__CFG_T3CMX$PORTC0                   (abs)        000000
__CFG_WDTEN$OFF                      (abs)        000000
__CFG_WDTPS$32768                    (abs)        000000
__CFG_WRT0$OFF                       (abs)        000000
__CFG_WRT1$OFF                       (abs)        000000
__CFG_WRT2$OFF                       (abs)        000000
__CFG_WRT3$OFF                       (abs)        000000
__CFG_WRTB$OFF                       (abs)        000000
__CFG_WRTC$OFF                       (abs)        000000
__CFG_WRTD$OFF                       (abs)        000000
__CFG_XINST$OFF                      (abs)        000000
__HRAM                               (abs)        000000
__Habs1                              abs1         000000
__Hbank0                             bank0        000000
__Hbank1                             bank1        000000
__Hbank2                             bank2        000000
__Hbank3                             bank3        000000
__Hbank4                             bank4        000000
__Hbank5                             bank5        000000
__Hbigbss                            bigbss       000000
__Hbigdata                           bigdata      000000
__Hbigram                            bigram       000000
__Hbss                               bss          000000
__HbssBANK0                          bssBANK0     000000
__HbssBANK1                          bssBANK1     000000
__HbssBANK2                          bssBANK2     000000
__HbssBANK3                          bssBANK3     000000
__HbssBANK4                          bssBANK4     000000
__HbssCOMRAM                         bssCOMRAM    000000
__Hcinit                             cinit        000000
__Hclrtext                           clrtext      000000
__Hcomram                            comram       000000
__Hconfig                            config       30000E
__Hconst                             const        000000
__HcstackBANK0                       cstackBANK0  000000
__HcstackCOMRAM                      cstackCOMRAM 000000
__Hdata                              data         000000
__HdataCOMRAM                        dataCOMRAM   000000
__Heeprom_data                       eeprom_data  000000
__Hfarbss                            farbss       000000
__Hfardata                           fardata      000000
__Hibigdata                          ibigdata     000000
__Hidata                             idata        000000
__HidataCOMRAM                       idataCOMRAM  000000
__Hidloc                             idloc        200008
__Hifardata                          ifardata     000000
__Hinit                              init         0000B0
__Hintcode                           intcode      0000AC
__Hintcode_body                      intcode_body 000000
__Hintcodelo                         intcodelo    0000AC
__Hintentry                          intentry     000000
__Hintret                            intret       000000
__Hintsave_regs                      intsave_regs 000000
__Hirdata                            irdata       000000
__Hmediumconst                       mediumconst  000000
__HnvFARRAM                          nvFARRAM     000000
__Hnvbit                             nvbit        000000
__Hnvrram                            nvrram       000000
__Hparam                             rparam       000000
__Hpowerup                           powerup      0000AC
__Hram                               ram          000000
__Hramtop                            ramtop       000600
__Hrbit                              rbit         000000
__Hrbss                              rbss         000000
__Hrdata                             rdata        000000
__Hreset_vec                         reset_vec    000004
__Hrparam                            rparam       000000
__Hsfr                               sfr          000000
__Hsmallconst                        smallconst   000000
__Hspace_0                           (abs)        30000E
__Hspace_1                           (abs)        0004C0
__Hspace_2                           (abs)        000000
__Hstack                             stack        000000
__Hstruct                            struct       000000
__Htemp                              temp         00005D
__Htext                              text         000000
__Htext0                             text0        000000
__Htext1                             text1        000000
__Htext11                            text11       000000
__Htext12                            text12       000000
__Htext13                            text13       000000
__Htext14                            text14       000000
__Htext15                            text15       000000
__Htext16                            text16       000000
__Htext17                            text17       000000
__Htext18                            text18       000000
__Htext19                            text19       000000
__Htext2                             text2        000000
__Htext20                            text20       000000
__Htext21                            text21       000000
__Htext22                            text22       000000
__Htext23                            text23       000000
__Htext24                            text24       000000
__Htext3                             text3        000000
__Htext4                             text4        000000
__Htext5                             text5        000000
__Htext6                             text6        000000
__Htext7                             text7        000000
__Htext8                             text8        000000
__Htext9                             text9        000000
__LRAM                               (abs)        000001
__Labs1                              abs1         000000
__Lbank0                             bank0        000000
__Lbank1                             bank1        000000
__Lbank2                             bank2        000000
__Lbank3                             bank3        000000
__Lbank4                             bank4        000000
__Lbank5                             bank5        000000
__Lbigbss                            bigbss       000000
__Lbigdata                           bigdata      000000
__Lbigram                            bigram       000000
__Lbss                               bss          000000
__LbssBANK0                          bssBANK0     000000
__LbssBANK1                          bssBANK1     000000
__LbssBANK2                          bssBANK2     000000
__LbssBANK3                          bssBANK3     000000
__LbssBANK4                          bssBANK4     000000
__LbssCOMRAM                         bssCOMRAM    000000
__Lcinit                             cinit        000000
__Lclrtext                           clrtext      000000
__Lcomram                            comram       000000
__Lconfig                            config       300000
__Lconst                             const        000000
__LcstackBANK0                       cstackBANK0  000000
__LcstackCOMRAM                      cstackCOMRAM 000000
__Ldata                              data         000000
__LdataCOMRAM                        dataCOMRAM   000000
__Leeprom_data                       eeprom_data  000000
__Lfarbss                            farbss       000000
__Lfardata                           fardata      000000
__Libigdata                          ibigdata     000000
__Lidata                             idata        000000
__LidataCOMRAM                       idataCOMRAM  000000
__Lidloc                             idloc        200000
__Lifardata                          ifardata     000000
__Linit                              init         0000AC
__Lintcode                           intcode      000008
__Lintcode_body                      intcode_body 000000
__Lintcodelo                         intcodelo    0000AC
__Lintentry                          intentry     000000
__Lintret                            intret       000000
__Lintsave_regs                      intsave_regs 000000
__Lirdata                            irdata       000000
__Lmediumconst                       mediumconst  000000
__LnvFARRAM                          nvFARRAM     000000
__Lnvbit                             nvbit        000000
__Lnvrram                            nvrram       000000
__Lparam                             rparam       000000
__Lpowerup                           powerup      0000AC
__Lram                               ram          000000
__Lramtop                            ramtop       000600
__Lrbit                              rbit         000000
__Lrbss                              rbss         000000
__Lrdata                             rdata        000000
__Lreset_vec                         reset_vec    000000
__Lrparam                            rparam       000000
__Lsfr                               sfr          000000
__Lsmallconst                        smallconst   000000
__Lspace_0                           (abs)        000000
__Lspace_1                           (abs)        000000
__Lspace_2                           (abs)        000000
__Lstack                             stack        000000
__Lstruct                            struct       000000
__Ltemp                              temp         00005C
__Ltext                              text         000000
__Ltext0                             text0        000000
__Ltext1                             text1        000000
__Ltext11                            text11       000000
__Ltext12                            text12       000000
__Ltext13                            text13       000000
__Ltext14                            text14       000000
__Ltext15                            text15       000000
__Ltext16                            text16       000000
__Ltext17                            text17       000000
__Ltext18                            text18       000000
__Ltext19                            text19       000000
__Ltext2                             text2        000000
__Ltext20                            text20       000000
__Ltext21                            text21       000000
__Ltext22                            text22       000000
__Ltext23                            text23       000000
__Ltext24                            text24       000000
__Ltext3                             text3        000000
__Ltext4                             text4        000000
__Ltext5                             text5        000000
__Ltext6                             text6        000000
__Ltext7                             text7        000000
__Ltext8                             text8        000000
__Ltext9                             text9        000000
__S0                                 (abs)        30000E
__S1                                 (abs)        0004C0
__S2                                 (abs)        000000
___inthi_sp                          stack        000000
___intlo_sp                          stack        000000
___param_bank                        (abs)        000000
___rparam_used                       (abs)        000001
___sp                                stack        000000
__accesstop                          (abs)        000060
__activetblptr                       (abs)        000000
__end_of_AppINT_USART1_RX            text23       0004E0
__end_of_AppInitialize               text9        000764
__end_of_AppProcess                  text8        000774
__end_of_AppTimer100ms               text20       00077A
__end_of_AppTimer10ms                text19       000778
__end_of_AppTimer1ms                 text15       00063A
__end_of_AppTimer1s                  text14       000776
__end_of_AppTimer30us                text13       0005F4
__end_of_EUSART1_Initialize          text7        0006CA
__end_of_EUSART1_Receive_ISR         text22       0006E2
__end_of_EUSART1_Transmit_ISR        text21       000772
__end_of_EUSART1_Write               text24       00075E
__end_of_INTERRUPT_Initialize        text6        00074C
__end_of_INTERRUPT_InterruptManager  intcode      0000AC
__end_of_OSCILLATOR_Initialize       text5        000732
__end_of_PIN_MANAGER_Initialize      text4        00066C
__end_of_SYSTEM_Initialize           text1        0006F8
__end_of_SendBuffCh0                 text16       000384
__end_of_TMR0_CallBack               text12       00076A
__end_of_TMR0_ISR                    text11       000742
__end_of_TMR0_Initialize             text2        00070E
__end_of_TMR0_StartTimer             text3        00076E
__end_of__initialization             cinit        000560
__end_of_main                        text0        000720
__end_of_um_0                        text18       000690
__end_of_zero_0                      text17       0006AE
__initialization                     cinit        0004E0
__mediumconst                        mediumconst  000000
__pbssBANK0                          bssBANK0     000060
__pbssBANK1                          bssBANK1     000100
__pbssBANK2                          bssBANK2     000200
__pbssBANK3                          bssBANK3     000300
__pbssBANK4                          bssBANK4     000400
__pbssCOMRAM                         bssCOMRAM    000001
__pcinit                             cinit        0004E0
__pcstackBANK0                       cstackBANK0  000000
__pcstackCOMRAM                      cstackCOMRAM 00003D
__pdataCOMRAM                        dataCOMRAM   000053
__pidataCOMRAM                       idataCOMRAM  00074C
__pintcode                           intcode      000008
__ptext0                             text0        00070E
__ptext1                             text1        0006E2
__ptext11                            text11       000732
__ptext12                            text12       000764
__ptext13                            text13       00056A
__ptext14                            text14       000774
__ptext15                            text15       0005F4
__ptext16                            text16       0000B0
__ptext17                            text17       000690
__ptext18                            text18       00066C
__ptext19                            text19       000776
__ptext2                             text2        0006F8
__ptext20                            text20       000778
__ptext21                            text21       00076E
__ptext22                            text22       0006CA
__ptext23                            text23       000384
__ptext24                            text24       000756
__ptext3                             text3        00076A
__ptext4                             text4        00063A
__ptext5                             text5        000720
__ptext6                             text6        000742
__ptext7                             text7        0006AE
__ptext8                             text8        000772
__ptext9                             text9        00075E
__ramtop                             ramtop       000600
__size_of_AppINT_USART1_RX           (abs)        000000
__size_of_AppInitialize              (abs)        000000
__size_of_AppProcess                 (abs)        000000
__size_of_AppTimer100ms              (abs)        000000
__size_of_AppTimer10ms               (abs)        000000
__size_of_AppTimer1ms                (abs)        000000
__size_of_AppTimer1s                 (abs)        000000
__size_of_AppTimer30us               (abs)        000000
__size_of_EUSART1_Initialize         (abs)        000000
__size_of_EUSART1_Receive_ISR        (abs)        000000
__size_of_EUSART1_Transmit_ISR       (abs)        000000
__size_of_EUSART1_Write              (abs)        000000
__size_of_INTERRUPT_Initialize       (abs)        000000
__size_of_INTERRUPT_InterruptManager (abs)        000000
__size_of_OSCILLATOR_Initialize      (abs)        000000
__size_of_PIN_MANAGER_Initialize     (abs)        000000
__size_of_SYSTEM_Initialize          (abs)        000000
__size_of_SendBuffCh0                (abs)        000000
__size_of_TMR0_CallBack              (abs)        000000
__size_of_TMR0_ISR                   (abs)        000000
__size_of_TMR0_Initialize            (abs)        000000
__size_of_TMR0_StartTimer            (abs)        000000
__size_of_main                       (abs)        000000
__size_of_um_0                       (abs)        000000
__size_of_zero_0                     (abs)        000000
__smallconst                         smallconst   000000
_ch0_len                             bssCOMRAM    00001F
_channel                             bssCOMRAM    000023
_ftest                               dataCOMRAM   00005B
_main                                text0        00070E
_send_ch0                            bssCOMRAM    00003A
_timer0ReloadVal16bit                bssCOMRAM    000037
_type                                bssCOMRAM    000021
_um_0                                text18       00066C
_zero_0                              text17       000690
btemp                                temp         00005C
end_of_initialization                cinit        000560
int$flags                            temp         00005C
intlevel0                            text         000000
intlevel1                            text         000000
intlevel2                            text         000000
intlevel3                            text         000000
stackhi                              (abs)        0005FF
stacklo                              (abs)        0004C0
start                                init         0000AC
start_initialization                 cinit        0004E0


FUNCTION INFORMATION:

 *************** function _main *****************
 Defined at:
		line 5 in file "main.c"
 Parameters:    Size  Location     Type
		None
 Auto vars:     Size  Location     Type
		None
 Return value:  Size  Location     Type
                  1    wreg      void 
 Registers used:
		wreg, status,2, cstack
 Tracked objects:
		On entry : 
		On exit  : 
		Unchanged: 
 Data sizes:     COMRAM   BANK0   BANK1   BANK2   BANK3   BANK4   BANK5
      Params:         0       0       0       0       0       0       0
      Locals:         0       0       0       0       0       0       0
      Temps:          0       0       0       0       0       0       0
      Totals:         0       0       0       0       0       0       0
Total ram usage:        0 bytes
 Hardware stack levels required when called:   10
 This function calls:
		_AppInitialize
		_AppProcess
		_SYSTEM_Initialize
 This function is called by:
		Startup code after reset
 This function uses a non-reentrant model


 *************** function _SYSTEM_Initialize *****************
 Defined at:
		line 66 in file "mcc_generated_files/mcc.c"
 Parameters:    Size  Location     Type
		None
 Auto vars:     Size  Location     Type
		None
 Return value:  Size  Location     Type
                  1    wreg      void 
 Registers used:
		wreg, status,2, cstack
 Tracked objects:
		On entry : 
		On exit  : 
		Unchanged: 
 Data sizes:     COMRAM   BANK0   BANK1   BANK2   BANK3   BANK4   BANK5
      Params:         0       0       0       0       0       0       0
      Locals:         0       0       0       0       0       0       0
      Temps:          0       0       0       0       0       0       0
      Totals:         0       0       0       0       0       0       0
Total ram usage:        0 bytes
 Hardware stack levels used:    1
 Hardware stack levels required when called:    9
 This function calls:
		_EUSART1_Initialize
		_INTERRUPT_Initialize
		_OSCILLATOR_Initialize
		_PIN_MANAGER_Initialize
		_TMR0_Initialize
 This function is called by:
		_main
 This function uses a non-reentrant model


 *************** function _TMR0_Initialize *****************
 Defined at:
		line 18 in file "mcc_generated_files/tmr0.c"
 Parameters:    Size  Location     Type
		None
 Auto vars:     Size  Location     Type
		None
 Return value:  Size  Location     Type
                  1    wreg      void 
 Registers used:
		wreg, status,2, cstack
 Tracked objects:
		On entry : 
		On exit  : 
		Unchanged: 
 Data sizes:     COMRAM   BANK0   BANK1   BANK2   BANK3   BANK4   BANK5
      Params:         0       0       0       0       0       0       0
      Locals:         0       0       0       0       0       0       0
      Temps:          0       0       0       0       0       0       0
      Totals:         0       0       0       0       0       0       0
Total ram usage:        0 bytes
 Hardware stack levels used:    1
 Hardware stack levels required when called:    8
 This function calls:
		_TMR0_StartTimer
 This function is called by:
		_SYSTEM_Initialize
 This function uses a non-reentrant model


 *************** function _TMR0_StartTimer *****************
 Defined at:
		line 48 in file "mcc_generated_files/tmr0.c"
 Parameters:    Size  Location     Type
		None
 Auto vars:     Size  Location     Type
		None
 Return value:  Size  Location     Type
                  1    wreg      void 
 Registers used:
		None
 Tracked objects:
		On entry : 
		On exit  : 
		Unchanged: 
 Data sizes:     COMRAM   BANK0   BANK1   BANK2   BANK3   BANK4   BANK5
      Params:         0       0       0       0       0       0       0
      Locals:         0       0       0       0       0       0       0
      Temps:          0       0       0       0       0       0       0
      Totals:         0       0       0       0       0       0       0
Total ram usage:        0 bytes
 Hardware stack levels used:    1
 Hardware stack levels required when called:    7
 This function calls:
		Nothing
 This function is called by:
		_TMR0_Initialize
 This function uses a non-reentrant model


 *************** function _PIN_MANAGER_Initialize *****************
 Defined at:
		line 4 in file "mcc_generated_files/pin_manager.c"
 Parameters:    Size  Location     Type
		None
 Auto vars:     Size  Location     Type
		None
 Return value:  Size  Location     Type
                  1    wreg      void 
 Registers used:
		wreg, status,2
 Tracked objects:
		On entry : 
		On exit  : 
		Unchanged: 
 Data sizes:     COMRAM   BANK0   BANK1   BANK2   BANK3   BANK4   BANK5
      Params:         0       0       0       0       0       0       0
      Locals:         0       0       0       0       0       0       0
      Temps:          0       0       0       0       0       0       0
      Totals:         0       0       0       0       0       0       0
Total ram usage:        0 bytes
 Hardware stack levels used:    1
 Hardware stack levels required when called:    7
 This function calls:
		Nothing
 This function is called by:
		_SYSTEM_Initialize
 This function uses a non-reentrant model


 *************** function _OSCILLATOR_Initialize *****************
 Defined at:
		line 76 in file "mcc_generated_files/mcc.c"
 Parameters:    Size  Location     Type
		None
 Auto vars:     Size  Location     Type
		None
 Return value:  Size  Location     Type
                  1    wreg      void 
 Registers used:
		wreg, status,2
 Tracked objects:
		On entry : 
		On exit  : 
		Unchanged: 
 Data sizes:     COMRAM   BANK0   BANK1   BANK2   BANK3   BANK4   BANK5
      Params:         0       0       0       0       0       0       0
      Locals:         0       0       0       0       0       0       0
      Temps:          0       0       0       0       0       0       0
      Totals:         0       0       0       0       0       0       0
Total ram usage:        0 bytes
 Hardware stack levels used:    1
 Hardware stack levels required when called:    7
 This function calls:
		Nothing
 This function is called by:
		_SYSTEM_Initialize
 This function uses a non-reentrant model


 *************** function _INTERRUPT_Initialize *****************
 Defined at:
		line 5 in file "mcc_generated_files/interrupt_manager.c"
 Parameters:    Size  Location     Type
		None
 Auto vars:     Size  Location     Type
		None
 Return value:  Size  Location     Type
                  1    wreg      void 
 Registers used:
		None
 Tracked objects:
		On entry : 
		On exit  : 
		Unchanged: 
 Data sizes:     COMRAM   BANK0   BANK1   BANK2   BANK3   BANK4   BANK5
      Params:         0       0       0       0       0       0       0
      Locals:         0       0       0       0       0       0       0
      Temps:          0       0       0       0       0       0       0
      Totals:         0       0       0       0       0       0       0
Total ram usage:        0 bytes
 Hardware stack levels used:    1
 Hardware stack levels required when called:    7
 This function calls:
		Nothing
 This function is called by:
		_SYSTEM_Initialize
 This function uses a non-reentrant model


 *************** function _EUSART1_Initialize *****************
 Defined at:
		line 15 in file "mcc_generated_files/eusart1.c"
 Parameters:    Size  Location     Type
		None
 Auto vars:     Size  Location     Type
		None
 Return value:  Size  Location     Type
                  1    wreg      void 
 Registers used:
		wreg, status,2
 Tracked objects:
		On entry : 
		On exit  : 
		Unchanged: 
 Data sizes:     COMRAM   BANK0   BANK1   BANK2   BANK3   BANK4   BANK5
      Params:         0       0       0       0       0       0       0
      Locals:         0       0       0       0       0       0       0
      Temps:          0       0       0       0       0       0       0
      Totals:         0       0       0       0       0       0       0
Total ram usage:        0 bytes
 Hardware stack levels used:    1
 Hardware stack levels required when called:    7
 This function calls:
		Nothing
 This function is called by:
		_SYSTEM_Initialize
 This function uses a non-reentrant model


 *************** function _AppProcess *****************
 Defined at:
		line 112 in file "mcc_generated_files/app.c"
 Parameters:    Size  Location     Type
		None
 Auto vars:     Size  Location     Type
		None
 Return value:  Size  Location     Type
                  2  178[None  ] int 
 Registers used:
		None
 Tracked objects:
		On entry : 
		On exit  : 
		Unchanged: 
 Data sizes:     COMRAM   BANK0   BANK1   BANK2   BANK3   BANK4   BANK5
      Params:         0       0       0       0       0       0       0
      Locals:         0       0       0       0       0       0       0
      Temps:          0       0       0       0       0       0       0
      Totals:         0       0       0       0       0       0       0
Total ram usage:        0 bytes
 Hardware stack levels used:    1
 Hardware stack levels required when called:    7
 This function calls:
		Nothing
 This function is called by:
		_main
 This function uses a non-reentrant model


 *************** function _AppInitialize *****************
 Defined at:
		line 98 in file "mcc_generated_files/app.c"
 Parameters:    Size  Location     Type
		None
 Auto vars:     Size  Location     Type
		None
 Return value:  Size  Location     Type
                  2  174[None  ] int 
 Registers used:
		None
 Tracked objects:
		On entry : 
		On exit  : 
		Unchanged: 
 Data sizes:     COMRAM   BANK0   BANK1   BANK2   BANK3   BANK4   BANK5
      Params:         0       0       0       0       0       0       0
      Locals:         0       0       0       0       0       0       0
      Temps:          0       0       0       0       0       0       0
      Totals:         0       0       0       0       0       0       0
Total ram usage:        0 bytes
 Hardware stack levels used:    1
 Hardware stack levels required when called:    7
 This function calls:
		Nothing
 This function is called by:
		_main
 This function uses a non-reentrant model


 *************** function _INTERRUPT_InterruptManager *****************
 Defined at:
		line 18 in file "mcc_generated_files/interrupt_manager.c"
 Parameters:    Size  Location     Type
		None
 Auto vars:     Size  Location     Type
		None
 Return value:  Size  Location     Type
                  1    wreg      void 
 Registers used:
		wreg, fsr2l, fsr2h, status,2, status,0, prodl, prodh, cstack
 Tracked objects:
		On entry : 
		On exit  : 
		Unchanged: 
 Data sizes:     COMRAM   BANK0   BANK1   BANK2   BANK3   BANK4   BANK5
      Params:         0       0       0       0       0       0       0
      Locals:         0       0       0       0       0       0       0
      Temps:         14       0       0       0       0       0       0
      Totals:        14       0       0       0       0       0       0
Total ram usage:       14 bytes
 Hardware stack levels used:    1
 Hardware stack levels required when called:    6
 This function calls:
		_EUSART1_Receive_ISR
		_EUSART1_Transmit_ISR
		_TMR0_ISR
 This function is called by:
		Interrupt level 2
 This function uses a non-reentrant model


 *************** function _TMR0_ISR *****************
 Defined at:
		line 90 in file "mcc_generated_files/tmr0.c"
 Parameters:    Size  Location     Type
		None
 Auto vars:     Size  Location     Type
		None
 Return value:  Size  Location     Type
                  1    wreg      void 
 Registers used:
		wreg, fsr2l, fsr2h, status,2, status,0, prodl, prodh, cstack
 Tracked objects:
		On entry : 
		On exit  : 
		Unchanged: 
 Data sizes:     COMRAM   BANK0   BANK1   BANK2   BANK3   BANK4   BANK5
      Params:         0       0       0       0       0       0       0
      Locals:         0       0       0       0       0       0       0
      Temps:          0       0       0       0       0       0       0
      Totals:         0       0       0       0       0       0       0
Total ram usage:        0 bytes
 Hardware stack levels used:    1
 Hardware stack levels required when called:    5
 This function calls:
		_TMR0_CallBack
 This function is called by:
		_INTERRUPT_InterruptManager
 This function uses a non-reentrant model


 *************** function _TMR0_CallBack *****************
 Defined at:
		line 109 in file "mcc_generated_files/tmr0.c"
 Parameters:    Size  Location     Type
		None
 Auto vars:     Size  Location     Type
		None
 Return value:  Size  Location     Type
                  1    wreg      void 
 Registers used:
		wreg, fsr2l, fsr2h, status,2, status,0, prodl, prodh, cstack
 Tracked objects:
		On entry : 
		On exit  : 
		Unchanged: 
 Data sizes:     COMRAM   BANK0   BANK1   BANK2   BANK3   BANK4   BANK5
      Params:         0       0       0       0       0       0       0
      Locals:         0       0       0       0       0       0       0
      Temps:          0       0       0       0       0       0       0
      Totals:         0       0       0       0       0       0       0
Total ram usage:        0 bytes
 Hardware stack levels used:    1
 Hardware stack levels required when called:    4
 This function calls:
		_AppTimer30us
 This function is called by:
		_TMR0_ISR
 This function uses a non-reentrant model


 *************** function _AppTimer30us *****************
 Defined at:
		line 587 in file "mcc_generated_files/app.c"
 Parameters:    Size  Location     Type
		None
 Auto vars:     Size  Location     Type
		None
 Return value:  Size  Location     Type
                  2   16[None  ] int 
 Registers used:
		wreg, fsr2l, fsr2h, status,2, status,0, prodl, prodh, cstack
 Tracked objects:
		On entry : 
		On exit  : 
		Unchanged: 
 Data sizes:     COMRAM   BANK0   BANK1   BANK2   BANK3   BANK4   BANK5
      Params:         0       0       0       0       0       0       0
      Locals:         0       0       0       0       0       0       0
      Temps:          0       0       0       0       0       0       0
      Totals:         0       0       0       0       0       0       0
Total ram usage:        0 bytes
 Hardware stack levels used:    1
 Hardware stack levels required when called:    3
 This function calls:
		_AppTimer100ms
		_AppTimer10ms
		_AppTimer1ms
		_AppTimer1s
 This function is called by:
		_TMR0_CallBack
 This function uses a non-reentrant model


 *************** function _AppTimer1s *****************
 Defined at:
		line 504 in file "mcc_generated_files/app.c"
 Parameters:    Size  Location     Type
		None
 Auto vars:     Size  Location     Type
		None
 Return value:  Size  Location     Type
                  1    wreg      void 
 Registers used:
		None
 Tracked objects:
		On entry : 
		On exit  : 
		Unchanged: 
 Data sizes:     COMRAM   BANK0   BANK1   BANK2   BANK3   BANK4   BANK5
      Params:         0       0       0       0       0       0       0
      Locals:         0       0       0       0       0       0       0
      Temps:          0       0       0       0       0       0       0
      Totals:         0       0       0       0       0       0       0
Total ram usage:        0 bytes
 Hardware stack levels used:    1
 This function calls:
		Nothing
 This function is called by:
		_AppTimer30us
 This function uses a non-reentrant model


 *************** function _AppTimer1ms *****************
 Defined at:
		line 537 in file "mcc_generated_files/app.c"
 Parameters:    Size  Location     Type
		None
 Auto vars:     Size  Location     Type
		None
 Return value:  Size  Location     Type
                  1    wreg      void 
 Registers used:
		wreg, fsr2l, fsr2h, status,2, status,0, prodl, prodh, cstack
 Tracked objects:
		On entry : 
		On exit  : 
		Unchanged: 
 Data sizes:     COMRAM   BANK0   BANK1   BANK2   BANK3   BANK4   BANK5
      Params:         0       0       0       0       0       0       0
      Locals:         0       0       0       0       0       0       0
      Temps:          3       0       0       0       0       0       0
      Totals:         3       0       0       0       0       0       0
Total ram usage:        3 bytes
 Hardware stack levels used:    1
 Hardware stack levels required when called:    2
 This function calls:
		_SendBuffCh0
 This function is called by:
		_AppTimer30us
 This function uses a non-reentrant model


 *************** function _SendBuffCh0 *****************
 Defined at:
		line 198 in file "mcc_generated_files/app.c"
 Parameters:    Size  Location     Type
  idx_color1      1    wreg     unsigned char 
  idx_color2      1    0[COMRAM] unsigned char 
  idx_color3      1    1[COMRAM] unsigned char 
 Auto vars:     Size  Location     Type
  idx_color1      1    2[COMRAM] unsigned char 
 Return value:  Size  Location     Type
                  1    wreg      void 
 Registers used:
		wreg, fsr2l, fsr2h, status,2, status,0, prodl, prodh, cstack
 Tracked objects:
		On entry : 
		On exit  : 
		Unchanged: 
 Data sizes:     COMRAM   BANK0   BANK1   BANK2   BANK3   BANK4   BANK5
      Params:         2       0       0       0       0       0       0
      Locals:         1       0       0       0       0       0       0
      Temps:          0       0       0       0       0       0       0
      Totals:         3       0       0       0       0       0       0
Total ram usage:        3 bytes
 Hardware stack levels used:    1
 Hardware stack levels required when called:    1
 This function calls:
		_um_0
		_zero_0
 This function is called by:
		_AppTimer1ms
 This function uses a non-reentrant model


 *************** function _zero_0 *****************
 Defined at:
		line 149 in file "mcc_generated_files/app.c"
 Parameters:    Size  Location     Type
		None
 Auto vars:     Size  Location     Type
		None
 Return value:  Size  Location     Type
                  1    wreg      void 
 Registers used:
		None
 Tracked objects:
		On entry : 
		On exit  : 
		Unchanged: 
 Data sizes:     COMRAM   BANK0   BANK1   BANK2   BANK3   BANK4   BANK5
      Params:         0       0       0       0       0       0       0
      Locals:         0       0       0       0       0       0       0
      Temps:          0       0       0       0       0       0       0
      Totals:         0       0       0       0       0       0       0
Total ram usage:        0 bytes
 Hardware stack levels used:    1
 This function calls:
		Nothing
 This function is called by:
		_SendBuffCh0
 This function uses a non-reentrant model


 *************** function _um_0 *****************
 Defined at:
		line 145 in file "mcc_generated_files/app.c"
 Parameters:    Size  Location     Type
		None
 Auto vars:     Size  Location     Type
		None
 Return value:  Size  Location     Type
                  1    wreg      void 
 Registers used:
		None
 Tracked objects:
		On entry : 
		On exit  : 
		Unchanged: 
 Data sizes:     COMRAM   BANK0   BANK1   BANK2   BANK3   BANK4   BANK5
      Params:         0       0       0       0       0       0       0
      Locals:         0       0       0       0       0       0       0
      Temps:          0       0       0       0       0       0       0
      Totals:         0       0       0       0       0       0       0
Total ram usage:        0 bytes
 Hardware stack levels used:    1
 This function calls:
		Nothing
 This function is called by:
		_SendBuffCh0
 This function uses a non-reentrant model


 *************** function _AppTimer10ms *****************
 Defined at:
		line 514 in file "mcc_generated_files/app.c"
 Parameters:    Size  Location     Type
		None
 Auto vars:     Size  Location     Type
		None
 Return value:  Size  Location     Type
                  1    wreg      void 
 Registers used:
		None
 Tracked objects:
		On entry : 
		On exit  : 
		Unchanged: 
 Data sizes:     COMRAM   BANK0   BANK1   BANK2   BANK3   BANK4   BANK5
      Params:         0       0       0       0       0       0       0
      Locals:         0       0       0       0       0       0       0
      Temps:          0       0       0       0       0       0       0
      Totals:         0       0       0       0       0       0       0
Total ram usage:        0 bytes
 Hardware stack levels used:    1
 This function calls:
		Nothing
 This function is called by:
		_AppTimer30us
 This function uses a non-reentrant model


 *************** function _AppTimer100ms *****************
 Defined at:
		line 509 in file "mcc_generated_files/app.c"
 Parameters:    Size  Location     Type
		None
 Auto vars:     Size  Location     Type
		None
 Return value:  Size  Location     Type
                  1    wreg      void 
 Registers used:
		None
 Tracked objects:
		On entry : 
		On exit  : 
		Unchanged: 
 Data sizes:     COMRAM   BANK0   BANK1   BANK2   BANK3   BANK4   BANK5
      Params:         0       0       0       0       0       0       0
      Locals:         0       0       0       0       0       0       0
      Temps:          0       0       0       0       0       0       0
      Totals:         0       0       0       0       0       0       0
Total ram usage:        0 bytes
 Hardware stack levels used:    1
 This function calls:
		Nothing
 This function is called by:
		_AppTimer30us
 This function uses a non-reentrant model


 *************** function _EUSART1_Transmit_ISR *****************
 Defined at:
		line 98 in file "mcc_generated_files/eusart1.c"
 Parameters:    Size  Location     Type
		None
 Auto vars:     Size  Location     Type
		None
 Return value:  Size  Location     Type
                  1    wreg      void 
 Registers used:
		None
 Tracked objects:
		On entry : 
		On exit  : 
		Unchanged: 
 Data sizes:     COMRAM   BANK0   BANK1   BANK2   BANK3   BANK4   BANK5
      Params:         0       0       0       0       0       0       0
      Locals:         0       0       0       0       0       0       0
      Temps:          0       0       0       0       0       0       0
      Totals:         0       0       0       0       0       0       0
Total ram usage:        0 bytes
 Hardware stack levels used:    1
 This function calls:
		Nothing
 This function is called by:
		_INTERRUPT_InterruptManager
 This function uses a non-reentrant model


 *************** function _EUSART1_Receive_ISR *****************
 Defined at:
		line 104 in file "mcc_generated_files/eusart1.c"
 Parameters:    Size  Location     Type
		None
 Auto vars:     Size  Location     Type
  byteReceived    1    7[COMRAM] unsigned char 
 Return value:  Size  Location     Type
                  1    wreg      void 
 Registers used:
		wreg, fsr2l, fsr2h, status,2, status,0, cstack
 Tracked objects:
		On entry : 
		On exit  : 
		Unchanged: 
 Data sizes:     COMRAM   BANK0   BANK1   BANK2   BANK3   BANK4   BANK5
      Params:         0       0       0       0       0       0       0
      Locals:         1       0       0       0       0       0       0
      Temps:          0       0       0       0       0       0       0
      Totals:         1       0       0       0       0       0       0
Total ram usage:        1 bytes
 Hardware stack levels used:    1
 Hardware stack levels required when called:    2
 This function calls:
		_AppINT_USART1_RX
 This function is called by:
		_INTERRUPT_InterruptManager
 This function uses a non-reentrant model


 *************** function _AppINT_USART1_RX *****************
 Defined at:
		line 623 in file "mcc_generated_files/app.c"
 Parameters:    Size  Location     Type
  rxData          1    wreg     unsigned char 
 Auto vars:     Size  Location     Type
  rxData          1    6[COMRAM] unsigned char 
 Return value:  Size  Location     Type
                  1    wreg      void 
 Registers used:
		wreg, fsr2l, fsr2h, status,2, status,0, cstack
 Tracked objects:
		On entry : 
		On exit  : 
		Unchanged: 
 Data sizes:     COMRAM   BANK0   BANK1   BANK2   BANK3   BANK4   BANK5
      Params:         0       0       0       0       0       0       0
      Locals:         1       0       0       0       0       0       0
      Temps:          5       0       0       0       0       0       0
      Totals:         6       0       0       0       0       0       0
Total ram usage:        6 bytes
 Hardware stack levels used:    1
 Hardware stack levels required when called:    1
 This function calls:
		_EUSART1_Write
 This function is called by:
		_EUSART1_Receive_ISR
 This function uses a non-reentrant model


 *************** function _EUSART1_Write *****************
 Defined at:
		line 82 in file "mcc_generated_files/eusart1.c"
 Parameters:    Size  Location     Type
  txData          1    wreg     unsigned char 
 Auto vars:     Size  Location     Type
  txData          1    0[COMRAM] unsigned char 
 Return value:  Size  Location     Type
                  1    wreg      void 
 Registers used:
		wreg
 Tracked objects:
		On entry : 
		On exit  : 
		Unchanged: 
 Data sizes:     COMRAM   BANK0   BANK1   BANK2   BANK3   BANK4   BANK5
      Params:         0       0       0       0       0       0       0
      Locals:         1       0       0       0       0       0       0
      Temps:          0       0       0       0       0       0       0
      Totals:         1       0       0       0       0       0       0
Total ram usage:        1 bytes
 Hardware stack levels used:    1
 This function calls:
		Nothing
 This function is called by:
		_AppINT_USART1_RX
		_putch
 This function uses a non-reentrant model



MODULE INFORMATION

Module		Function		Class		Link	Load	Size
mcc_generated_files/interrupt_manager.c
		_INTERRUPT_Initialize		CODE           	0742	0000	11
		_INTERRUPT_InterruptManager		CODE           	0008	0000	165

mcc_generated_files/interrupt_manager.c estimated size: 176

mcc_generated_files/tmr0.c
		_TMR0_CallBack 		CODE           	0764	0000	7
		_TMR0_StartTimer		CODE           	076A	0000	5
		_TMR0_ISR      		CODE           	0732	0000	17
		_TMR0_Initialize		CODE           	06F8	0000	23

mcc_generated_files/tmr0.c estimated size: 52

mcc_generated_files/pin_manager.c
		_PIN_MANAGER_Initialize		CODE           	063A	0000	51

mcc_generated_files/pin_manager.c estimated size: 51

mcc_generated_files/app.c
		_AppInitialize 		CODE           	075E	0000	7
		_SendBuffCh0   		CODE           	00B0	0000	725
		_AppTimer1s    		CODE           	0774	0000	3
		_AppTimer1ms   		CODE           	05F4	0000	71
		_AppTimer10ms  		CODE           	0776	0000	3
		_AppTimer30us  		CODE           	056A	0000	139
		_AppTimer100ms 		CODE           	0778	0000	3
		_AppProcess    		CODE           	0772	0000	3
		_AppINT_USART1_RX		CODE           	0384	0000	349
		_zero_0        		CODE           	0690	0000	31
		_um_0          		CODE           	066C	0000	37

mcc_generated_files/app.c estimated size: 1371

shared
		__initialization		CODE           	04E0	0000	129

shared estimated size: 129

mcc_generated_files/eusart1.c
		_EUSART1_Initialize		CODE           	06AE	0000	29
		_EUSART1_Write 		CODE           	0756	0000	9
		_EUSART1_Receive_ISR		CODE           	06CA	0000	25
		_EUSART1_Transmit_ISR		CODE           	076E	0000	5

mcc_generated_files/eusart1.c estimated size: 68

mcc_generated_files/mcc.c
		_OSCILLATOR_Initialize		CODE           	0720	0000	19
		_SYSTEM_Initialize		CODE           	06E2	0000	23

mcc_generated_files/mcc.c estimated size: 42

main.c
		_main          		CODE           	070E	0000	19

main.c estimated size: 19

