Microchip MPLAB XC8 Compiler V1.41 ()

Linker command line:

--edf=C:\Program Files (x86)\Microchip\xc8\v1.41\dat\en_msgs.txt -cs \
  -h+dist/default/production\StandLEDControllerV1.0.X.production.sym \
  --cmf=dist/default/production\StandLEDControllerV1.0.X.production.cmf -z \
  -Q18F25K22 -oC:\Users\nival\AppData\Local\Temp\sess.2 \
  -Mdist/default/production/StandLEDControllerV1.0.X.production.map -E1 \
  -ver=XC8 --acfsm=1493 -ASTACK=0180h-05ffh -pstack=STACK -ACODE=00h-07FFFh \
  -ACONST=00h-07FFFh -ASMALLCONST=0600h-06FFhx122 \
  -AMEDIUMCONST=0600h-07FFFh -ACOMRAM=01h-05Fh -AABS1=00h-05FFh \
  -ABIGRAM=01h-05FFh -ARAM=060h-0FFh,0100h-01FFhx5 -ABANK0=060h-0FFh \
  -ABANK1=0100h-01FFh -ABANK2=0200h-02FFh -ABANK3=0300h-03FFh \
  -ABANK4=0400h-04FFh -ABANK5=0500h-05FFh -ASFR=0F38h-0F5Fh,0F60h-0FFFh \
  -preset_vec=00h,intcode=08h,intcodelo,powerup,init -pramtop=0600h \
  -psmallconst=SMALLCONST -pmediumconst=MEDIUMCONST -pconst=CONST \
  -AFARRAM=00h-00h -ACONFIG=0300000h-030000Dh -pconfig=CONFIG \
  -AIDLOC=0200000h-0200007h -pidloc=IDLOC -AEEDATA=0F00000h-0F000FFh \
  -peeprom_data=EEDATA \
  -prdata=COMRAM,nvrram=COMRAM,nvbit=COMRAM,rbss=COMRAM,rbit=COMRAM \
  -pfarbss=FARRAM,fardata=FARRAM,nvFARRAM=FARRAM \
  -pintsave_regs=BIGRAM,bigbss=BIGRAM,bigdata=BIGRAM -pbss=RAM \
  -pidata=CODE,irdata=CODE,ibigdata=CODE,ifardata=CODE -prparam=COMRAM \
  C:\Users\nival\AppData\Local\Temp\sess.obj \
  dist/default/production\StandLEDControllerV1.0.X.production.obj 

Object code version is 3.11

Machine type is 18F25K22

Call graph: (short form)




                Name                               Link     Load   Length Selector   Space Scale
C:\Users\nival\AppData\Local\Temp\sess.obj
                init                                 AC       AC        4        4       0
                reset_vec                             0        0        4        0       0
                idloc                            200000   200000        8   200000       0
                config                           300000   300000        E   300000       0
dist/default/production\StandLEDControllerV1.0.X.production.obj
                intcode                               8        8       A4        4       0
                temp                                 4C       4C        1        1       1
                text20                              3B4      3B4      1C4        4       0
                text19                              702      702       18        4       0
                text18                              79E      79E        4      3C7       0
                text17                              6A4      6A4       24        4       0
                text16                              6C8      6C8       1E        4       0
                text15                               B0       B0      304        4       0
                text14                              676      676       2E        4       0
                text13                              578      578       7E        4       0
                text12                              794      794        6      3C7       0
                text11                              76A      76A       10        4       0
                text9                               78E      78E        6      3C7       0
                text8                               7A2      7A2        2      3C7       0
                text7                               6E6      6E6       1C        4       0
                text6                               77A      77A        A        4       0
                text5                               758      758       12        4       0
                text4                               644      644       32        4       0
                text3                               79A      79A        4      3C7       0
                text2                               730      730       16        4       0
                text1                               71A      71A       16        4       0
                text0                               746      746       12        4       0
                cstackCOMRAM                         2C       2C       17        1       1
                bssBANK1                            100      100       80      100       1
                bssBANK0                             60       60       80       60       1
                dataCOMRAM                           43       43        9        1       1
                bssCOMRAM                             1        1       2B        1       1
                cinit                               5F6      5F6       4E        4       0
                idataCOMRAM                         784      784        9        4       0

TOTAL           Name                               Link     Load   Length     Space
        CLASS   STACK          

        CLASS   CODE           
                intcode                               8        8       A4         0
                init                                 AC       AC        4         0
                reset_vec                             0        0        4         0
                text20                              3B4      3B4      1C4         0
                text19                              702      702       18         0
                text18                              79E      79E        4         0
                text17                              6A4      6A4       24         0
                text16                              6C8      6C8       1E         0
                text15                               B0       B0      304         0
                text14                              676      676       2E         0
                text13                              578      578       7E         0
                text12                              794      794        6         0
                text11                              76A      76A       10         0
                text9                               78E      78E        6         0
                text8                               7A2      7A2        2         0
                text7                               6E6      6E6       1C         0
                text6                               77A      77A        A         0
                text5                               758      758       12         0
                text4                               644      644       32         0
                text3                               79A      79A        4         0
                text2                               730      730       16         0
                text1                               71A      71A       16         0
                text0                               746      746       12         0
                cinit                               5F6      5F6       4E         0
                idataCOMRAM                         784      784        9         0

        CLASS   CONST          

        CLASS   SMALLCONST     

        CLASS   MEDIUMCONST    

        CLASS   COMRAM         
                temp                                 4C       4C        1         1
                cstackCOMRAM                         2C       2C       17         1
                dataCOMRAM                           43       43        9         1
                bssCOMRAM                             1        1       2B         1

        CLASS   ABS1           

        CLASS   BIGRAM         

        CLASS   RAM            

        CLASS   BANK0          
                bssBANK0                             60       60       80         1

        CLASS   BANK1          
                bssBANK1                            100      100       80         1

        CLASS   BANK2          

        CLASS   BANK3          

        CLASS   BANK4          

        CLASS   BANK5          

        CLASS   SFR            

        CLASS   FARRAM         

        CLASS   CONFIG         
                config                           300000   300000        E         0

        CLASS   IDLOC          
                idloc                            200000   200000        8         0

        CLASS   EEDATA         



SEGMENTS        Name                           Load    Length   Top    Selector   Space  Class

                reset_vec                      000000  000004  000004         0       0  CODE    
                bssCOMRAM                      000001  00004C  00004D         1       1  COMRAM  
                intcode                        000008  000785  00078D         4       0  CODE    
                bssBANK0                       000060  000080  0000E0        60       1  BANK0   
                bssBANK1                       000100  000080  000180       100       1  BANK1   
                text9                          00078E  000016  0007A4       3C7       0  CODE    
                idloc                          200000  000008  200008    200000       0  IDLOC   
                config                         300000  00000E  30000E    300000       0  CONFIG  


UNUSED ADDRESS RANGES

        Name                Unused          Largest block    Delta
        BANK0            0000E0-0000FF               20
        BANK1            000180-0001FF               80
        BANK2            000200-0002FF              100
        BANK3            000300-0003FF              100
        BANK4            000400-0004FF              100
        BANK5            000500-0005FF              100
        BIGRAM           00004D-00005F               13
                         0000E0-0000FF               20
                         000180-0005FF              480
        CODE             000004-000007                4
                         00078D-00078D                1
                         0007A4-007FFF             785C
        COMRAM           00004D-00005F               13
        CONST            000004-000007                4
                         00078D-00078D                1
                         0007A4-007FFF             785C
        EEDATA           F00000-F000FF              100
        MEDIUMCONST      00078D-00078D                1
                         0007A4-007FFF             785C
        RAM              0000E0-0000FF               20
                         000180-0005FF              100
        SFR              000F38-000FFF               28
        SMALLCONST       00078D-00078D                1
                         0007A4-007FFF              100
        STACK            000180-0005FF              480

                                  Symbol Table

AppINT_USART1_RX@rxData              cstackCOMRAM 000033
AppTimer30us@count1000ms             dataCOMRAM   000043
AppTimer30us@count100ms              dataCOMRAM   000045
AppTimer30us@count10ms               dataCOMRAM   000047
AppTimer30us@count1ms                dataCOMRAM   000049
EUSART1_Receive_ISR@byteReceived     cstackCOMRAM 000034
SendBuffCh2@idx_color1               cstackCOMRAM 00002E
SendBuffCh2@idx_color2               cstackCOMRAM 00002C
SendBuffCh2@idx_color3               cstackCOMRAM 00002D
_ANSELA                              (abs)        000F38
_ANSELB                              (abs)        000F39
_ANSELC                              (abs)        000F3A
_AppINT_USART1_RX                    text20       0003B4
_AppInitialize                       text9        00078E
_AppProcess                          text8        0007A2
_AppTimer1ms                         text14       000676
_AppTimer30us                        text13       000578
_BAUD1CON                            (abs)        000FB8
_Buffer                              bssBANK1     000100
_CH2                                 bssBANK0     000060
_EUSART1_Initialize                  text7        0006E6
_EUSART1_Receive_ISR                 text19       000702
_EUSART1_Transmit_ISR                text18       00079E
_INTCON2bits                         (abs)        000FF1
_INTCONbits                          (abs)        000FF2
_INTERRUPT_Initialize                text6        00077A
_INTERRUPT_InterruptManager          intcode      000008
_IPR1bits                            (abs)        000F9F
_Idx0                                bssCOMRAM    000013
_Idx1                                bssCOMRAM    000012
_Idx2                                bssCOMRAM    000011
_IdxFrame                            bssCOMRAM    000010
_LATA                                (abs)        000F89
_LATB                                (abs)        000F8A
_LATB1                               (abs)        007C51
_LATC                                (abs)        000F8B
_OSCCON                              (abs)        000FD3
_OSCCON2                             (abs)        000FD2
_OSCILLATOR_Initialize               text5        000758
_OSCTUNE                             (abs)        000F9B
_PIE1bits                            (abs)        000F9D
_PIN_MANAGER_Initialize              text4        000644
_PIR1bits                            (abs)        000F9E
_PLLRDY                              (abs)        007E97
_RC1STA                              (abs)        000FAB
_RC1STAbits                          (abs)        000FAB
_RCONbits                            (abs)        000FD0
_RCREG1                              (abs)        000FAE
_SPBRG1                              (abs)        000FAF
_SPBRGH1                             (abs)        000FB0
_SYSTEM_Initialize                   text1        00071A
_SendBuffCh2                         text15       0000B0
_ShootLedsCh0                        bssCOMRAM    00002B
_ShootLedsCh1                        bssCOMRAM    00002A
_ShootLedsCh2                        bssCOMRAM    000029
_ShootLedsCh3                        bssCOMRAM    000028
_ShootLedsCh4                        bssCOMRAM    000027
_ShootLedsCh5                        bssCOMRAM    000026
_ShootLedsCh6                        bssCOMRAM    000025
_ShootLedsCh7                        bssCOMRAM    000024
_T0CON                               (abs)        000FD5
_T0CONbits                           (abs)        000FD5
_TMR0H                               (abs)        000FD7
_TMR0L                               (abs)        000FD6
_TMR0_CallBack                       text12       000794
_TMR0_ISR                            text11       00076A
_TMR0_Initialize                     text2        000730
_TMR0_StartTimer                     text3        00079A
_TRISA                               (abs)        000F92
_TRISB                               (abs)        000F93
_TRISC                               (abs)        000F94
_TX1STA                              (abs)        000FAC
_TXREG1                              (abs)        000FAD
_WPUB                                (abs)        000F61
__CFG_BOREN$SBORDIS                  (abs)        000000
__CFG_BORV$190                       (abs)        000000
__CFG_CCP2MX$PORTC1                  (abs)        000000
__CFG_CCP3MX$PORTB5                  (abs)        000000
__CFG_CP0$OFF                        (abs)        000000
__CFG_CP1$OFF                        (abs)        000000
__CFG_CP2$OFF                        (abs)        000000
__CFG_CP3$OFF                        (abs)        000000
__CFG_CPB$OFF                        (abs)        000000
__CFG_CPD$OFF                        (abs)        000000
__CFG_EBTR0$OFF                      (abs)        000000
__CFG_EBTR1$OFF                      (abs)        000000
__CFG_EBTR2$OFF                      (abs)        000000
__CFG_EBTR3$OFF                      (abs)        000000
__CFG_EBTRB$OFF                      (abs)        000000
__CFG_FCMEN$OFF                      (abs)        000000
__CFG_FOSC$INTIO67                   (abs)        000000
__CFG_HFOFST$ON                      (abs)        000000
__CFG_IESO$OFF                       (abs)        000000
__CFG_LVP$OFF                        (abs)        000000
__CFG_MCLRE$EXTMCLR                  (abs)        000000
__CFG_P2BMX$PORTB5                   (abs)        000000
__CFG_PBADEN$ON                      (abs)        000000
__CFG_PLLCFG$ON                      (abs)        000000
__CFG_PRICLKEN$ON                    (abs)        000000
__CFG_PWRTEN$OFF                     (abs)        000000
__CFG_STVREN$ON                      (abs)        000000
__CFG_T3CMX$PORTC0                   (abs)        000000
__CFG_WDTEN$OFF                      (abs)        000000
__CFG_WDTPS$32768                    (abs)        000000
__CFG_WRT0$OFF                       (abs)        000000
__CFG_WRT1$OFF                       (abs)        000000
__CFG_WRT2$OFF                       (abs)        000000
__CFG_WRT3$OFF                       (abs)        000000
__CFG_WRTB$OFF                       (abs)        000000
__CFG_WRTC$OFF                       (abs)        000000
__CFG_WRTD$OFF                       (abs)        000000
__CFG_XINST$OFF                      (abs)        000000
__HRAM                               (abs)        000000
__Habs1                              abs1         000000
__Hbank0                             bank0        000000
__Hbank1                             bank1        000000
__Hbank2                             bank2        000000
__Hbank3                             bank3        000000
__Hbank4                             bank4        000000
__Hbank5                             bank5        000000
__Hbigbss                            bigbss       000000
__Hbigdata                           bigdata      000000
__Hbigram                            bigram       000000
__Hbss                               bss          000000
__HbssBANK0                          bssBANK0     000000
__HbssBANK1                          bssBANK1     000000
__HbssCOMRAM                         bssCOMRAM    000000
__Hcinit                             cinit        000000
__Hclrtext                           clrtext      000000
__Hcomram                            comram       000000
__Hconfig                            config       30000E
__Hconst                             const        000000
__HcstackBANK0                       cstackBANK0  000000
__HcstackCOMRAM                      cstackCOMRAM 000000
__Hdata                              data         000000
__HdataCOMRAM                        dataCOMRAM   000000
__Heeprom_data                       eeprom_data  000000
__Hfarbss                            farbss       000000
__Hfardata                           fardata      000000
__Hibigdata                          ibigdata     000000
__Hidata                             idata        000000
__HidataCOMRAM                       idataCOMRAM  000000
__Hidloc                             idloc        200008
__Hifardata                          ifardata     000000
__Hinit                              init         0000B0
__Hintcode                           intcode      0000AC
__Hintcode_body                      intcode_body 000000
__Hintcodelo                         intcodelo    0000AC
__Hintentry                          intentry     000000
__Hintret                            intret       000000
__Hintsave_regs                      intsave_regs 000000
__Hirdata                            irdata       000000
__Hmediumconst                       mediumconst  000000
__HnvFARRAM                          nvFARRAM     000000
__Hnvbit                             nvbit        000000
__Hnvrram                            nvrram       000000
__Hparam                             rparam       000000
__Hpowerup                           powerup      0000AC
__Hram                               ram          000000
__Hramtop                            ramtop       000600
__Hrbit                              rbit         000000
__Hrbss                              rbss         000000
__Hrdata                             rdata        000000
__Hreset_vec                         reset_vec    000004
__Hrparam                            rparam       000000
__Hsfr                               sfr          000000
__Hsmallconst                        smallconst   000000
__Hspace_0                           (abs)        30000E
__Hspace_1                           (abs)        000180
__Hspace_2                           (abs)        000000
__Hstack                             stack        000000
__Hstruct                            struct       000000
__Htemp                              temp         00004D
__Htext                              text         000000
__Htext0                             text0        000000
__Htext1                             text1        000000
__Htext11                            text11       000000
__Htext12                            text12       000000
__Htext13                            text13       000000
__Htext14                            text14       000000
__Htext15                            text15       000000
__Htext16                            text16       000000
__Htext17                            text17       000000
__Htext18                            text18       000000
__Htext19                            text19       000000
__Htext2                             text2        000000
__Htext20                            text20       000000
__Htext3                             text3        000000
__Htext4                             text4        000000
__Htext5                             text5        000000
__Htext6                             text6        000000
__Htext7                             text7        000000
__Htext8                             text8        000000
__Htext9                             text9        000000
__LRAM                               (abs)        000001
__Labs1                              abs1         000000
__Lbank0                             bank0        000000
__Lbank1                             bank1        000000
__Lbank2                             bank2        000000
__Lbank3                             bank3        000000
__Lbank4                             bank4        000000
__Lbank5                             bank5        000000
__Lbigbss                            bigbss       000000
__Lbigdata                           bigdata      000000
__Lbigram                            bigram       000000
__Lbss                               bss          000000
__LbssBANK0                          bssBANK0     000000
__LbssBANK1                          bssBANK1     000000
__LbssCOMRAM                         bssCOMRAM    000000
__Lcinit                             cinit        000000
__Lclrtext                           clrtext      000000
__Lcomram                            comram       000000
__Lconfig                            config       300000
__Lconst                             const        000000
__LcstackBANK0                       cstackBANK0  000000
__LcstackCOMRAM                      cstackCOMRAM 000000
__Ldata                              data         000000
__LdataCOMRAM                        dataCOMRAM   000000
__Leeprom_data                       eeprom_data  000000
__Lfarbss                            farbss       000000
__Lfardata                           fardata      000000
__Libigdata                          ibigdata     000000
__Lidata                             idata        000000
__LidataCOMRAM                       idataCOMRAM  000000
__Lidloc                             idloc        200000
__Lifardata                          ifardata     000000
__Linit                              init         0000AC
__Lintcode                           intcode      000008
__Lintcode_body                      intcode_body 000000
__Lintcodelo                         intcodelo    0000AC
__Lintentry                          intentry     000000
__Lintret                            intret       000000
__Lintsave_regs                      intsave_regs 000000
__Lirdata                            irdata       000000
__Lmediumconst                       mediumconst  000000
__LnvFARRAM                          nvFARRAM     000000
__Lnvbit                             nvbit        000000
__Lnvrram                            nvrram       000000
__Lparam                             rparam       000000
__Lpowerup                           powerup      0000AC
__Lram                               ram          000000
__Lramtop                            ramtop       000600
__Lrbit                              rbit         000000
__Lrbss                              rbss         000000
__Lrdata                             rdata        000000
__Lreset_vec                         reset_vec    000000
__Lrparam                            rparam       000000
__Lsfr                               sfr          000000
__Lsmallconst                        smallconst   000000
__Lspace_0                           (abs)        000000
__Lspace_1                           (abs)        000000
__Lspace_2                           (abs)        000000
__Lstack                             stack        000000
__Lstruct                            struct       000000
__Ltemp                              temp         00004C
__Ltext                              text         000000
__Ltext0                             text0        000000
__Ltext1                             text1        000000
__Ltext11                            text11       000000
__Ltext12                            text12       000000
__Ltext13                            text13       000000
__Ltext14                            text14       000000
__Ltext15                            text15       000000
__Ltext16                            text16       000000
__Ltext17                            text17       000000
__Ltext18                            text18       000000
__Ltext19                            text19       000000
__Ltext2                             text2        000000
__Ltext20                            text20       000000
__Ltext3                             text3        000000
__Ltext4                             text4        000000
__Ltext5                             text5        000000
__Ltext6                             text6        000000
__Ltext7                             text7        000000
__Ltext8                             text8        000000
__Ltext9                             text9        000000
__S0                                 (abs)        30000E
__S1                                 (abs)        000180
__S2                                 (abs)        000000
___inthi_sp                          stack        000000
___intlo_sp                          stack        000000
___param_bank                        (abs)        000000
___rparam_used                       (abs)        000001
___sp                                stack        000000
__accesstop                          (abs)        000060
__activetblptr                       (abs)        000000
__end_of_AppINT_USART1_RX            text20       000578
__end_of_AppInitialize               text9        000794
__end_of_AppProcess                  text8        0007A4
__end_of_AppTimer1ms                 text14       0006A4
__end_of_AppTimer30us                text13       0005F6
__end_of_EUSART1_Initialize          text7        000702
__end_of_EUSART1_Receive_ISR         text19       00071A
__end_of_EUSART1_Transmit_ISR        text18       0007A2
__end_of_INTERRUPT_Initialize        text6        000784
__end_of_INTERRUPT_InterruptManager  intcode      0000AC
__end_of_OSCILLATOR_Initialize       text5        00076A
__end_of_PIN_MANAGER_Initialize      text4        000676
__end_of_SYSTEM_Initialize           text1        000730
__end_of_SendBuffCh2                 text15       0003B4
__end_of_TMR0_CallBack               text12       00079A
__end_of_TMR0_ISR                    text11       00077A
__end_of_TMR0_Initialize             text2        000746
__end_of_TMR0_StartTimer             text3        00079E
__end_of__initialization             cinit        00063A
__end_of_main                        text0        000758
__end_of_um_0                        text17       0006C8
__end_of_zero_0                      text16       0006E6
__initialization                     cinit        0005F6
__mediumconst                        mediumconst  000000
__pbssBANK0                          bssBANK0     000060
__pbssBANK1                          bssBANK1     000100
__pbssCOMRAM                         bssCOMRAM    000001
__pcinit                             cinit        0005F6
__pcstackBANK0                       cstackBANK0  000000
__pcstackCOMRAM                      cstackCOMRAM 00002C
__pdataCOMRAM                        dataCOMRAM   000043
__pidataCOMRAM                       idataCOMRAM  000784
__pintcode                           intcode      000008
__ptext0                             text0        000746
__ptext1                             text1        00071A
__ptext11                            text11       00076A
__ptext12                            text12       000794
__ptext13                            text13       000578
__ptext14                            text14       000676
__ptext15                            text15       0000B0
__ptext16                            text16       0006C8
__ptext17                            text17       0006A4
__ptext18                            text18       00079E
__ptext19                            text19       000702
__ptext2                             text2        000730
__ptext20                            text20       0003B4
__ptext3                             text3        00079A
__ptext4                             text4        000644
__ptext5                             text5        000758
__ptext6                             text6        00077A
__ptext7                             text7        0006E6
__ptext8                             text8        0007A2
__ptext9                             text9        00078E
__ramtop                             ramtop       000600
__size_of_AppINT_USART1_RX           (abs)        000000
__size_of_AppInitialize              (abs)        000000
__size_of_AppProcess                 (abs)        000000
__size_of_AppTimer1ms                (abs)        000000
__size_of_AppTimer30us               (abs)        000000
__size_of_EUSART1_Initialize         (abs)        000000
__size_of_EUSART1_Receive_ISR        (abs)        000000
__size_of_EUSART1_Transmit_ISR       (abs)        000000
__size_of_INTERRUPT_Initialize       (abs)        000000
__size_of_INTERRUPT_InterruptManager (abs)        000000
__size_of_OSCILLATOR_Initialize      (abs)        000000
__size_of_PIN_MANAGER_Initialize     (abs)        000000
__size_of_SYSTEM_Initialize          (abs)        000000
__size_of_SendBuffCh2                (abs)        000000
__size_of_TMR0_CallBack              (abs)        000000
__size_of_TMR0_ISR                   (abs)        000000
__size_of_TMR0_Initialize            (abs)        000000
__size_of_TMR0_StartTimer            (abs)        000000
__size_of_main                       (abs)        000000
__size_of_um_0                       (abs)        000000
__size_of_zero_0                     (abs)        000000
__smallconst                         smallconst   000000
_capturando                          bssCOMRAM    00000E
_ch0_len                             bssCOMRAM    000023
_ch1_len                             bssCOMRAM    000022
_ch2_len                             bssCOMRAM    000021
_ch3_len                             bssCOMRAM    000020
_ch4_len                             bssCOMRAM    00001F
_ch5_len                             bssCOMRAM    00001E
_ch6_len                             bssCOMRAM    00001D
_ch7_len                             bssCOMRAM    00001C
_channel                             bssCOMRAM    00000A
_ftest                               dataCOMRAM   00004B
_len_package                         bssCOMRAM    00000F
_main                                text0        000746
_send_ch0                            bssCOMRAM    00001B
_send_ch1                            bssCOMRAM    00001A
_send_ch2                            bssCOMRAM    000019
_send_ch3                            bssCOMRAM    000018
_send_ch4                            bssCOMRAM    000017
_send_ch5                            bssCOMRAM    000016
_send_ch6                            bssCOMRAM    000015
_send_ch7                            bssCOMRAM    000014
_timer0ReloadVal16bit                bssCOMRAM    00000C
_type                                bssCOMRAM    000008
_um_0                                text17       0006A4
_zero_0                              text16       0006C8
btemp                                temp         00004C
end_of_initialization                cinit        00063A
int$flags                            temp         00004C
intlevel0                            text         000000
intlevel1                            text         000000
intlevel2                            text         000000
intlevel3                            text         000000
stackhi                              (abs)        0005FF
stacklo                              (abs)        000180
start                                init         0000AC
start_initialization                 cinit        0005F6


FUNCTION INFORMATION:

 *************** function _main *****************
 Defined at:
		line 5 in file "main.c"
 Parameters:    Size  Location     Type
		None
 Auto vars:     Size  Location     Type
		None
 Return value:  Size  Location     Type
                  1    wreg      void 
 Registers used:
		wreg, status,2, cstack
 Tracked objects:
		On entry : 
		On exit  : 
		Unchanged: 
 Data sizes:     COMRAM   BANK0   BANK1   BANK2   BANK3   BANK4   BANK5
      Params:         0       0       0       0       0       0       0
      Locals:         0       0       0       0       0       0       0
      Temps:          0       0       0       0       0       0       0
      Totals:         0       0       0       0       0       0       0
Total ram usage:        0 bytes
 Hardware stack levels required when called:   10
 This function calls:
		_AppInitialize
		_AppProcess
		_SYSTEM_Initialize
 This function is called by:
		Startup code after reset
 This function uses a non-reentrant model


 *************** function _SYSTEM_Initialize *****************
 Defined at:
		line 66 in file "mcc_generated_files/mcc.c"
 Parameters:    Size  Location     Type
		None
 Auto vars:     Size  Location     Type
		None
 Return value:  Size  Location     Type
                  1    wreg      void 
 Registers used:
		wreg, status,2, cstack
 Tracked objects:
		On entry : 
		On exit  : 
		Unchanged: 
 Data sizes:     COMRAM   BANK0   BANK1   BANK2   BANK3   BANK4   BANK5
      Params:         0       0       0       0       0       0       0
      Locals:         0       0       0       0       0       0       0
      Temps:          0       0       0       0       0       0       0
      Totals:         0       0       0       0       0       0       0
Total ram usage:        0 bytes
 Hardware stack levels used:    1
 Hardware stack levels required when called:    9
 This function calls:
		_EUSART1_Initialize
		_INTERRUPT_Initialize
		_OSCILLATOR_Initialize
		_PIN_MANAGER_Initialize
		_TMR0_Initialize
 This function is called by:
		_main
 This function uses a non-reentrant model


 *************** function _TMR0_Initialize *****************
 Defined at:
		line 18 in file "mcc_generated_files/tmr0.c"
 Parameters:    Size  Location     Type
		None
 Auto vars:     Size  Location     Type
		None
 Return value:  Size  Location     Type
                  1    wreg      void 
 Registers used:
		wreg, status,2, cstack
 Tracked objects:
		On entry : 
		On exit  : 
		Unchanged: 
 Data sizes:     COMRAM   BANK0   BANK1   BANK2   BANK3   BANK4   BANK5
      Params:         0       0       0       0       0       0       0
      Locals:         0       0       0       0       0       0       0
      Temps:          0       0       0       0       0       0       0
      Totals:         0       0       0       0       0       0       0
Total ram usage:        0 bytes
 Hardware stack levels used:    1
 Hardware stack levels required when called:    8
 This function calls:
		_TMR0_StartTimer
 This function is called by:
		_SYSTEM_Initialize
 This function uses a non-reentrant model


 *************** function _TMR0_StartTimer *****************
 Defined at:
		line 48 in file "mcc_generated_files/tmr0.c"
 Parameters:    Size  Location     Type
		None
 Auto vars:     Size  Location     Type
		None
 Return value:  Size  Location     Type
                  1    wreg      void 
 Registers used:
		None
 Tracked objects:
		On entry : 
		On exit  : 
		Unchanged: 
 Data sizes:     COMRAM   BANK0   BANK1   BANK2   BANK3   BANK4   BANK5
      Params:         0       0       0       0       0       0       0
      Locals:         0       0       0       0       0       0       0
      Temps:          0       0       0       0       0       0       0
      Totals:         0       0       0       0       0       0       0
Total ram usage:        0 bytes
 Hardware stack levels used:    1
 Hardware stack levels required when called:    7
 This function calls:
		Nothing
 This function is called by:
		_TMR0_Initialize
 This function uses a non-reentrant model


 *************** function _PIN_MANAGER_Initialize *****************
 Defined at:
		line 4 in file "mcc_generated_files/pin_manager.c"
 Parameters:    Size  Location     Type
		None
 Auto vars:     Size  Location     Type
		None
 Return value:  Size  Location     Type
                  1    wreg      void 
 Registers used:
		wreg, status,2
 Tracked objects:
		On entry : 
		On exit  : 
		Unchanged: 
 Data sizes:     COMRAM   BANK0   BANK1   BANK2   BANK3   BANK4   BANK5
      Params:         0       0       0       0       0       0       0
      Locals:         0       0       0       0       0       0       0
      Temps:          0       0       0       0       0       0       0
      Totals:         0       0       0       0       0       0       0
Total ram usage:        0 bytes
 Hardware stack levels used:    1
 Hardware stack levels required when called:    7
 This function calls:
		Nothing
 This function is called by:
		_SYSTEM_Initialize
 This function uses a non-reentrant model


 *************** function _OSCILLATOR_Initialize *****************
 Defined at:
		line 76 in file "mcc_generated_files/mcc.c"
 Parameters:    Size  Location     Type
		None
 Auto vars:     Size  Location     Type
		None
 Return value:  Size  Location     Type
                  1    wreg      void 
 Registers used:
		wreg, status,2
 Tracked objects:
		On entry : 
		On exit  : 
		Unchanged: 
 Data sizes:     COMRAM   BANK0   BANK1   BANK2   BANK3   BANK4   BANK5
      Params:         0       0       0       0       0       0       0
      Locals:         0       0       0       0       0       0       0
      Temps:          0       0       0       0       0       0       0
      Totals:         0       0       0       0       0       0       0
Total ram usage:        0 bytes
 Hardware stack levels used:    1
 Hardware stack levels required when called:    7
 This function calls:
		Nothing
 This function is called by:
		_SYSTEM_Initialize
 This function uses a non-reentrant model


 *************** function _INTERRUPT_Initialize *****************
 Defined at:
		line 5 in file "mcc_generated_files/interrupt_manager.c"
 Parameters:    Size  Location     Type
		None
 Auto vars:     Size  Location     Type
		None
 Return value:  Size  Location     Type
                  1    wreg      void 
 Registers used:
		None
 Tracked objects:
		On entry : 
		On exit  : 
		Unchanged: 
 Data sizes:     COMRAM   BANK0   BANK1   BANK2   BANK3   BANK4   BANK5
      Params:         0       0       0       0       0       0       0
      Locals:         0       0       0       0       0       0       0
      Temps:          0       0       0       0       0       0       0
      Totals:         0       0       0       0       0       0       0
Total ram usage:        0 bytes
 Hardware stack levels used:    1
 Hardware stack levels required when called:    7
 This function calls:
		Nothing
 This function is called by:
		_SYSTEM_Initialize
 This function uses a non-reentrant model


 *************** function _EUSART1_Initialize *****************
 Defined at:
		line 15 in file "mcc_generated_files/eusart1.c"
 Parameters:    Size  Location     Type
		None
 Auto vars:     Size  Location     Type
		None
 Return value:  Size  Location     Type
                  1    wreg      void 
 Registers used:
		wreg, status,2
 Tracked objects:
		On entry : 
		On exit  : 
		Unchanged: 
 Data sizes:     COMRAM   BANK0   BANK1   BANK2   BANK3   BANK4   BANK5
      Params:         0       0       0       0       0       0       0
      Locals:         0       0       0       0       0       0       0
      Temps:          0       0       0       0       0       0       0
      Totals:         0       0       0       0       0       0       0
Total ram usage:        0 bytes
 Hardware stack levels used:    1
 Hardware stack levels required when called:    7
 This function calls:
		Nothing
 This function is called by:
		_SYSTEM_Initialize
 This function uses a non-reentrant model


 *************** function _AppProcess *****************
 Defined at:
		line 101 in file "mcc_generated_files/app.c"
 Parameters:    Size  Location     Type
		None
 Auto vars:     Size  Location     Type
		None
 Return value:  Size  Location     Type
                  2  178[None  ] int 
 Registers used:
		None
 Tracked objects:
		On entry : 
		On exit  : 
		Unchanged: 
 Data sizes:     COMRAM   BANK0   BANK1   BANK2   BANK3   BANK4   BANK5
      Params:         0       0       0       0       0       0       0
      Locals:         0       0       0       0       0       0       0
      Temps:          0       0       0       0       0       0       0
      Totals:         0       0       0       0       0       0       0
Total ram usage:        0 bytes
 Hardware stack levels used:    1
 Hardware stack levels required when called:    7
 This function calls:
		Nothing
 This function is called by:
		_main
 This function uses a non-reentrant model


 *************** function _AppInitialize *****************
 Defined at:
		line 87 in file "mcc_generated_files/app.c"
 Parameters:    Size  Location     Type
		None
 Auto vars:     Size  Location     Type
		None
 Return value:  Size  Location     Type
                  2  174[None  ] int 
 Registers used:
		None
 Tracked objects:
		On entry : 
		On exit  : 
		Unchanged: 
 Data sizes:     COMRAM   BANK0   BANK1   BANK2   BANK3   BANK4   BANK5
      Params:         0       0       0       0       0       0       0
      Locals:         0       0       0       0       0       0       0
      Temps:          0       0       0       0       0       0       0
      Totals:         0       0       0       0       0       0       0
Total ram usage:        0 bytes
 Hardware stack levels used:    1
 Hardware stack levels required when called:    7
 This function calls:
		Nothing
 This function is called by:
		_main
 This function uses a non-reentrant model


 *************** function _INTERRUPT_InterruptManager *****************
 Defined at:
		line 18 in file "mcc_generated_files/interrupt_manager.c"
 Parameters:    Size  Location     Type
		None
 Auto vars:     Size  Location     Type
		None
 Return value:  Size  Location     Type
                  1    wreg      void 
 Registers used:
		wreg, fsr2l, fsr2h, status,2, status,0, prodl, prodh, cstack
 Tracked objects:
		On entry : 
		On exit  : 
		Unchanged: 
 Data sizes:     COMRAM   BANK0   BANK1   BANK2   BANK3   BANK4   BANK5
      Params:         0       0       0       0       0       0       0
      Locals:         0       0       0       0       0       0       0
      Temps:         14       0       0       0       0       0       0
      Totals:        14       0       0       0       0       0       0
Total ram usage:       14 bytes
 Hardware stack levels used:    1
 Hardware stack levels required when called:    6
 This function calls:
		_EUSART1_Receive_ISR
		_EUSART1_Transmit_ISR
		_TMR0_ISR
 This function is called by:
		Interrupt level 2
 This function uses a non-reentrant model


 *************** function _TMR0_ISR *****************
 Defined at:
		line 90 in file "mcc_generated_files/tmr0.c"
 Parameters:    Size  Location     Type
		None
 Auto vars:     Size  Location     Type
		None
 Return value:  Size  Location     Type
                  1    wreg      void 
 Registers used:
		wreg, fsr2l, fsr2h, status,2, status,0, prodl, prodh, cstack
 Tracked objects:
		On entry : 
		On exit  : 
		Unchanged: 
 Data sizes:     COMRAM   BANK0   BANK1   BANK2   BANK3   BANK4   BANK5
      Params:         0       0       0       0       0       0       0
      Locals:         0       0       0       0       0       0       0
      Temps:          0       0       0       0       0       0       0
      Totals:         0       0       0       0       0       0       0
Total ram usage:        0 bytes
 Hardware stack levels used:    1
 Hardware stack levels required when called:    5
 This function calls:
		_TMR0_CallBack
 This function is called by:
		_INTERRUPT_InterruptManager
 This function uses a non-reentrant model


 *************** function _TMR0_CallBack *****************
 Defined at:
		line 109 in file "mcc_generated_files/tmr0.c"
 Parameters:    Size  Location     Type
		None
 Auto vars:     Size  Location     Type
		None
 Return value:  Size  Location     Type
                  1    wreg      void 
 Registers used:
		wreg, fsr2l, fsr2h, status,2, status,0, prodl, prodh, cstack
 Tracked objects:
		On entry : 
		On exit  : 
		Unchanged: 
 Data sizes:     COMRAM   BANK0   BANK1   BANK2   BANK3   BANK4   BANK5
      Params:         0       0       0       0       0       0       0
      Locals:         0       0       0       0       0       0       0
      Temps:          0       0       0       0       0       0       0
      Totals:         0       0       0       0       0       0       0
Total ram usage:        0 bytes
 Hardware stack levels used:    1
 Hardware stack levels required when called:    4
 This function calls:
		_AppTimer30us
 This function is called by:
		_TMR0_ISR
 This function uses a non-reentrant model


 *************** function _AppTimer30us *****************
 Defined at:
		line 451 in file "mcc_generated_files/app.c"
 Parameters:    Size  Location     Type
		None
 Auto vars:     Size  Location     Type
		None
 Return value:  Size  Location     Type
                  2   16[None  ] int 
 Registers used:
		wreg, fsr2l, fsr2h, status,2, status,0, prodl, prodh, cstack
 Tracked objects:
		On entry : 
		On exit  : 
		Unchanged: 
 Data sizes:     COMRAM   BANK0   BANK1   BANK2   BANK3   BANK4   BANK5
      Params:         0       0       0       0       0       0       0
      Locals:         0       0       0       0       0       0       0
      Temps:          0       0       0       0       0       0       0
      Totals:         0       0       0       0       0       0       0
Total ram usage:        0 bytes
 Hardware stack levels used:    1
 Hardware stack levels required when called:    3
 This function calls:
		_AppTimer1ms
 This function is called by:
		_TMR0_CallBack
 This function uses a non-reentrant model


 *************** function _AppTimer1ms *****************
 Defined at:
		line 436 in file "mcc_generated_files/app.c"
 Parameters:    Size  Location     Type
		None
 Auto vars:     Size  Location     Type
		None
 Return value:  Size  Location     Type
                  1    wreg      void 
 Registers used:
		wreg, fsr2l, fsr2h, status,2, status,0, prodl, prodh, cstack
 Tracked objects:
		On entry : 
		On exit  : 
		Unchanged: 
 Data sizes:     COMRAM   BANK0   BANK1   BANK2   BANK3   BANK4   BANK5
      Params:         0       0       0       0       0       0       0
      Locals:         0       0       0       0       0       0       0
      Temps:          0       0       0       0       0       0       0
      Totals:         0       0       0       0       0       0       0
Total ram usage:        0 bytes
 Hardware stack levels used:    1
 Hardware stack levels required when called:    2
 This function calls:
		_SendBuffCh2
 This function is called by:
		_AppTimer30us
 This function uses a non-reentrant model


 *************** function _SendBuffCh2 *****************
 Defined at:
		line 187 in file "mcc_generated_files/app.c"
 Parameters:    Size  Location     Type
  idx_color1      1    wreg     unsigned char 
  idx_color2      1    0[COMRAM] unsigned char 
  idx_color3      1    1[COMRAM] unsigned char 
 Auto vars:     Size  Location     Type
  idx_color1      1    2[COMRAM] unsigned char 
 Return value:  Size  Location     Type
                  1    wreg      void 
 Registers used:
		wreg, fsr2l, fsr2h, status,2, status,0, prodl, prodh, cstack
 Tracked objects:
		On entry : 
		On exit  : 
		Unchanged: 
 Data sizes:     COMRAM   BANK0   BANK1   BANK2   BANK3   BANK4   BANK5
      Params:         2       0       0       0       0       0       0
      Locals:         1       0       0       0       0       0       0
      Temps:          0       0       0       0       0       0       0
      Totals:         3       0       0       0       0       0       0
Total ram usage:        3 bytes
 Hardware stack levels used:    1
 Hardware stack levels required when called:    1
 This function calls:
		_um_0
		_zero_0
 This function is called by:
		_AppTimer1ms
 This function uses a non-reentrant model


 *************** function _zero_0 *****************
 Defined at:
		line 138 in file "mcc_generated_files/app.c"
 Parameters:    Size  Location     Type
		None
 Auto vars:     Size  Location     Type
		None
 Return value:  Size  Location     Type
                  1    wreg      void 
 Registers used:
		None
 Tracked objects:
		On entry : 
		On exit  : 
		Unchanged: 
 Data sizes:     COMRAM   BANK0   BANK1   BANK2   BANK3   BANK4   BANK5
      Params:         0       0       0       0       0       0       0
      Locals:         0       0       0       0       0       0       0
      Temps:          0       0       0       0       0       0       0
      Totals:         0       0       0       0       0       0       0
Total ram usage:        0 bytes
 Hardware stack levels used:    1
 This function calls:
		Nothing
 This function is called by:
		_SendBuffCh2
 This function uses a non-reentrant model


 *************** function _um_0 *****************
 Defined at:
		line 134 in file "mcc_generated_files/app.c"
 Parameters:    Size  Location     Type
		None
 Auto vars:     Size  Location     Type
		None
 Return value:  Size  Location     Type
                  1    wreg      void 
 Registers used:
		None
 Tracked objects:
		On entry : 
		On exit  : 
		Unchanged: 
 Data sizes:     COMRAM   BANK0   BANK1   BANK2   BANK3   BANK4   BANK5
      Params:         0       0       0       0       0       0       0
      Locals:         0       0       0       0       0       0       0
      Temps:          0       0       0       0       0       0       0
      Totals:         0       0       0       0       0       0       0
Total ram usage:        0 bytes
 Hardware stack levels used:    1
 This function calls:
		Nothing
 This function is called by:
		_SendBuffCh2
 This function uses a non-reentrant model


 *************** function _EUSART1_Transmit_ISR *****************
 Defined at:
		line 98 in file "mcc_generated_files/eusart1.c"
 Parameters:    Size  Location     Type
		None
 Auto vars:     Size  Location     Type
		None
 Return value:  Size  Location     Type
                  1    wreg      void 
 Registers used:
		None
 Tracked objects:
		On entry : 
		On exit  : 
		Unchanged: 
 Data sizes:     COMRAM   BANK0   BANK1   BANK2   BANK3   BANK4   BANK5
      Params:         0       0       0       0       0       0       0
      Locals:         0       0       0       0       0       0       0
      Temps:          0       0       0       0       0       0       0
      Totals:         0       0       0       0       0       0       0
Total ram usage:        0 bytes
 Hardware stack levels used:    1
 This function calls:
		Nothing
 This function is called by:
		_INTERRUPT_InterruptManager
 This function uses a non-reentrant model


 *************** function _EUSART1_Receive_ISR *****************
 Defined at:
		line 104 in file "mcc_generated_files/eusart1.c"
 Parameters:    Size  Location     Type
		None
 Auto vars:     Size  Location     Type
  byteReceived    1    8[COMRAM] unsigned char 
 Return value:  Size  Location     Type
                  1    wreg      void 
 Registers used:
		wreg, fsr2l, fsr2h, status,2, status,0, prodl, prodh, cstack
 Tracked objects:
		On entry : 
		On exit  : 
		Unchanged: 
 Data sizes:     COMRAM   BANK0   BANK1   BANK2   BANK3   BANK4   BANK5
      Params:         0       0       0       0       0       0       0
      Locals:         1       0       0       0       0       0       0
      Temps:          0       0       0       0       0       0       0
      Totals:         1       0       0       0       0       0       0
Total ram usage:        1 bytes
 Hardware stack levels used:    1
 Hardware stack levels required when called:    1
 This function calls:
		_AppINT_USART1_RX
 This function is called by:
		_INTERRUPT_InterruptManager
 This function uses a non-reentrant model


 *************** function _AppINT_USART1_RX *****************
 Defined at:
		line 487 in file "mcc_generated_files/app.c"
 Parameters:    Size  Location     Type
  rxData          1    wreg     unsigned char 
 Auto vars:     Size  Location     Type
  rxData          1    7[COMRAM] unsigned char 
 Return value:  Size  Location     Type
                  1    wreg      void 
 Registers used:
		wreg, fsr2l, fsr2h, status,2, status,0, prodl, prodh
 Tracked objects:
		On entry : 
		On exit  : 
		Unchanged: 
 Data sizes:     COMRAM   BANK0   BANK1   BANK2   BANK3   BANK4   BANK5
      Params:         0       0       0       0       0       0       0
      Locals:         1       0       0       0       0       0       0
      Temps:          7       0       0       0       0       0       0
      Totals:         8       0       0       0       0       0       0
Total ram usage:        8 bytes
 Hardware stack levels used:    1
 This function calls:
		Nothing
 This function is called by:
		_EUSART1_Receive_ISR
 This function uses a non-reentrant model



MODULE INFORMATION

Module		Function		Class		Link	Load	Size
mcc_generated_files/interrupt_manager.c
		_INTERRUPT_Initialize		CODE           	077A	0000	11
		_INTERRUPT_InterruptManager		CODE           	0008	0000	165

mcc_generated_files/interrupt_manager.c estimated size: 176

mcc_generated_files/tmr0.c
		_TMR0_CallBack 		CODE           	0794	0000	7
		_TMR0_StartTimer		CODE           	079A	0000	5
		_TMR0_ISR      		CODE           	076A	0000	17
		_TMR0_Initialize		CODE           	0730	0000	23

mcc_generated_files/tmr0.c estimated size: 52

mcc_generated_files/pin_manager.c
		_PIN_MANAGER_Initialize		CODE           	0644	0000	51

mcc_generated_files/pin_manager.c estimated size: 51

mcc_generated_files/app.c
		_AppInitialize 		CODE           	078E	0000	7
		_SendBuffCh2   		CODE           	00B0	0000	773
		_AppTimer1ms   		CODE           	0676	0000	47
		_AppTimer30us  		CODE           	0578	0000	127
		_AppProcess    		CODE           	07A2	0000	3
		_AppINT_USART1_RX		CODE           	03B4	0000	453
		_zero_0        		CODE           	06C8	0000	31
		_um_0          		CODE           	06A4	0000	37

mcc_generated_files/app.c estimated size: 1478

shared
		__initialization		CODE           	05F6	0000	69

shared estimated size: 69

mcc_generated_files/eusart1.c
		_EUSART1_Initialize		CODE           	06E6	0000	29
		_EUSART1_Receive_ISR		CODE           	0702	0000	25
		_EUSART1_Transmit_ISR		CODE           	079E	0000	5

mcc_generated_files/eusart1.c estimated size: 59

mcc_generated_files/mcc.c
		_OSCILLATOR_Initialize		CODE           	0758	0000	19
		_SYSTEM_Initialize		CODE           	071A	0000	23

mcc_generated_files/mcc.c estimated size: 42

main.c
		_main          		CODE           	0746	0000	19

main.c estimated size: 19

