Microchip MPLAB XC8 Compiler V1.41 ()

Linker command line:

--edf=C:\Program Files (x86)\Microchip\xc8\v1.41\dat\en_msgs.txt -cs \
  -h+dist/default/production\StandLEDControllerV1.0.X.production.sym \
  --cmf=dist/default/production\StandLEDControllerV1.0.X.production.cmf -z \
  -Q18F25K22 -oC:\Users\nival\AppData\Local\Temp\s6js.2 \
  -Mdist/default/production/StandLEDControllerV1.0.X.production.map -E1 \
  -ver=XC8 --acfsm=1493 -ASTACK=04C0h-05ffh -pstack=STACK -ACODE=00h-07FFFh \
  -ACONST=00h-07FFFh -ASMALLCONST=0600h-06FFhx122 \
  -AMEDIUMCONST=0600h-07FFFh -ACOMRAM=01h-05Fh -AABS1=00h-05FFh \
  -ABIGRAM=01h-05FFh -ARAM=060h-0FFh,0100h-01FFhx5 -ABANK0=060h-0FFh \
  -ABANK1=0100h-01FFh -ABANK2=0200h-02FFh -ABANK3=0300h-03FFh \
  -ABANK4=0400h-04FFh -ABANK5=0500h-05FFh -ASFR=0F38h-0F5Fh,0F60h-0FFFh \
  -preset_vec=00h,intcode=08h,intcodelo,powerup,init -pramtop=0600h \
  -psmallconst=SMALLCONST -pmediumconst=MEDIUMCONST -pconst=CONST \
  -AFARRAM=00h-00h -ACONFIG=0300000h-030000Dh -pconfig=CONFIG \
  -AIDLOC=0200000h-0200007h -pidloc=IDLOC -AEEDATA=0F00000h-0F000FFh \
  -peeprom_data=EEDATA \
  -prdata=COMRAM,nvrram=COMRAM,nvbit=COMRAM,rbss=COMRAM,rbit=COMRAM \
  -pfarbss=FARRAM,fardata=FARRAM,nvFARRAM=FARRAM \
  -pintsave_regs=BIGRAM,bigbss=BIGRAM,bigdata=BIGRAM -pbss=RAM \
  -pidata=CODE,irdata=CODE,ibigdata=CODE,ifardata=CODE -prparam=COMRAM \
  C:\Users\nival\AppData\Local\Temp\s6js.obj \
  dist/default/production\StandLEDControllerV1.0.X.production.obj 

Object code version is 3.11

Machine type is 18F25K22

Call graph: (short form)




                Name                               Link     Load   Length Selector   Space Scale
C:\Users\nival\AppData\Local\Temp\s6js.obj
                init                                 AC       AC        4        4       0
                reset_vec                             0        0        4        0       0
                idloc                            200000   200000        8   200000       0
                config                           300000   300000        E   300000       0
dist/default/production\StandLEDControllerV1.0.X.production.obj
                intcode                               8        8       A4        4       0
                temp                                 5D       5D        1        1       1
                text42                             158C     158C      14C        4       0
                text41                             1B54     1B54       18        4       0
                text40                             1BF8     1BF8        4      DF0       0
                text39                             1C00     1C00        2      DF0       0
                text38                             1BE0     1BE0        8      DF0       0
                text37                             18F8     18F8       40        4       0
                text36                             1A42     1A42       24        4       0
                text35                             1B1A     1B1A       1E        4       0
                text34                             12B8     12B8      2D4        4       0
                text33                             1A1E     1A1E       24        4       0
                text32                             1AFC     1AFC       1E        4       0
                text31                              FC4      FC4      2F4        4       0
                text30                             19FA     19FA       24        4       0
                text29                             1ADE     1ADE       1E        4       0
                text28                              CC0      CC0      304        4       0
                text27                             19D6     19D6       24        4       0
                text26                             1AC0     1AC0       1E        4       0
                text25                              9BC      9BC      304        4       0
                text24                             19B2     19B2       24        4       0
                text23                             1AA2     1AA2       1E        4       0
                text22                              6B8      6B8      304        4       0
                text21                             198E     198E       24        4       0
                text20                             1A84     1A84       1E        4       0
                text19                              3B4      3B4      304        4       0
                text18                             196A     196A       24        4       0
                text17                             1A66     1A66       1E        4       0
                text16                               B0       B0      304        4       0
                text15                             16D8     16D8      10C        4       0
                text14                             1BFE     1BFE        2      DF0       0
                text13                             186E     186E       8A        4       0
                text12                             1BEE     1BEE        6      DF0       0
                text11                             1BBC     1BBC       10        4       0
                text9                              1BE8     1BE8        6      DF0       0
                text8                              1BFC     1BFC        2      DF0       0
                text7                              1B38     1B38       1C        4       0
                text6                              1BCC     1BCC        A        4       0
                text5                              1BAA     1BAA       12        4       0
                text4                              1938     1938       32        4       0
                text3                              1BF4     1BF4        4      DF0       0
                text2                              1B82     1B82       16        4       0
                text1                              1B6C     1B6C       16        4       0
                text0                              1B98     1B98       12        4       0
                cstackCOMRAM                         3F       3F       15        1       1
                bssBANK4                            400      400       C0      400       1
                bssBANK3                            300      300      100      300       1
                bssBANK2                            200      200      100      200       1
                bssBANK1                            100      100      100      100       1
                bssBANK0                             60       60       95       60       1
                dataCOMRAM                           54       54        9        1       1
                bssCOMRAM                             1        1       3E        1       1
                cinit                              17E4     17E4       8A        4       0
                idataCOMRAM                        1BD6     1BD6        9        4       0

TOTAL           Name                               Link     Load   Length     Space
        CLASS   STACK          

        CLASS   CODE           
                intcode                               8        8       A4         0
                init                                 AC       AC        4         0
                reset_vec                             0        0        4         0
                text42                             158C     158C      14C         0
                text41                             1B54     1B54       18         0
                text40                             1BF8     1BF8        4         0
                text39                             1C00     1C00        2         0
                text38                             1BE0     1BE0        8         0
                text37                             18F8     18F8       40         0
                text36                             1A42     1A42       24         0
                text35                             1B1A     1B1A       1E         0
                text34                             12B8     12B8      2D4         0
                text33                             1A1E     1A1E       24         0
                text32                             1AFC     1AFC       1E         0
                text31                              FC4      FC4      2F4         0
                text30                             19FA     19FA       24         0
                text29                             1ADE     1ADE       1E         0
                text28                              CC0      CC0      304         0
                text27                             19D6     19D6       24         0
                text26                             1AC0     1AC0       1E         0
                text25                              9BC      9BC      304         0
                text24                             19B2     19B2       24         0
                text23                             1AA2     1AA2       1E         0
                text22                              6B8      6B8      304         0
                text21                             198E     198E       24         0
                text20                             1A84     1A84       1E         0
                text19                              3B4      3B4      304         0
                text18                             196A     196A       24         0
                text17                             1A66     1A66       1E         0
                text16                               B0       B0      304         0
                text15                             16D8     16D8      10C         0
                text14                             1BFE     1BFE        2         0
                text13                             186E     186E       8A         0
                text12                             1BEE     1BEE        6         0
                text11                             1BBC     1BBC       10         0
                text9                              1BE8     1BE8        6         0
                text8                              1BFC     1BFC        2         0
                text7                              1B38     1B38       1C         0
                text6                              1BCC     1BCC        A         0
                text5                              1BAA     1BAA       12         0
                text4                              1938     1938       32         0
                text3                              1BF4     1BF4        4         0
                text2                              1B82     1B82       16         0
                text1                              1B6C     1B6C       16         0
                text0                              1B98     1B98       12         0
                cinit                              17E4     17E4       8A         0
                idataCOMRAM                        1BD6     1BD6        9         0

        CLASS   CONST          

        CLASS   SMALLCONST     

        CLASS   MEDIUMCONST    

        CLASS   COMRAM         
                temp                                 5D       5D        1         1
                cstackCOMRAM                         3F       3F       15         1
                dataCOMRAM                           54       54        9         1
                bssCOMRAM                             1        1       3E         1

        CLASS   ABS1           

        CLASS   BIGRAM         

        CLASS   RAM            

        CLASS   BANK0          
                bssBANK0                             60       60       95         1

        CLASS   BANK1          
                bssBANK1                            100      100      100         1

        CLASS   BANK2          
                bssBANK2                            200      200      100         1

        CLASS   BANK3          
                bssBANK3                            300      300      100         1

        CLASS   BANK4          
                bssBANK4                            400      400       C0         1

        CLASS   BANK5          

        CLASS   SFR            

        CLASS   FARRAM         

        CLASS   CONFIG         
                config                           300000   300000        E         0

        CLASS   IDLOC          
                idloc                            200000   200000        8         0

        CLASS   EEDATA         



SEGMENTS        Name                           Load    Length   Top    Selector   Space  Class

                reset_vec                      000000  000004  000004         0       0  CODE    
                bssCOMRAM                      000001  00005D  00005E         1       1  COMRAM  
                intcode                        000008  001BD7  001BDF         4       0  CODE    
                bssBANK0                       000060  000095  0000F5        60       1  BANK0   
                bssBANK1                       000100  000100  000200       100       1  BANK1   
                bssBANK2                       000200  000100  000300       200       1  BANK2   
                bssBANK3                       000300  000100  000400       300       1  BANK3   
                bssBANK4                       000400  0000C0  0004C0       400       1  BANK4   
                text38                         001BE0  000022  001C02       DF0       0  CODE    
                idloc                          200000  000008  200008    200000       0  IDLOC   
                config                         300000  00000E  30000E    300000       0  CONFIG  


UNUSED ADDRESS RANGES

        Name                Unused          Largest block    Delta
        BANK0            0000F5-0000FF                B
        BANK4            0004C0-0004FF               40
        BANK5            000500-0005FF              100
        BIGRAM           00005E-00005F                2
                         0000F5-0000FF                B
                         0004C0-0005FF              140
        CODE             000004-000007                4
                         001BDF-001BDF                1
                         001C02-007FFF             63FE
        COMRAM           00005E-00005F                2
        CONST            000004-000007                4
                         001BDF-001BDF                1
                         001C02-007FFF             63FE
        EEDATA           F00000-F000FF              100
        MEDIUMCONST      001BDF-001BDF                1
                         001C02-007FFF             63FE
        RAM              0000F5-0000FF                B
                         0004C0-0005FF               40
        SFR              000F38-000FFF               28
        SMALLCONST       001BDF-001BDF                1
                         001C02-007FFF              100
        STACK            0004C0-0005FF              140

                                  Symbol Table

AppINT_USART1_RX@Idx2                bssCOMRAM    000021
AppINT_USART1_RX@Idx3                bssCOMRAM    00001F
AppINT_USART1_RX@capturando          bssCOMRAM    00003B
AppINT_USART1_RX@len_package         bssCOMRAM    00001D
AppINT_USART1_RX@rxData              cstackCOMRAM 000044
AppTimer10ms@cnt                     bssCOMRAM    000023
AppTimer30us@count1000ms             dataCOMRAM   000054
AppTimer30us@count100ms              dataCOMRAM   000056
AppTimer30us@count10ms               dataCOMRAM   000058
AppTimer30us@count1ms                dataCOMRAM   00005A
EUSART1_Receive_ISR@byteReceived     cstackCOMRAM 000045
EUSART1_Write@txData                 cstackCOMRAM 00003F
SendBuffCh0@idx                      cstackCOMRAM 00003F
SendBuffCh1@idx                      cstackCOMRAM 00003F
SendBuffCh2@idx                      cstackCOMRAM 00003F
SendBuffCh3@idx                      cstackCOMRAM 00003F
SendBuffCh4@idx                      cstackCOMRAM 00003F
SendBuffCh5@idx                      cstackCOMRAM 00003F
SendBuffCh6@idx                      cstackCOMRAM 00003F
_ANSELA                              (abs)        000F38
_ANSELB                              (abs)        000F39
_ANSELC                              (abs)        000F3A
_AppINT_USART1_RX                    text42       00158C
_AppInitialize                       text9        001BE8
_AppProcess                          text8        001BFC
_AppTimer100ms                       text39       001C00
_AppTimer10ms                        text37       0018F8
_AppTimer1ms                         text15       0016D8
_AppTimer1s                          text14       001BFE
_AppTimer30us                        text13       00186E
_B0                                  bssCOMRAM    000008
_B1                                  bssBANK0     0000E0
_B2                                  bssBANK1     0001C0
_B3                                  bssBANK1     000100
_B4                                  bssBANK2     000240
_B5                                  bssBANK3     000380
_B6                                  bssBANK4     000480
_BAUD1CON                            (abs)        000FB8
_Buffer                              bssBANK4     000400
_CH0                                 bssBANK0     0000EE
_EUSART1_Initialize                  text7        001B38
_EUSART1_Receive_ISR                 text41       001B54
_EUSART1_Transmit_ISR                text40       001BF8
_EUSART1_Write                       text38       001BE0
_G0                                  bssCOMRAM    00000F
_G1                                  bssBANK0     0000E7
_G2                                  bssBANK0     000060
_G3                                  bssBANK1     000140
_G4                                  bssBANK2     000280
_G5                                  bssBANK3     0003C0
_G6                                  bssBANK3     000300
_INTCON2bits                         (abs)        000FF1
_INTCONbits                          (abs)        000FF2
_INTERRUPT_Initialize                text6        001BCC
_INTERRUPT_InterruptManager          intcode      000008
_IPR1bits                            (abs)        000F9F
_Idx                                 bssCOMRAM    00003E
_IdxFrame                            bssCOMRAM    00003D
_LATA                                (abs)        000F89
_LATB                                (abs)        000F8A
_LATB0                               (abs)        007C50
_LATB1                               (abs)        007C51
_LATB2                               (abs)        007C52
_LATB3                               (abs)        007C53
_LATB4                               (abs)        007C54
_LATB5                               (abs)        007C55
_LATC                                (abs)        000F8B
_OSCCON                              (abs)        000FD3
_OSCCON2                             (abs)        000FD2
_OSCILLATOR_Initialize               text5        001BAA
_OSCTUNE                             (abs)        000F9B
_PIE1bits                            (abs)        000F9D
_PIN_MANAGER_Initialize              text4        001938
_PIR1bits                            (abs)        000F9E
_PLLRDY                              (abs)        007E97
_R0                                  bssCOMRAM    000016
_R1                                  bssCOMRAM    000001
_R2                                  bssBANK0     0000A0
_R3                                  bssBANK1     000180
_R4                                  bssBANK2     0002C0
_R5                                  bssBANK2     000200
_R6                                  bssBANK3     000340
_RC1STA                              (abs)        000FAB
_RC1STAbits                          (abs)        000FAB
_RCONbits                            (abs)        000FD0
_RCREG1                              (abs)        000FAE
_SPBRG1                              (abs)        000FAF
_SPBRGH1                             (abs)        000FB0
_SYSTEM_Initialize                   text1        001B6C
_SendBuffCh0                         text34       0012B8
_SendBuffCh1                         text31       000FC4
_SendBuffCh2                         text28       000CC0
_SendBuffCh3                         text25       0009BC
_SendBuffCh4                         text22       0006B8
_SendBuffCh5                         text19       0003B4
_SendBuffCh6                         text16       0000B0
_ShootLedsCh0                        bssCOMRAM    000037
_ShootLedsCh1                        bssCOMRAM    000035
_ShootLedsCh2                        bssCOMRAM    000033
_ShootLedsCh3                        bssCOMRAM    000031
_ShootLedsCh4                        bssCOMRAM    00002F
_ShootLedsCh5                        bssCOMRAM    00002D
_ShootLedsCh6                        bssCOMRAM    00002B
_T0CON                               (abs)        000FD5
_T0CONbits                           (abs)        000FD5
_TMR0H                               (abs)        000FD7
_TMR0L                               (abs)        000FD6
_TMR0_CallBack                       text12       001BEE
_TMR0_ISR                            text11       001BBC
_TMR0_Initialize                     text2        001B82
_TMR0_StartTimer                     text3        001BF4
_TRISA                               (abs)        000F92
_TRISB                               (abs)        000F93
_TRISC                               (abs)        000F94
_TX1STA                              (abs)        000FAC
_TXREG1                              (abs)        000FAD
_WPUB                                (abs)        000F61
__CFG_BOREN$SBORDIS                  (abs)        000000
__CFG_BORV$190                       (abs)        000000
__CFG_CCP2MX$PORTC1                  (abs)        000000
__CFG_CCP3MX$PORTB5                  (abs)        000000
__CFG_CP0$OFF                        (abs)        000000
__CFG_CP1$OFF                        (abs)        000000
__CFG_CP2$OFF                        (abs)        000000
__CFG_CP3$OFF                        (abs)        000000
__CFG_CPB$OFF                        (abs)        000000
__CFG_CPD$OFF                        (abs)        000000
__CFG_EBTR0$OFF                      (abs)        000000
__CFG_EBTR1$OFF                      (abs)        000000
__CFG_EBTR2$OFF                      (abs)        000000
__CFG_EBTR3$OFF                      (abs)        000000
__CFG_EBTRB$OFF                      (abs)        000000
__CFG_FCMEN$OFF                      (abs)        000000
__CFG_FOSC$INTIO67                   (abs)        000000
__CFG_HFOFST$ON                      (abs)        000000
__CFG_IESO$OFF                       (abs)        000000
__CFG_LVP$OFF                        (abs)        000000
__CFG_MCLRE$EXTMCLR                  (abs)        000000
__CFG_P2BMX$PORTB5                   (abs)        000000
__CFG_PBADEN$ON                      (abs)        000000
__CFG_PLLCFG$ON                      (abs)        000000
__CFG_PRICLKEN$ON                    (abs)        000000
__CFG_PWRTEN$OFF                     (abs)        000000
__CFG_STVREN$ON                      (abs)        000000
__CFG_T3CMX$PORTC0                   (abs)        000000
__CFG_WDTEN$OFF                      (abs)        000000
__CFG_WDTPS$32768                    (abs)        000000
__CFG_WRT0$OFF                       (abs)        000000
__CFG_WRT1$OFF                       (abs)        000000
__CFG_WRT2$OFF                       (abs)        000000
__CFG_WRT3$OFF                       (abs)        000000
__CFG_WRTB$OFF                       (abs)        000000
__CFG_WRTC$OFF                       (abs)        000000
__CFG_WRTD$OFF                       (abs)        000000
__CFG_XINST$OFF                      (abs)        000000
__HRAM                               (abs)        000000
__Habs1                              abs1         000000
__Hbank0                             bank0        000000
__Hbank1                             bank1        000000
__Hbank2                             bank2        000000
__Hbank3                             bank3        000000
__Hbank4                             bank4        000000
__Hbank5                             bank5        000000
__Hbigbss                            bigbss       000000
__Hbigdata                           bigdata      000000
__Hbigram                            bigram       000000
__Hbss                               bss          000000
__HbssBANK0                          bssBANK0     000000
__HbssBANK1                          bssBANK1     000000
__HbssBANK2                          bssBANK2     000000
__HbssBANK3                          bssBANK3     000000
__HbssBANK4                          bssBANK4     000000
__HbssCOMRAM                         bssCOMRAM    000000
__Hcinit                             cinit        000000
__Hclrtext                           clrtext      000000
__Hcomram                            comram       000000
__Hconfig                            config       30000E
__Hconst                             const        000000
__HcstackBANK0                       cstackBANK0  000000
__HcstackCOMRAM                      cstackCOMRAM 000000
__Hdata                              data         000000
__HdataCOMRAM                        dataCOMRAM   000000
__Heeprom_data                       eeprom_data  000000
__Hfarbss                            farbss       000000
__Hfardata                           fardata      000000
__Hibigdata                          ibigdata     000000
__Hidata                             idata        000000
__HidataCOMRAM                       idataCOMRAM  000000
__Hidloc                             idloc        200008
__Hifardata                          ifardata     000000
__Hinit                              init         0000B0
__Hintcode                           intcode      0000AC
__Hintcode_body                      intcode_body 000000
__Hintcodelo                         intcodelo    0000AC
__Hintentry                          intentry     000000
__Hintret                            intret       000000
__Hintsave_regs                      intsave_regs 000000
__Hirdata                            irdata       000000
__Hmediumconst                       mediumconst  000000
__HnvFARRAM                          nvFARRAM     000000
__Hnvbit                             nvbit        000000
__Hnvrram                            nvrram       000000
__Hparam                             rparam       000000
__Hpowerup                           powerup      0000AC
__Hram                               ram          000000
__Hramtop                            ramtop       000600
__Hrbit                              rbit         000000
__Hrbss                              rbss         000000
__Hrdata                             rdata        000000
__Hreset_vec                         reset_vec    000004
__Hrparam                            rparam       000000
__Hsfr                               sfr          000000
__Hsmallconst                        smallconst   000000
__Hspace_0                           (abs)        30000E
__Hspace_1                           (abs)        0004C0
__Hspace_2                           (abs)        000000
__Hstack                             stack        000000
__Hstruct                            struct       000000
__Htemp                              temp         00005E
__Htext                              text         000000
__Htext0                             text0        000000
__Htext1                             text1        000000
__Htext11                            text11       000000
__Htext12                            text12       000000
__Htext13                            text13       000000
__Htext14                            text14       000000
__Htext15                            text15       000000
__Htext16                            text16       000000
__Htext17                            text17       000000
__Htext18                            text18       000000
__Htext19                            text19       000000
__Htext2                             text2        000000
__Htext20                            text20       000000
__Htext21                            text21       000000
__Htext22                            text22       000000
__Htext23                            text23       000000
__Htext24                            text24       000000
__Htext25                            text25       000000
__Htext26                            text26       000000
__Htext27                            text27       000000
__Htext28                            text28       000000
__Htext29                            text29       000000
__Htext3                             text3        000000
__Htext30                            text30       000000
__Htext31                            text31       000000
__Htext32                            text32       000000
__Htext33                            text33       000000
__Htext34                            text34       000000
__Htext35                            text35       000000
__Htext36                            text36       000000
__Htext37                            text37       000000
__Htext38                            text38       000000
__Htext39                            text39       000000
__Htext4                             text4        000000
__Htext40                            text40       000000
__Htext41                            text41       000000
__Htext42                            text42       000000
__Htext5                             text5        000000
__Htext6                             text6        000000
__Htext7                             text7        000000
__Htext8                             text8        000000
__Htext9                             text9        000000
__LRAM                               (abs)        000001
__Labs1                              abs1         000000
__Lbank0                             bank0        000000
__Lbank1                             bank1        000000
__Lbank2                             bank2        000000
__Lbank3                             bank3        000000
__Lbank4                             bank4        000000
__Lbank5                             bank5        000000
__Lbigbss                            bigbss       000000
__Lbigdata                           bigdata      000000
__Lbigram                            bigram       000000
__Lbss                               bss          000000
__LbssBANK0                          bssBANK0     000000
__LbssBANK1                          bssBANK1     000000
__LbssBANK2                          bssBANK2     000000
__LbssBANK3                          bssBANK3     000000
__LbssBANK4                          bssBANK4     000000
__LbssCOMRAM                         bssCOMRAM    000000
__Lcinit                             cinit        000000
__Lclrtext                           clrtext      000000
__Lcomram                            comram       000000
__Lconfig                            config       300000
__Lconst                             const        000000
__LcstackBANK0                       cstackBANK0  000000
__LcstackCOMRAM                      cstackCOMRAM 000000
__Ldata                              data         000000
__LdataCOMRAM                        dataCOMRAM   000000
__Leeprom_data                       eeprom_data  000000
__Lfarbss                            farbss       000000
__Lfardata                           fardata      000000
__Libigdata                          ibigdata     000000
__Lidata                             idata        000000
__LidataCOMRAM                       idataCOMRAM  000000
__Lidloc                             idloc        200000
__Lifardata                          ifardata     000000
__Linit                              init         0000AC
__Lintcode                           intcode      000008
__Lintcode_body                      intcode_body 000000
__Lintcodelo                         intcodelo    0000AC
__Lintentry                          intentry     000000
__Lintret                            intret       000000
__Lintsave_regs                      intsave_regs 000000
__Lirdata                            irdata       000000
__Lmediumconst                       mediumconst  000000
__LnvFARRAM                          nvFARRAM     000000
__Lnvbit                             nvbit        000000
__Lnvrram                            nvrram       000000
__Lparam                             rparam       000000
__Lpowerup                           powerup      0000AC
__Lram                               ram          000000
__Lramtop                            ramtop       000600
__Lrbit                              rbit         000000
__Lrbss                              rbss         000000
__Lrdata                             rdata        000000
__Lreset_vec                         reset_vec    000000
__Lrparam                            rparam       000000
__Lsfr                               sfr          000000
__Lsmallconst                        smallconst   000000
__Lspace_0                           (abs)        000000
__Lspace_1                           (abs)        000000
__Lspace_2                           (abs)        000000
__Lstack                             stack        000000
__Lstruct                            struct       000000
__Ltemp                              temp         00005D
__Ltext                              text         000000
__Ltext0                             text0        000000
__Ltext1                             text1        000000
__Ltext11                            text11       000000
__Ltext12                            text12       000000
__Ltext13                            text13       000000
__Ltext14                            text14       000000
__Ltext15                            text15       000000
__Ltext16                            text16       000000
__Ltext17                            text17       000000
__Ltext18                            text18       000000
__Ltext19                            text19       000000
__Ltext2                             text2        000000
__Ltext20                            text20       000000
__Ltext21                            text21       000000
__Ltext22                            text22       000000
__Ltext23                            text23       000000
__Ltext24                            text24       000000
__Ltext25                            text25       000000
__Ltext26                            text26       000000
__Ltext27                            text27       000000
__Ltext28                            text28       000000
__Ltext29                            text29       000000
__Ltext3                             text3        000000
__Ltext30                            text30       000000
__Ltext31                            text31       000000
__Ltext32                            text32       000000
__Ltext33                            text33       000000
__Ltext34                            text34       000000
__Ltext35                            text35       000000
__Ltext36                            text36       000000
__Ltext37                            text37       000000
__Ltext38                            text38       000000
__Ltext39                            text39       000000
__Ltext4                             text4        000000
__Ltext40                            text40       000000
__Ltext41                            text41       000000
__Ltext42                            text42       000000
__Ltext5                             text5        000000
__Ltext6                             text6        000000
__Ltext7                             text7        000000
__Ltext8                             text8        000000
__Ltext9                             text9        000000
__S0                                 (abs)        30000E
__S1                                 (abs)        0004C0
__S2                                 (abs)        000000
___inthi_sp                          stack        000000
___intlo_sp                          stack        000000
___param_bank                        (abs)        000000
___rparam_used                       (abs)        000001
___sp                                stack        000000
__accesstop                          (abs)        000060
__activetblptr                       (abs)        000000
__end_of_AppINT_USART1_RX            text42       0016D8
__end_of_AppInitialize               text9        001BEE
__end_of_AppProcess                  text8        001BFE
__end_of_AppTimer100ms               text39       001C02
__end_of_AppTimer10ms                text37       001938
__end_of_AppTimer1ms                 text15       0017E4
__end_of_AppTimer1s                  text14       001C00
__end_of_AppTimer30us                text13       0018F8
__end_of_EUSART1_Initialize          text7        001B54
__end_of_EUSART1_Receive_ISR         text41       001B6C
__end_of_EUSART1_Transmit_ISR        text40       001BFC
__end_of_EUSART1_Write               text38       001BE8
__end_of_INTERRUPT_Initialize        text6        001BD6
__end_of_INTERRUPT_InterruptManager  intcode      0000AC
__end_of_OSCILLATOR_Initialize       text5        001BBC
__end_of_PIN_MANAGER_Initialize      text4        00196A
__end_of_SYSTEM_Initialize           text1        001B82
__end_of_SendBuffCh0                 text34       00158C
__end_of_SendBuffCh1                 text31       0012B8
__end_of_SendBuffCh2                 text28       000FC4
__end_of_SendBuffCh3                 text25       000CC0
__end_of_SendBuffCh4                 text22       0009BC
__end_of_SendBuffCh5                 text19       0006B8
__end_of_SendBuffCh6                 text16       0003B4
__end_of_TMR0_CallBack               text12       001BF4
__end_of_TMR0_ISR                    text11       001BCC
__end_of_TMR0_Initialize             text2        001B98
__end_of_TMR0_StartTimer             text3        001BF8
__end_of__initialization             cinit        001864
__end_of_main                        text0        001BAA
__end_of_um_0                        text36       001A66
__end_of_um_1                        text33       001A42
__end_of_um_2                        text30       001A1E
__end_of_um_3                        text27       0019FA
__end_of_um_4                        text24       0019D6
__end_of_um_5                        text21       0019B2
__end_of_um_6                        text18       00198E
__end_of_zero_0                      text35       001B38
__end_of_zero_1                      text32       001B1A
__end_of_zero_2                      text29       001AFC
__end_of_zero_3                      text26       001ADE
__end_of_zero_4                      text23       001AC0
__end_of_zero_5                      text20       001AA2
__end_of_zero_6                      text17       001A84
__initialization                     cinit        0017E4
__mediumconst                        mediumconst  000000
__pbssBANK0                          bssBANK0     000060
__pbssBANK1                          bssBANK1     000100
__pbssBANK2                          bssBANK2     000200
__pbssBANK3                          bssBANK3     000300
__pbssBANK4                          bssBANK4     000400
__pbssCOMRAM                         bssCOMRAM    000001
__pcinit                             cinit        0017E4
__pcstackBANK0                       cstackBANK0  000000
__pcstackCOMRAM                      cstackCOMRAM 00003F
__pdataCOMRAM                        dataCOMRAM   000054
__pidataCOMRAM                       idataCOMRAM  001BD6
__pintcode                           intcode      000008
__ptext0                             text0        001B98
__ptext1                             text1        001B6C
__ptext11                            text11       001BBC
__ptext12                            text12       001BEE
__ptext13                            text13       00186E
__ptext14                            text14       001BFE
__ptext15                            text15       0016D8
__ptext16                            text16       0000B0
__ptext17                            text17       001A66
__ptext18                            text18       00196A
__ptext19                            text19       0003B4
__ptext2                             text2        001B82
__ptext20                            text20       001A84
__ptext21                            text21       00198E
__ptext22                            text22       0006B8
__ptext23                            text23       001AA2
__ptext24                            text24       0019B2
__ptext25                            text25       0009BC
__ptext26                            text26       001AC0
__ptext27                            text27       0019D6
__ptext28                            text28       000CC0
__ptext29                            text29       001ADE
__ptext3                             text3        001BF4
__ptext30                            text30       0019FA
__ptext31                            text31       000FC4
__ptext32                            text32       001AFC
__ptext33                            text33       001A1E
__ptext34                            text34       0012B8
__ptext35                            text35       001B1A
__ptext36                            text36       001A42
__ptext37                            text37       0018F8
__ptext38                            text38       001BE0
__ptext39                            text39       001C00
__ptext4                             text4        001938
__ptext40                            text40       001BF8
__ptext41                            text41       001B54
__ptext42                            text42       00158C
__ptext5                             text5        001BAA
__ptext6                             text6        001BCC
__ptext7                             text7        001B38
__ptext8                             text8        001BFC
__ptext9                             text9        001BE8
__ramtop                             ramtop       000600
__size_of_AppINT_USART1_RX           (abs)        000000
__size_of_AppInitialize              (abs)        000000
__size_of_AppProcess                 (abs)        000000
__size_of_AppTimer100ms              (abs)        000000
__size_of_AppTimer10ms               (abs)        000000
__size_of_AppTimer1ms                (abs)        000000
__size_of_AppTimer1s                 (abs)        000000
__size_of_AppTimer30us               (abs)        000000
__size_of_EUSART1_Initialize         (abs)        000000
__size_of_EUSART1_Receive_ISR        (abs)        000000
__size_of_EUSART1_Transmit_ISR       (abs)        000000
__size_of_EUSART1_Write              (abs)        000000
__size_of_INTERRUPT_Initialize       (abs)        000000
__size_of_INTERRUPT_InterruptManager (abs)        000000
__size_of_OSCILLATOR_Initialize      (abs)        000000
__size_of_PIN_MANAGER_Initialize     (abs)        000000
__size_of_SYSTEM_Initialize          (abs)        000000
__size_of_SendBuffCh0                (abs)        000000
__size_of_SendBuffCh1                (abs)        000000
__size_of_SendBuffCh2                (abs)        000000
__size_of_SendBuffCh3                (abs)        000000
__size_of_SendBuffCh4                (abs)        000000
__size_of_SendBuffCh5                (abs)        000000
__size_of_SendBuffCh6                (abs)        000000
__size_of_TMR0_CallBack              (abs)        000000
__size_of_TMR0_ISR                   (abs)        000000
__size_of_TMR0_Initialize            (abs)        000000
__size_of_TMR0_StartTimer            (abs)        000000
__size_of_main                       (abs)        000000
__size_of_um_0                       (abs)        000000
__size_of_um_1                       (abs)        000000
__size_of_um_2                       (abs)        000000
__size_of_um_3                       (abs)        000000
__size_of_um_4                       (abs)        000000
__size_of_um_5                       (abs)        000000
__size_of_um_6                       (abs)        000000
__size_of_zero_0                     (abs)        000000
__size_of_zero_1                     (abs)        000000
__size_of_zero_2                     (abs)        000000
__size_of_zero_3                     (abs)        000000
__size_of_zero_4                     (abs)        000000
__size_of_zero_5                     (abs)        000000
__size_of_zero_6                     (abs)        000000
__smallconst                         smallconst   000000
_ch0_len                             bssCOMRAM    000025
_channel                             bssCOMRAM    000029
_ftest                               dataCOMRAM   00005C
_main                                text0        001B98
_send_ch0                            bssCOMRAM    00003C
_timer0ReloadVal16bit                bssCOMRAM    000039
_type                                bssCOMRAM    000027
_um_0                                text36       001A42
_um_1                                text33       001A1E
_um_2                                text30       0019FA
_um_3                                text27       0019D6
_um_4                                text24       0019B2
_um_5                                text21       00198E
_um_6                                text18       00196A
_zero_0                              text35       001B1A
_zero_1                              text32       001AFC
_zero_2                              text29       001ADE
_zero_3                              text26       001AC0
_zero_4                              text23       001AA2
_zero_5                              text20       001A84
_zero_6                              text17       001A66
btemp                                temp         00005D
end_of_initialization                cinit        001864
int$flags                            temp         00005D
intlevel0                            text         000000
intlevel1                            text         000000
intlevel2                            text         000000
intlevel3                            text         000000
stackhi                              (abs)        0005FF
stacklo                              (abs)        0004C0
start                                init         0000AC
start_initialization                 cinit        0017E4


FUNCTION INFORMATION:

 *************** function _main *****************
 Defined at:
		line 5 in file "main.c"
 Parameters:    Size  Location     Type
		None
 Auto vars:     Size  Location     Type
		None
 Return value:  Size  Location     Type
                  1    wreg      void 
 Registers used:
		wreg, status,2, cstack
 Tracked objects:
		On entry : 
		On exit  : 
		Unchanged: 
 Data sizes:     COMRAM   BANK0   BANK1   BANK2   BANK3   BANK4   BANK5
      Params:         0       0       0       0       0       0       0
      Locals:         0       0       0       0       0       0       0
      Temps:          0       0       0       0       0       0       0
      Totals:         0       0       0       0       0       0       0
Total ram usage:        0 bytes
 Hardware stack levels required when called:   10
 This function calls:
		_AppInitialize
		_AppProcess
		_SYSTEM_Initialize
 This function is called by:
		Startup code after reset
 This function uses a non-reentrant model


 *************** function _SYSTEM_Initialize *****************
 Defined at:
		line 66 in file "mcc_generated_files/mcc.c"
 Parameters:    Size  Location     Type
		None
 Auto vars:     Size  Location     Type
		None
 Return value:  Size  Location     Type
                  1    wreg      void 
 Registers used:
		wreg, status,2, cstack
 Tracked objects:
		On entry : 
		On exit  : 
		Unchanged: 
 Data sizes:     COMRAM   BANK0   BANK1   BANK2   BANK3   BANK4   BANK5
      Params:         0       0       0       0       0       0       0
      Locals:         0       0       0       0       0       0       0
      Temps:          0       0       0       0       0       0       0
      Totals:         0       0       0       0       0       0       0
Total ram usage:        0 bytes
 Hardware stack levels used:    1
 Hardware stack levels required when called:    9
 This function calls:
		_EUSART1_Initialize
		_INTERRUPT_Initialize
		_OSCILLATOR_Initialize
		_PIN_MANAGER_Initialize
		_TMR0_Initialize
 This function is called by:
		_main
 This function uses a non-reentrant model


 *************** function _TMR0_Initialize *****************
 Defined at:
		line 18 in file "mcc_generated_files/tmr0.c"
 Parameters:    Size  Location     Type
		None
 Auto vars:     Size  Location     Type
		None
 Return value:  Size  Location     Type
                  1    wreg      void 
 Registers used:
		wreg, status,2, cstack
 Tracked objects:
		On entry : 
		On exit  : 
		Unchanged: 
 Data sizes:     COMRAM   BANK0   BANK1   BANK2   BANK3   BANK4   BANK5
      Params:         0       0       0       0       0       0       0
      Locals:         0       0       0       0       0       0       0
      Temps:          0       0       0       0       0       0       0
      Totals:         0       0       0       0       0       0       0
Total ram usage:        0 bytes
 Hardware stack levels used:    1
 Hardware stack levels required when called:    8
 This function calls:
		_TMR0_StartTimer
 This function is called by:
		_SYSTEM_Initialize
 This function uses a non-reentrant model


 *************** function _TMR0_StartTimer *****************
 Defined at:
		line 48 in file "mcc_generated_files/tmr0.c"
 Parameters:    Size  Location     Type
		None
 Auto vars:     Size  Location     Type
		None
 Return value:  Size  Location     Type
                  1    wreg      void 
 Registers used:
		None
 Tracked objects:
		On entry : 
		On exit  : 
		Unchanged: 
 Data sizes:     COMRAM   BANK0   BANK1   BANK2   BANK3   BANK4   BANK5
      Params:         0       0       0       0       0       0       0
      Locals:         0       0       0       0       0       0       0
      Temps:          0       0       0       0       0       0       0
      Totals:         0       0       0       0       0       0       0
Total ram usage:        0 bytes
 Hardware stack levels used:    1
 Hardware stack levels required when called:    7
 This function calls:
		Nothing
 This function is called by:
		_TMR0_Initialize
 This function uses a non-reentrant model


 *************** function _PIN_MANAGER_Initialize *****************
 Defined at:
		line 4 in file "mcc_generated_files/pin_manager.c"
 Parameters:    Size  Location     Type
		None
 Auto vars:     Size  Location     Type
		None
 Return value:  Size  Location     Type
                  1    wreg      void 
 Registers used:
		wreg, status,2
 Tracked objects:
		On entry : 
		On exit  : 
		Unchanged: 
 Data sizes:     COMRAM   BANK0   BANK1   BANK2   BANK3   BANK4   BANK5
      Params:         0       0       0       0       0       0       0
      Locals:         0       0       0       0       0       0       0
      Temps:          0       0       0       0       0       0       0
      Totals:         0       0       0       0       0       0       0
Total ram usage:        0 bytes
 Hardware stack levels used:    1
 Hardware stack levels required when called:    7
 This function calls:
		Nothing
 This function is called by:
		_SYSTEM_Initialize
 This function uses a non-reentrant model


 *************** function _OSCILLATOR_Initialize *****************
 Defined at:
		line 76 in file "mcc_generated_files/mcc.c"
 Parameters:    Size  Location     Type
		None
 Auto vars:     Size  Location     Type
		None
 Return value:  Size  Location     Type
                  1    wreg      void 
 Registers used:
		wreg, status,2
 Tracked objects:
		On entry : 
		On exit  : 
		Unchanged: 
 Data sizes:     COMRAM   BANK0   BANK1   BANK2   BANK3   BANK4   BANK5
      Params:         0       0       0       0       0       0       0
      Locals:         0       0       0       0       0       0       0
      Temps:          0       0       0       0       0       0       0
      Totals:         0       0       0       0       0       0       0
Total ram usage:        0 bytes
 Hardware stack levels used:    1
 Hardware stack levels required when called:    7
 This function calls:
		Nothing
 This function is called by:
		_SYSTEM_Initialize
 This function uses a non-reentrant model


 *************** function _INTERRUPT_Initialize *****************
 Defined at:
		line 5 in file "mcc_generated_files/interrupt_manager.c"
 Parameters:    Size  Location     Type
		None
 Auto vars:     Size  Location     Type
		None
 Return value:  Size  Location     Type
                  1    wreg      void 
 Registers used:
		None
 Tracked objects:
		On entry : 
		On exit  : 
		Unchanged: 
 Data sizes:     COMRAM   BANK0   BANK1   BANK2   BANK3   BANK4   BANK5
      Params:         0       0       0       0       0       0       0
      Locals:         0       0       0       0       0       0       0
      Temps:          0       0       0       0       0       0       0
      Totals:         0       0       0       0       0       0       0
Total ram usage:        0 bytes
 Hardware stack levels used:    1
 Hardware stack levels required when called:    7
 This function calls:
		Nothing
 This function is called by:
		_SYSTEM_Initialize
 This function uses a non-reentrant model


 *************** function _EUSART1_Initialize *****************
 Defined at:
		line 15 in file "mcc_generated_files/eusart1.c"
 Parameters:    Size  Location     Type
		None
 Auto vars:     Size  Location     Type
		None
 Return value:  Size  Location     Type
                  1    wreg      void 
 Registers used:
		wreg, status,2
 Tracked objects:
		On entry : 
		On exit  : 
		Unchanged: 
 Data sizes:     COMRAM   BANK0   BANK1   BANK2   BANK3   BANK4   BANK5
      Params:         0       0       0       0       0       0       0
      Locals:         0       0       0       0       0       0       0
      Temps:          0       0       0       0       0       0       0
      Totals:         0       0       0       0       0       0       0
Total ram usage:        0 bytes
 Hardware stack levels used:    1
 Hardware stack levels required when called:    7
 This function calls:
		Nothing
 This function is called by:
		_SYSTEM_Initialize
 This function uses a non-reentrant model


 *************** function _AppProcess *****************
 Defined at:
		line 110 in file "mcc_generated_files/app.c"
 Parameters:    Size  Location     Type
		None
 Auto vars:     Size  Location     Type
		None
 Return value:  Size  Location     Type
                  2  178[None  ] int 
 Registers used:
		None
 Tracked objects:
		On entry : 
		On exit  : 
		Unchanged: 
 Data sizes:     COMRAM   BANK0   BANK1   BANK2   BANK3   BANK4   BANK5
      Params:         0       0       0       0       0       0       0
      Locals:         0       0       0       0       0       0       0
      Temps:          0       0       0       0       0       0       0
      Totals:         0       0       0       0       0       0       0
Total ram usage:        0 bytes
 Hardware stack levels used:    1
 Hardware stack levels required when called:    7
 This function calls:
		Nothing
 This function is called by:
		_main
 This function uses a non-reentrant model


 *************** function _AppInitialize *****************
 Defined at:
		line 96 in file "mcc_generated_files/app.c"
 Parameters:    Size  Location     Type
		None
 Auto vars:     Size  Location     Type
		None
 Return value:  Size  Location     Type
                  2  174[None  ] int 
 Registers used:
		None
 Tracked objects:
		On entry : 
		On exit  : 
		Unchanged: 
 Data sizes:     COMRAM   BANK0   BANK1   BANK2   BANK3   BANK4   BANK5
      Params:         0       0       0       0       0       0       0
      Locals:         0       0       0       0       0       0       0
      Temps:          0       0       0       0       0       0       0
      Totals:         0       0       0       0       0       0       0
Total ram usage:        0 bytes
 Hardware stack levels used:    1
 Hardware stack levels required when called:    7
 This function calls:
		Nothing
 This function is called by:
		_main
 This function uses a non-reentrant model


 *************** function _INTERRUPT_InterruptManager *****************
 Defined at:
		line 18 in file "mcc_generated_files/interrupt_manager.c"
 Parameters:    Size  Location     Type
		None
 Auto vars:     Size  Location     Type
		None
 Return value:  Size  Location     Type
                  1    wreg      void 
 Registers used:
		wreg, fsr2l, fsr2h, status,2, status,0, prodl, prodh, cstack
 Tracked objects:
		On entry : 
		On exit  : 
		Unchanged: 
 Data sizes:     COMRAM   BANK0   BANK1   BANK2   BANK3   BANK4   BANK5
      Params:         0       0       0       0       0       0       0
      Locals:         0       0       0       0       0       0       0
      Temps:         14       0       0       0       0       0       0
      Totals:        14       0       0       0       0       0       0
Total ram usage:       14 bytes
 Hardware stack levels used:    1
 Hardware stack levels required when called:    6
 This function calls:
		_EUSART1_Receive_ISR
		_EUSART1_Transmit_ISR
		_TMR0_ISR
 This function is called by:
		Interrupt level 2
 This function uses a non-reentrant model


 *************** function _TMR0_ISR *****************
 Defined at:
		line 90 in file "mcc_generated_files/tmr0.c"
 Parameters:    Size  Location     Type
		None
 Auto vars:     Size  Location     Type
		None
 Return value:  Size  Location     Type
                  1    wreg      void 
 Registers used:
		wreg, fsr2l, fsr2h, status,2, status,0, prodl, prodh, cstack
 Tracked objects:
		On entry : 
		On exit  : 
		Unchanged: 
 Data sizes:     COMRAM   BANK0   BANK1   BANK2   BANK3   BANK4   BANK5
      Params:         0       0       0       0       0       0       0
      Locals:         0       0       0       0       0       0       0
      Temps:          0       0       0       0       0       0       0
      Totals:         0       0       0       0       0       0       0
Total ram usage:        0 bytes
 Hardware stack levels used:    1
 Hardware stack levels required when called:    5
 This function calls:
		_TMR0_CallBack
 This function is called by:
		_INTERRUPT_InterruptManager
 This function uses a non-reentrant model


 *************** function _TMR0_CallBack *****************
 Defined at:
		line 109 in file "mcc_generated_files/tmr0.c"
 Parameters:    Size  Location     Type
		None
 Auto vars:     Size  Location     Type
		None
 Return value:  Size  Location     Type
                  1    wreg      void 
 Registers used:
		wreg, fsr2l, fsr2h, status,2, status,0, prodl, prodh, cstack
 Tracked objects:
		On entry : 
		On exit  : 
		Unchanged: 
 Data sizes:     COMRAM   BANK0   BANK1   BANK2   BANK3   BANK4   BANK5
      Params:         0       0       0       0       0       0       0
      Locals:         0       0       0       0       0       0       0
      Temps:          0       0       0       0       0       0       0
      Totals:         0       0       0       0       0       0       0
Total ram usage:        0 bytes
 Hardware stack levels used:    1
 Hardware stack levels required when called:    4
 This function calls:
		_AppTimer30us
 This function is called by:
		_TMR0_ISR
 This function uses a non-reentrant model


 *************** function _AppTimer30us *****************
 Defined at:
		line 531 in file "mcc_generated_files/app.c"
 Parameters:    Size  Location     Type
		None
 Auto vars:     Size  Location     Type
		None
 Return value:  Size  Location     Type
                  2   16[None  ] int 
 Registers used:
		wreg, fsr2l, fsr2h, status,2, status,0, prodl, prodh, cstack
 Tracked objects:
		On entry : 
		On exit  : 
		Unchanged: 
 Data sizes:     COMRAM   BANK0   BANK1   BANK2   BANK3   BANK4   BANK5
      Params:         0       0       0       0       0       0       0
      Locals:         0       0       0       0       0       0       0
      Temps:          0       0       0       0       0       0       0
      Totals:         0       0       0       0       0       0       0
Total ram usage:        0 bytes
 Hardware stack levels used:    1
 Hardware stack levels required when called:    3
 This function calls:
		_AppTimer100ms
		_AppTimer10ms
		_AppTimer1ms
		_AppTimer1s
 This function is called by:
		_TMR0_CallBack
 This function uses a non-reentrant model


 *************** function _AppTimer1s *****************
 Defined at:
		line 459 in file "mcc_generated_files/app.c"
 Parameters:    Size  Location     Type
		None
 Auto vars:     Size  Location     Type
		None
 Return value:  Size  Location     Type
                  1    wreg      void 
 Registers used:
		None
 Tracked objects:
		On entry : 
		On exit  : 
		Unchanged: 
 Data sizes:     COMRAM   BANK0   BANK1   BANK2   BANK3   BANK4   BANK5
      Params:         0       0       0       0       0       0       0
      Locals:         0       0       0       0       0       0       0
      Temps:          0       0       0       0       0       0       0
      Totals:         0       0       0       0       0       0       0
Total ram usage:        0 bytes
 Hardware stack levels used:    1
 This function calls:
		Nothing
 This function is called by:
		_AppTimer30us
 This function uses a non-reentrant model


 *************** function _AppTimer1ms *****************
 Defined at:
		line 488 in file "mcc_generated_files/app.c"
 Parameters:    Size  Location     Type
		None
 Auto vars:     Size  Location     Type
		None
 Return value:  Size  Location     Type
                  1    wreg      void 
 Registers used:
		wreg, fsr2l, fsr2h, status,2, status,0, prodl, prodh, cstack
 Tracked objects:
		On entry : 
		On exit  : 
		Unchanged: 
 Data sizes:     COMRAM   BANK0   BANK1   BANK2   BANK3   BANK4   BANK5
      Params:         0       0       0       0       0       0       0
      Locals:         0       0       0       0       0       0       0
      Temps:          0       0       0       0       0       0       0
      Totals:         0       0       0       0       0       0       0
Total ram usage:        0 bytes
 Hardware stack levels used:    1
 Hardware stack levels required when called:    2
 This function calls:
		_SendBuffCh0
		_SendBuffCh1
		_SendBuffCh2
		_SendBuffCh3
		_SendBuffCh4
		_SendBuffCh5
		_SendBuffCh6
 This function is called by:
		_AppTimer30us
 This function uses a non-reentrant model


 *************** function _SendBuffCh6 *****************
 Defined at:
		line 371 in file "mcc_generated_files/app.c"
 Parameters:    Size  Location     Type
  idx             1    wreg     unsigned char 
 Auto vars:     Size  Location     Type
  idx             1    0[COMRAM] unsigned char 
 Return value:  Size  Location     Type
                  1    wreg      void 
 Registers used:
		wreg, fsr2l, fsr2h, status,2, status,0, prodl, prodh, cstack
 Tracked objects:
		On entry : 
		On exit  : 
		Unchanged: 
 Data sizes:     COMRAM   BANK0   BANK1   BANK2   BANK3   BANK4   BANK5
      Params:         0       0       0       0       0       0       0
      Locals:         1       0       0       0       0       0       0
      Temps:          0       0       0       0       0       0       0
      Totals:         1       0       0       0       0       0       0
Total ram usage:        1 bytes
 Hardware stack levels used:    1
 Hardware stack levels required when called:    1
 This function calls:
		_um_6
		_zero_6
 This function is called by:
		_AppTimer1ms
 This function uses a non-reentrant model


 *************** function _zero_6 *****************
 Defined at:
		line 189 in file "mcc_generated_files/app.c"
 Parameters:    Size  Location     Type
		None
 Auto vars:     Size  Location     Type
		None
 Return value:  Size  Location     Type
                  1    wreg      void 
 Registers used:
		None
 Tracked objects:
		On entry : 
		On exit  : 
		Unchanged: 
 Data sizes:     COMRAM   BANK0   BANK1   BANK2   BANK3   BANK4   BANK5
      Params:         0       0       0       0       0       0       0
      Locals:         0       0       0       0       0       0       0
      Temps:          0       0       0       0       0       0       0
      Totals:         0       0       0       0       0       0       0
Total ram usage:        0 bytes
 Hardware stack levels used:    1
 This function calls:
		Nothing
 This function is called by:
		_SendBuffCh6
 This function uses a non-reentrant model


 *************** function _um_6 *****************
 Defined at:
		line 185 in file "mcc_generated_files/app.c"
 Parameters:    Size  Location     Type
		None
 Auto vars:     Size  Location     Type
		None
 Return value:  Size  Location     Type
                  1    wreg      void 
 Registers used:
		None
 Tracked objects:
		On entry : 
		On exit  : 
		Unchanged: 
 Data sizes:     COMRAM   BANK0   BANK1   BANK2   BANK3   BANK4   BANK5
      Params:         0       0       0       0       0       0       0
      Locals:         0       0       0       0       0       0       0
      Temps:          0       0       0       0       0       0       0
      Totals:         0       0       0       0       0       0       0
Total ram usage:        0 bytes
 Hardware stack levels used:    1
 This function calls:
		Nothing
 This function is called by:
		_SendBuffCh6
 This function uses a non-reentrant model


 *************** function _SendBuffCh5 *****************
 Defined at:
		line 342 in file "mcc_generated_files/app.c"
 Parameters:    Size  Location     Type
  idx             1    wreg     unsigned char 
 Auto vars:     Size  Location     Type
  idx             1    0[COMRAM] unsigned char 
 Return value:  Size  Location     Type
                  1    wreg      void 
 Registers used:
		wreg, fsr2l, fsr2h, status,2, status,0, prodl, prodh, cstack
 Tracked objects:
		On entry : 
		On exit  : 
		Unchanged: 
 Data sizes:     COMRAM   BANK0   BANK1   BANK2   BANK3   BANK4   BANK5
      Params:         0       0       0       0       0       0       0
      Locals:         1       0       0       0       0       0       0
      Temps:          0       0       0       0       0       0       0
      Totals:         1       0       0       0       0       0       0
Total ram usage:        1 bytes
 Hardware stack levels used:    1
 Hardware stack levels required when called:    1
 This function calls:
		_um_5
		_zero_5
 This function is called by:
		_AppTimer1ms
 This function uses a non-reentrant model


 *************** function _zero_5 *****************
 Defined at:
		line 182 in file "mcc_generated_files/app.c"
 Parameters:    Size  Location     Type
		None
 Auto vars:     Size  Location     Type
		None
 Return value:  Size  Location     Type
                  1    wreg      void 
 Registers used:
		None
 Tracked objects:
		On entry : 
		On exit  : 
		Unchanged: 
 Data sizes:     COMRAM   BANK0   BANK1   BANK2   BANK3   BANK4   BANK5
      Params:         0       0       0       0       0       0       0
      Locals:         0       0       0       0       0       0       0
      Temps:          0       0       0       0       0       0       0
      Totals:         0       0       0       0       0       0       0
Total ram usage:        0 bytes
 Hardware stack levels used:    1
 This function calls:
		Nothing
 This function is called by:
		_SendBuffCh5
 This function uses a non-reentrant model


 *************** function _um_5 *****************
 Defined at:
		line 178 in file "mcc_generated_files/app.c"
 Parameters:    Size  Location     Type
		None
 Auto vars:     Size  Location     Type
		None
 Return value:  Size  Location     Type
                  1    wreg      void 
 Registers used:
		None
 Tracked objects:
		On entry : 
		On exit  : 
		Unchanged: 
 Data sizes:     COMRAM   BANK0   BANK1   BANK2   BANK3   BANK4   BANK5
      Params:         0       0       0       0       0       0       0
      Locals:         0       0       0       0       0       0       0
      Temps:          0       0       0       0       0       0       0
      Totals:         0       0       0       0       0       0       0
Total ram usage:        0 bytes
 Hardware stack levels used:    1
 This function calls:
		Nothing
 This function is called by:
		_SendBuffCh5
 This function uses a non-reentrant model


 *************** function _SendBuffCh4 *****************
 Defined at:
		line 313 in file "mcc_generated_files/app.c"
 Parameters:    Size  Location     Type
  idx             1    wreg     unsigned char 
 Auto vars:     Size  Location     Type
  idx             1    0[COMRAM] unsigned char 
 Return value:  Size  Location     Type
                  1    wreg      void 
 Registers used:
		wreg, fsr2l, fsr2h, status,2, status,0, prodl, prodh, cstack
 Tracked objects:
		On entry : 
		On exit  : 
		Unchanged: 
 Data sizes:     COMRAM   BANK0   BANK1   BANK2   BANK3   BANK4   BANK5
      Params:         0       0       0       0       0       0       0
      Locals:         1       0       0       0       0       0       0
      Temps:          0       0       0       0       0       0       0
      Totals:         1       0       0       0       0       0       0
Total ram usage:        1 bytes
 Hardware stack levels used:    1
 Hardware stack levels required when called:    1
 This function calls:
		_um_4
		_zero_4
 This function is called by:
		_AppTimer1ms
 This function uses a non-reentrant model


 *************** function _zero_4 *****************
 Defined at:
		line 175 in file "mcc_generated_files/app.c"
 Parameters:    Size  Location     Type
		None
 Auto vars:     Size  Location     Type
		None
 Return value:  Size  Location     Type
                  1    wreg      void 
 Registers used:
		None
 Tracked objects:
		On entry : 
		On exit  : 
		Unchanged: 
 Data sizes:     COMRAM   BANK0   BANK1   BANK2   BANK3   BANK4   BANK5
      Params:         0       0       0       0       0       0       0
      Locals:         0       0       0       0       0       0       0
      Temps:          0       0       0       0       0       0       0
      Totals:         0       0       0       0       0       0       0
Total ram usage:        0 bytes
 Hardware stack levels used:    1
 This function calls:
		Nothing
 This function is called by:
		_SendBuffCh4
 This function uses a non-reentrant model


 *************** function _um_4 *****************
 Defined at:
		line 171 in file "mcc_generated_files/app.c"
 Parameters:    Size  Location     Type
		None
 Auto vars:     Size  Location     Type
		None
 Return value:  Size  Location     Type
                  1    wreg      void 
 Registers used:
		None
 Tracked objects:
		On entry : 
		On exit  : 
		Unchanged: 
 Data sizes:     COMRAM   BANK0   BANK1   BANK2   BANK3   BANK4   BANK5
      Params:         0       0       0       0       0       0       0
      Locals:         0       0       0       0       0       0       0
      Temps:          0       0       0       0       0       0       0
      Totals:         0       0       0       0       0       0       0
Total ram usage:        0 bytes
 Hardware stack levels used:    1
 This function calls:
		Nothing
 This function is called by:
		_SendBuffCh4
 This function uses a non-reentrant model


 *************** function _SendBuffCh3 *****************
 Defined at:
		line 284 in file "mcc_generated_files/app.c"
 Parameters:    Size  Location     Type
  idx             1    wreg     unsigned char 
 Auto vars:     Size  Location     Type
  idx             1    0[COMRAM] unsigned char 
 Return value:  Size  Location     Type
                  1    wreg      void 
 Registers used:
		wreg, fsr2l, fsr2h, status,2, status,0, prodl, prodh, cstack
 Tracked objects:
		On entry : 
		On exit  : 
		Unchanged: 
 Data sizes:     COMRAM   BANK0   BANK1   BANK2   BANK3   BANK4   BANK5
      Params:         0       0       0       0       0       0       0
      Locals:         1       0       0       0       0       0       0
      Temps:          0       0       0       0       0       0       0
      Totals:         1       0       0       0       0       0       0
Total ram usage:        1 bytes
 Hardware stack levels used:    1
 Hardware stack levels required when called:    1
 This function calls:
		_um_3
		_zero_3
 This function is called by:
		_AppTimer1ms
 This function uses a non-reentrant model


 *************** function _zero_3 *****************
 Defined at:
		line 168 in file "mcc_generated_files/app.c"
 Parameters:    Size  Location     Type
		None
 Auto vars:     Size  Location     Type
		None
 Return value:  Size  Location     Type
                  1    wreg      void 
 Registers used:
		None
 Tracked objects:
		On entry : 
		On exit  : 
		Unchanged: 
 Data sizes:     COMRAM   BANK0   BANK1   BANK2   BANK3   BANK4   BANK5
      Params:         0       0       0       0       0       0       0
      Locals:         0       0       0       0       0       0       0
      Temps:          0       0       0       0       0       0       0
      Totals:         0       0       0       0       0       0       0
Total ram usage:        0 bytes
 Hardware stack levels used:    1
 This function calls:
		Nothing
 This function is called by:
		_SendBuffCh3
 This function uses a non-reentrant model


 *************** function _um_3 *****************
 Defined at:
		line 164 in file "mcc_generated_files/app.c"
 Parameters:    Size  Location     Type
		None
 Auto vars:     Size  Location     Type
		None
 Return value:  Size  Location     Type
                  1    wreg      void 
 Registers used:
		None
 Tracked objects:
		On entry : 
		On exit  : 
		Unchanged: 
 Data sizes:     COMRAM   BANK0   BANK1   BANK2   BANK3   BANK4   BANK5
      Params:         0       0       0       0       0       0       0
      Locals:         0       0       0       0       0       0       0
      Temps:          0       0       0       0       0       0       0
      Totals:         0       0       0       0       0       0       0
Total ram usage:        0 bytes
 Hardware stack levels used:    1
 This function calls:
		Nothing
 This function is called by:
		_SendBuffCh3
 This function uses a non-reentrant model


 *************** function _SendBuffCh2 *****************
 Defined at:
		line 255 in file "mcc_generated_files/app.c"
 Parameters:    Size  Location     Type
  idx             1    wreg     unsigned char 
 Auto vars:     Size  Location     Type
  idx             1    0[COMRAM] unsigned char 
 Return value:  Size  Location     Type
                  1    wreg      void 
 Registers used:
		wreg, fsr2l, fsr2h, status,2, status,0, prodl, prodh, cstack
 Tracked objects:
		On entry : 
		On exit  : 
		Unchanged: 
 Data sizes:     COMRAM   BANK0   BANK1   BANK2   BANK3   BANK4   BANK5
      Params:         0       0       0       0       0       0       0
      Locals:         1       0       0       0       0       0       0
      Temps:          0       0       0       0       0       0       0
      Totals:         1       0       0       0       0       0       0
Total ram usage:        1 bytes
 Hardware stack levels used:    1
 Hardware stack levels required when called:    1
 This function calls:
		_um_2
		_zero_2
 This function is called by:
		_AppTimer1ms
 This function uses a non-reentrant model


 *************** function _zero_2 *****************
 Defined at:
		line 161 in file "mcc_generated_files/app.c"
 Parameters:    Size  Location     Type
		None
 Auto vars:     Size  Location     Type
		None
 Return value:  Size  Location     Type
                  1    wreg      void 
 Registers used:
		None
 Tracked objects:
		On entry : 
		On exit  : 
		Unchanged: 
 Data sizes:     COMRAM   BANK0   BANK1   BANK2   BANK3   BANK4   BANK5
      Params:         0       0       0       0       0       0       0
      Locals:         0       0       0       0       0       0       0
      Temps:          0       0       0       0       0       0       0
      Totals:         0       0       0       0       0       0       0
Total ram usage:        0 bytes
 Hardware stack levels used:    1
 This function calls:
		Nothing
 This function is called by:
		_SendBuffCh2
 This function uses a non-reentrant model


 *************** function _um_2 *****************
 Defined at:
		line 157 in file "mcc_generated_files/app.c"
 Parameters:    Size  Location     Type
		None
 Auto vars:     Size  Location     Type
		None
 Return value:  Size  Location     Type
                  1    wreg      void 
 Registers used:
		None
 Tracked objects:
		On entry : 
		On exit  : 
		Unchanged: 
 Data sizes:     COMRAM   BANK0   BANK1   BANK2   BANK3   BANK4   BANK5
      Params:         0       0       0       0       0       0       0
      Locals:         0       0       0       0       0       0       0
      Temps:          0       0       0       0       0       0       0
      Totals:         0       0       0       0       0       0       0
Total ram usage:        0 bytes
 Hardware stack levels used:    1
 This function calls:
		Nothing
 This function is called by:
		_SendBuffCh2
 This function uses a non-reentrant model


 *************** function _SendBuffCh1 *****************
 Defined at:
		line 226 in file "mcc_generated_files/app.c"
 Parameters:    Size  Location     Type
  idx             1    wreg     unsigned char 
 Auto vars:     Size  Location     Type
  idx             1    0[COMRAM] unsigned char 
 Return value:  Size  Location     Type
                  1    wreg      void 
 Registers used:
		wreg, fsr2l, fsr2h, status,2, status,0, prodl, prodh, cstack
 Tracked objects:
		On entry : 
		On exit  : 
		Unchanged: 
 Data sizes:     COMRAM   BANK0   BANK1   BANK2   BANK3   BANK4   BANK5
      Params:         0       0       0       0       0       0       0
      Locals:         1       0       0       0       0       0       0
      Temps:          0       0       0       0       0       0       0
      Totals:         1       0       0       0       0       0       0
Total ram usage:        1 bytes
 Hardware stack levels used:    1
 Hardware stack levels required when called:    1
 This function calls:
		_um_1
		_zero_1
 This function is called by:
		_AppTimer1ms
 This function uses a non-reentrant model


 *************** function _zero_1 *****************
 Defined at:
		line 154 in file "mcc_generated_files/app.c"
 Parameters:    Size  Location     Type
		None
 Auto vars:     Size  Location     Type
		None
 Return value:  Size  Location     Type
                  1    wreg      void 
 Registers used:
		None
 Tracked objects:
		On entry : 
		On exit  : 
		Unchanged: 
 Data sizes:     COMRAM   BANK0   BANK1   BANK2   BANK3   BANK4   BANK5
      Params:         0       0       0       0       0       0       0
      Locals:         0       0       0       0       0       0       0
      Temps:          0       0       0       0       0       0       0
      Totals:         0       0       0       0       0       0       0
Total ram usage:        0 bytes
 Hardware stack levels used:    1
 This function calls:
		Nothing
 This function is called by:
		_SendBuffCh1
 This function uses a non-reentrant model


 *************** function _um_1 *****************
 Defined at:
		line 150 in file "mcc_generated_files/app.c"
 Parameters:    Size  Location     Type
		None
 Auto vars:     Size  Location     Type
		None
 Return value:  Size  Location     Type
                  1    wreg      void 
 Registers used:
		None
 Tracked objects:
		On entry : 
		On exit  : 
		Unchanged: 
 Data sizes:     COMRAM   BANK0   BANK1   BANK2   BANK3   BANK4   BANK5
      Params:         0       0       0       0       0       0       0
      Locals:         0       0       0       0       0       0       0
      Temps:          0       0       0       0       0       0       0
      Totals:         0       0       0       0       0       0       0
Total ram usage:        0 bytes
 Hardware stack levels used:    1
 This function calls:
		Nothing
 This function is called by:
		_SendBuffCh1
 This function uses a non-reentrant model


 *************** function _SendBuffCh0 *****************
 Defined at:
		line 197 in file "mcc_generated_files/app.c"
 Parameters:    Size  Location     Type
  idx             1    wreg     unsigned char 
 Auto vars:     Size  Location     Type
  idx             1    0[COMRAM] unsigned char 
 Return value:  Size  Location     Type
                  1    wreg      void 
 Registers used:
		wreg, fsr2l, fsr2h, status,2, status,0, prodl, prodh, cstack
 Tracked objects:
		On entry : 
		On exit  : 
		Unchanged: 
 Data sizes:     COMRAM   BANK0   BANK1   BANK2   BANK3   BANK4   BANK5
      Params:         0       0       0       0       0       0       0
      Locals:         1       0       0       0       0       0       0
      Temps:          0       0       0       0       0       0       0
      Totals:         1       0       0       0       0       0       0
Total ram usage:        1 bytes
 Hardware stack levels used:    1
 Hardware stack levels required when called:    1
 This function calls:
		_um_0
		_zero_0
 This function is called by:
		_AppTimer1ms
 This function uses a non-reentrant model


 *************** function _zero_0 *****************
 Defined at:
		line 147 in file "mcc_generated_files/app.c"
 Parameters:    Size  Location     Type
		None
 Auto vars:     Size  Location     Type
		None
 Return value:  Size  Location     Type
                  1    wreg      void 
 Registers used:
		None
 Tracked objects:
		On entry : 
		On exit  : 
		Unchanged: 
 Data sizes:     COMRAM   BANK0   BANK1   BANK2   BANK3   BANK4   BANK5
      Params:         0       0       0       0       0       0       0
      Locals:         0       0       0       0       0       0       0
      Temps:          0       0       0       0       0       0       0
      Totals:         0       0       0       0       0       0       0
Total ram usage:        0 bytes
 Hardware stack levels used:    1
 This function calls:
		Nothing
 This function is called by:
		_SendBuffCh0
 This function uses a non-reentrant model


 *************** function _um_0 *****************
 Defined at:
		line 143 in file "mcc_generated_files/app.c"
 Parameters:    Size  Location     Type
		None
 Auto vars:     Size  Location     Type
		None
 Return value:  Size  Location     Type
                  1    wreg      void 
 Registers used:
		None
 Tracked objects:
		On entry : 
		On exit  : 
		Unchanged: 
 Data sizes:     COMRAM   BANK0   BANK1   BANK2   BANK3   BANK4   BANK5
      Params:         0       0       0       0       0       0       0
      Locals:         0       0       0       0       0       0       0
      Temps:          0       0       0       0       0       0       0
      Totals:         0       0       0       0       0       0       0
Total ram usage:        0 bytes
 Hardware stack levels used:    1
 This function calls:
		Nothing
 This function is called by:
		_SendBuffCh0
 This function uses a non-reentrant model


 *************** function _AppTimer10ms *****************
 Defined at:
		line 469 in file "mcc_generated_files/app.c"
 Parameters:    Size  Location     Type
		None
 Auto vars:     Size  Location     Type
		None
 Return value:  Size  Location     Type
                  1    wreg      void 
 Registers used:
		wreg, fsr2l, fsr2h, status,2, status,0, cstack
 Tracked objects:
		On entry : 
		On exit  : 
		Unchanged: 
 Data sizes:     COMRAM   BANK0   BANK1   BANK2   BANK3   BANK4   BANK5
      Params:         0       0       0       0       0       0       0
      Locals:         0       0       0       0       0       0       0
      Temps:          1       0       0       0       0       0       0
      Totals:         1       0       0       0       0       0       0
Total ram usage:        1 bytes
 Hardware stack levels used:    1
 Hardware stack levels required when called:    1
 This function calls:
		_EUSART1_Write
 This function is called by:
		_AppTimer30us
 This function uses a non-reentrant model


 *************** function _EUSART1_Write *****************
 Defined at:
		line 82 in file "mcc_generated_files/eusart1.c"
 Parameters:    Size  Location     Type
  txData          1    wreg     unsigned char 
 Auto vars:     Size  Location     Type
  txData          1    0[COMRAM] unsigned char 
 Return value:  Size  Location     Type
                  1    wreg      void 
 Registers used:
		wreg
 Tracked objects:
		On entry : 
		On exit  : 
		Unchanged: 
 Data sizes:     COMRAM   BANK0   BANK1   BANK2   BANK3   BANK4   BANK5
      Params:         0       0       0       0       0       0       0
      Locals:         1       0       0       0       0       0       0
      Temps:          0       0       0       0       0       0       0
      Totals:         1       0       0       0       0       0       0
Total ram usage:        1 bytes
 Hardware stack levels used:    1
 This function calls:
		Nothing
 This function is called by:
		_AppTimer10ms
		_putch
 This function uses a non-reentrant model


 *************** function _AppTimer100ms *****************
 Defined at:
		line 464 in file "mcc_generated_files/app.c"
 Parameters:    Size  Location     Type
		None
 Auto vars:     Size  Location     Type
		None
 Return value:  Size  Location     Type
                  1    wreg      void 
 Registers used:
		None
 Tracked objects:
		On entry : 
		On exit  : 
		Unchanged: 
 Data sizes:     COMRAM   BANK0   BANK1   BANK2   BANK3   BANK4   BANK5
      Params:         0       0       0       0       0       0       0
      Locals:         0       0       0       0       0       0       0
      Temps:          0       0       0       0       0       0       0
      Totals:         0       0       0       0       0       0       0
Total ram usage:        0 bytes
 Hardware stack levels used:    1
 This function calls:
		Nothing
 This function is called by:
		_AppTimer30us
 This function uses a non-reentrant model


 *************** function _EUSART1_Transmit_ISR *****************
 Defined at:
		line 98 in file "mcc_generated_files/eusart1.c"
 Parameters:    Size  Location     Type
		None
 Auto vars:     Size  Location     Type
		None
 Return value:  Size  Location     Type
                  1    wreg      void 
 Registers used:
		None
 Tracked objects:
		On entry : 
		On exit  : 
		Unchanged: 
 Data sizes:     COMRAM   BANK0   BANK1   BANK2   BANK3   BANK4   BANK5
      Params:         0       0       0       0       0       0       0
      Locals:         0       0       0       0       0       0       0
      Temps:          0       0       0       0       0       0       0
      Totals:         0       0       0       0       0       0       0
Total ram usage:        0 bytes
 Hardware stack levels used:    1
 This function calls:
		Nothing
 This function is called by:
		_INTERRUPT_InterruptManager
 This function uses a non-reentrant model


 *************** function _EUSART1_Receive_ISR *****************
 Defined at:
		line 104 in file "mcc_generated_files/eusart1.c"
 Parameters:    Size  Location     Type
		None
 Auto vars:     Size  Location     Type
  byteReceived    1    6[COMRAM] unsigned char 
 Return value:  Size  Location     Type
                  1    wreg      void 
 Registers used:
		wreg, fsr2l, fsr2h, status,2, status,0, cstack
 Tracked objects:
		On entry : 
		On exit  : 
		Unchanged: 
 Data sizes:     COMRAM   BANK0   BANK1   BANK2   BANK3   BANK4   BANK5
      Params:         0       0       0       0       0       0       0
      Locals:         1       0       0       0       0       0       0
      Temps:          0       0       0       0       0       0       0
      Totals:         1       0       0       0       0       0       0
Total ram usage:        1 bytes
 Hardware stack levels used:    1
 Hardware stack levels required when called:    1
 This function calls:
		_AppINT_USART1_RX
 This function is called by:
		_INTERRUPT_InterruptManager
 This function uses a non-reentrant model


 *************** function _AppINT_USART1_RX *****************
 Defined at:
		line 567 in file "mcc_generated_files/app.c"
 Parameters:    Size  Location     Type
  rxData          1    wreg     unsigned char 
 Auto vars:     Size  Location     Type
  rxData          1    5[COMRAM] unsigned char 
 Return value:  Size  Location     Type
                  1    wreg      void 
 Registers used:
		wreg, fsr2l, fsr2h, status,2, status,0
 Tracked objects:
		On entry : 
		On exit  : 
		Unchanged: 
 Data sizes:     COMRAM   BANK0   BANK1   BANK2   BANK3   BANK4   BANK5
      Params:         0       0       0       0       0       0       0
      Locals:         1       0       0       0       0       0       0
      Temps:          5       0       0       0       0       0       0
      Totals:         6       0       0       0       0       0       0
Total ram usage:        6 bytes
 Hardware stack levels used:    1
 This function calls:
		Nothing
 This function is called by:
		_EUSART1_Receive_ISR
 This function uses a non-reentrant model



MODULE INFORMATION

Module		Function		Class		Link	Load	Size
mcc_generated_files/interrupt_manager.c
		_INTERRUPT_Initialize		CODE           	1BCC	0000	11
		_INTERRUPT_InterruptManager		CODE           	0008	0000	165

mcc_generated_files/interrupt_manager.c estimated size: 176

mcc_generated_files/tmr0.c
		_TMR0_CallBack 		CODE           	1BEE	0000	7
		_TMR0_StartTimer		CODE           	1BF4	0000	5
		_TMR0_ISR      		CODE           	1BBC	0000	17
		_TMR0_Initialize		CODE           	1B82	0000	23

mcc_generated_files/tmr0.c estimated size: 52

mcc_generated_files/pin_manager.c
		_PIN_MANAGER_Initialize		CODE           	1938	0000	51

mcc_generated_files/pin_manager.c estimated size: 51

mcc_generated_files/app.c
		_um_2          		CODE           	19FA	0000	37
		_um_3          		CODE           	19D6	0000	37
		_zero_1        		CODE           	1AFC	0000	31
		_zero_4        		CODE           	1AA2	0000	31
		_um_4          		CODE           	19B2	0000	37
		_AppInitialize 		CODE           	1BE8	0000	7
		_SendBuffCh0   		CODE           	12B8	0000	725
		_SendBuffCh1   		CODE           	0FC4	0000	757
		_SendBuffCh2   		CODE           	0CC0	0000	773
		_SendBuffCh3   		CODE           	09BC	0000	773
		_SendBuffCh4   		CODE           	06B8	0000	773
		_SendBuffCh5   		CODE           	03B4	0000	773
		_SendBuffCh6   		CODE           	00B0	0000	773
		_AppTimer1s    		CODE           	1BFE	0000	3
		_AppTimer1ms   		CODE           	16D8	0000	269
		_um_5          		CODE           	198E	0000	37
		_AppTimer10ms  		CODE           	18F8	0000	65
		_AppTimer30us  		CODE           	186E	0000	139
		_AppTimer100ms 		CODE           	1C00	0000	3
		_um_6          		CODE           	196A	0000	37
		_zero_2        		CODE           	1ADE	0000	31
		_zero_5        		CODE           	1A84	0000	31
		_AppProcess    		CODE           	1BFC	0000	3
		_AppINT_USART1_RX		CODE           	158C	0000	333
		_zero_0        		CODE           	1B1A	0000	31
		_zero_3        		CODE           	1AC0	0000	31
		_um_0          		CODE           	1A42	0000	37
		_zero_6        		CODE           	1A66	0000	31
		_um_1          		CODE           	1A1E	0000	37

mcc_generated_files/app.c estimated size: 6645

shared
		__initialization		CODE           	17E4	0000	129

shared estimated size: 129

mcc_generated_files/eusart1.c
		_EUSART1_Initialize		CODE           	1B38	0000	29
		_EUSART1_Write 		CODE           	1BE0	0000	9
		_EUSART1_Receive_ISR		CODE           	1B54	0000	25
		_EUSART1_Transmit_ISR		CODE           	1BF8	0000	5

mcc_generated_files/eusart1.c estimated size: 68

mcc_generated_files/mcc.c
		_OSCILLATOR_Initialize		CODE           	1BAA	0000	19
		_SYSTEM_Initialize		CODE           	1B6C	0000	23

mcc_generated_files/mcc.c estimated size: 42

main.c
		_main          		CODE           	1B98	0000	19

main.c estimated size: 19

