Microchip MPLAB XC8 Compiler V1.41 ()

Linker command line:

--edf=C:\Program Files (x86)\Microchip\xc8\v1.41\dat\en_msgs.txt -cs \
  -h+dist/default/production\StandLEDControllerV1.0.X.production.sym \
  --cmf=dist/default/production\StandLEDControllerV1.0.X.production.cmf -z \
  -Q18F25K22 -oC:\Users\nival\AppData\Local\Temp\sdo4.2 \
  -Mdist/default/production/StandLEDControllerV1.0.X.production.map -E1 \
  -ver=XC8 --acfsm=1493 -ASTACK=0440h-05ffh -pstack=STACK -ACODE=00h-07FFFh \
  -ACONST=00h-07FFFh -ASMALLCONST=0600h-06FFhx122 \
  -AMEDIUMCONST=0600h-07FFFh -ACOMRAM=01h-05Fh -AABS1=00h-05FFh \
  -ABIGRAM=01h-05FFh -ARAM=060h-0FFh,0100h-01FFhx5 -ABANK0=060h-0FFh \
  -ABANK1=0100h-01FFh -ABANK2=0200h-02FFh -ABANK3=0300h-03FFh \
  -ABANK4=0400h-04FFh -ABANK5=0500h-05FFh -ASFR=0F38h-0F5Fh,0F60h-0FFFh \
  -preset_vec=00h,intcode=08h,intcodelo,powerup,init -pramtop=0600h \
  -psmallconst=SMALLCONST -pmediumconst=MEDIUMCONST -pconst=CONST \
  -AFARRAM=00h-00h -ACONFIG=0300000h-030000Dh -pconfig=CONFIG \
  -AIDLOC=0200000h-0200007h -pidloc=IDLOC -AEEDATA=0F00000h-0F000FFh \
  -peeprom_data=EEDATA \
  -prdata=COMRAM,nvrram=COMRAM,nvbit=COMRAM,rbss=COMRAM,rbit=COMRAM \
  -pfarbss=FARRAM,fardata=FARRAM,nvFARRAM=FARRAM \
  -pintsave_regs=BIGRAM,bigbss=BIGRAM,bigdata=BIGRAM -pbss=RAM \
  -pidata=CODE,irdata=CODE,ibigdata=CODE,ifardata=CODE -prparam=COMRAM \
  C:\Users\nival\AppData\Local\Temp\sdo4.obj \
  dist/default/production\StandLEDControllerV1.0.X.production.obj 

Object code version is 3.11

Machine type is 18F25K22

Call graph: (short form)




                Name                               Link     Load   Length Selector   Space Scale
C:\Users\nival\AppData\Local\Temp\sdo4.obj
                init                                 AC       AC        4        4       0
                reset_vec                             0        0        4        0       0
                idloc                            200000   200000        8   200000       0
                config                           300000   300000        E   300000       0
dist/default/production\StandLEDControllerV1.0.X.production.obj
                intcode                               8        8       A4        4       0
                temp                                 5B       5B        1        1       1
                text42                             158C     158C      1C8        4       0
                text41                             1754     1754      18A        4       0
                text40                             1D1A     1D1A       18        4       0
                text39                             1DB6     1DB6        4      ED3       0
                text38                             1DC0     1DC0        2      ED3       0
                text37                             1DBE     1DBE        2      ED3       0
                text36                             1C08     1C08       24        4       0
                text35                             1CE0     1CE0       1E        4       0
                text34                             12B8     12B8      2D4        4       0
                text33                             1BE4     1BE4       24        4       0
                text32                             1CC2     1CC2       1E        4       0
                text31                              FC4      FC4      2F4        4       0
                text30                             1BC0     1BC0       24        4       0
                text29                             1CA4     1CA4       1E        4       0
                text28                              CC0      CC0      304        4       0
                text27                             1B9C     1B9C       24        4       0
                text26                             1C86     1C86       1E        4       0
                text25                              9BC      9BC      304        4       0
                text24                             1B78     1B78       24        4       0
                text23                             1C68     1C68       1E        4       0
                text22                              6B8      6B8      304        4       0
                text21                             1B54     1B54       24        4       0
                text20                             1C4A     1C4A       1E        4       0
                text19                              3B4      3B4      304        4       0
                text18                             1B30     1B30       24        4       0
                text17                             1C2C     1C2C       1E        4       0
                text16                               B0       B0      304        4       0
                text15                             18DE     18DE      10C        4       0
                text14                             1DBC     1DBC        2      ED3       0
                text13                             1A74     1A74       8A        4       0
                text12                             1DAC     1DAC        6      ED3       0
                text11                             1D82     1D82       10        4       0
                text9                              1DA6     1DA6        6      ED3       0
                text8                              1DBA     1DBA        2      ED3       0
                text7                              1CFE     1CFE       1C        4       0
                text6                              1D92     1D92        A        4       0
                text5                              1D70     1D70       12        4       0
                text4                              1AFE     1AFE       32        4       0
                text3                              1DB2     1DB2        4      ED3       0
                text2                              1D48     1D48       16        4       0
                text1                              1D32     1D32       16        4       0
                text0                              1D5E     1D5E       12        4       0
                cstackCOMRAM                         31       31       21        1       1
                bssBANK4                            400      400       40      400       1
                bssBANK3                            300      300      100      300       1
                bssBANK2                            200      200      100      200       1
                bssBANK1                            100      100      100      100       1
                bssBANK0                             60       60       9E       60       1
                dataCOMRAM                           52       52        9        1       1
                bssCOMRAM                             1        1       30        1       1
                cinit                              19EA     19EA       8A        4       0
                idataCOMRAM                        1D9C     1D9C        9        4       0

TOTAL           Name                               Link     Load   Length     Space
        CLASS   STACK          

        CLASS   CODE           
                intcode                               8        8       A4         0
                init                                 AC       AC        4         0
                reset_vec                             0        0        4         0
                text42                             158C     158C      1C8         0
                text41                             1754     1754      18A         0
                text40                             1D1A     1D1A       18         0
                text39                             1DB6     1DB6        4         0
                text38                             1DC0     1DC0        2         0
                text37                             1DBE     1DBE        2         0
                text36                             1C08     1C08       24         0
                text35                             1CE0     1CE0       1E         0
                text34                             12B8     12B8      2D4         0
                text33                             1BE4     1BE4       24         0
                text32                             1CC2     1CC2       1E         0
                text31                              FC4      FC4      2F4         0
                text30                             1BC0     1BC0       24         0
                text29                             1CA4     1CA4       1E         0
                text28                              CC0      CC0      304         0
                text27                             1B9C     1B9C       24         0
                text26                             1C86     1C86       1E         0
                text25                              9BC      9BC      304         0
                text24                             1B78     1B78       24         0
                text23                             1C68     1C68       1E         0
                text22                              6B8      6B8      304         0
                text21                             1B54     1B54       24         0
                text20                             1C4A     1C4A       1E         0
                text19                              3B4      3B4      304         0
                text18                             1B30     1B30       24         0
                text17                             1C2C     1C2C       1E         0
                text16                               B0       B0      304         0
                text15                             18DE     18DE      10C         0
                text14                             1DBC     1DBC        2         0
                text13                             1A74     1A74       8A         0
                text12                             1DAC     1DAC        6         0
                text11                             1D82     1D82       10         0
                text9                              1DA6     1DA6        6         0
                text8                              1DBA     1DBA        2         0
                text7                              1CFE     1CFE       1C         0
                text6                              1D92     1D92        A         0
                text5                              1D70     1D70       12         0
                text4                              1AFE     1AFE       32         0
                text3                              1DB2     1DB2        4         0
                text2                              1D48     1D48       16         0
                text1                              1D32     1D32       16         0
                text0                              1D5E     1D5E       12         0
                cinit                              19EA     19EA       8A         0
                idataCOMRAM                        1D9C     1D9C        9         0

        CLASS   CONST          

        CLASS   SMALLCONST     

        CLASS   MEDIUMCONST    

        CLASS   COMRAM         
                temp                                 5B       5B        1         1
                cstackCOMRAM                         31       31       21         1
                dataCOMRAM                           52       52        9         1
                bssCOMRAM                             1        1       30         1

        CLASS   ABS1           

        CLASS   BIGRAM         

        CLASS   RAM            

        CLASS   BANK0          
                bssBANK0                             60       60       9E         1

        CLASS   BANK1          
                bssBANK1                            100      100      100         1

        CLASS   BANK2          
                bssBANK2                            200      200      100         1

        CLASS   BANK3          
                bssBANK3                            300      300      100         1

        CLASS   BANK4          
                bssBANK4                            400      400       40         1

        CLASS   BANK5          

        CLASS   SFR            

        CLASS   FARRAM         

        CLASS   CONFIG         
                config                           300000   300000        E         0

        CLASS   IDLOC          
                idloc                            200000   200000        8         0

        CLASS   EEDATA         



SEGMENTS        Name                           Load    Length   Top    Selector   Space  Class

                reset_vec                      000000  000004  000004         0       0  CODE    
                bssCOMRAM                      000001  00005B  00005C         1       1  COMRAM  
                intcode                        000008  001D9D  001DA5         4       0  CODE    
                bssBANK0                       000060  00009E  0000FE        60       1  BANK0   
                bssBANK1                       000100  000100  000200       100       1  BANK1   
                bssBANK2                       000200  000100  000300       200       1  BANK2   
                bssBANK3                       000300  000100  000400       300       1  BANK3   
                bssBANK4                       000400  000040  000440       400       1  BANK4   
                text9                          001DA6  00001C  001DC2       ED3       0  CODE    
                idloc                          200000  000008  200008    200000       0  IDLOC   
                config                         300000  00000E  30000E    300000       0  CONFIG  


UNUSED ADDRESS RANGES

        Name                Unused          Largest block    Delta
        BANK0            0000FE-0000FF                2
        BANK4            000440-0004FF               C0
        BANK5            000500-0005FF              100
        BIGRAM           00005C-00005F                4
                         0000FE-0000FF                2
                         000440-0005FF              1C0
        CODE             000004-000007                4
                         001DA5-001DA5                1
                         001DC2-007FFF             623E
        COMRAM           00005C-00005F                4
        CONST            000004-000007                4
                         001DA5-001DA5                1
                         001DC2-007FFF             623E
        EEDATA           F00000-F000FF              100
        MEDIUMCONST      001DA5-001DA5                1
                         001DC2-007FFF             623E
        RAM              0000FE-0000FF                2
                         000440-0005FF               C0
        SFR              000F38-000FFF               28
        SMALLCONST       001DA5-001DA5                1
                         001DC2-007FFF              100
        STACK            000440-0005FF              1C0

                                  Symbol Table

AppINT_USART1_RX@Idx2                bssCOMRAM    00001D
AppINT_USART1_RX@rxData              cstackCOMRAM 000042
AppTimer30us@count1000ms             dataCOMRAM   000052
AppTimer30us@count100ms              dataCOMRAM   000054
AppTimer30us@count10ms               dataCOMRAM   000056
AppTimer30us@count1ms                dataCOMRAM   000058
EUSART1_Receive_ISR@byteReceived     cstackCOMRAM 000043
SendBuffCh0@idx                      cstackCOMRAM 000031
SendBuffCh1@idx                      cstackCOMRAM 000031
SendBuffCh2@idx                      cstackCOMRAM 000031
SendBuffCh3@idx                      cstackCOMRAM 000031
SendBuffCh4@idx                      cstackCOMRAM 000031
SendBuffCh5@idx                      cstackCOMRAM 000031
SendBuffCh6@idx                      cstackCOMRAM 000031
SetLED@blue                          cstackCOMRAM 000039
SetLED@channel                       cstackCOMRAM 000036
SetLED@color1                        cstackCOMRAM 000033
SetLED@color2                        cstackCOMRAM 000034
SetLED@color3                        cstackCOMRAM 000035
SetLED@green                         cstackCOMRAM 000038
SetLED@led                           cstackCOMRAM 000032
SetLED@red                           cstackCOMRAM 000037
SetLED@type                          cstackCOMRAM 000031
_ANSELA                              (abs)        000F38
_ANSELB                              (abs)        000F39
_ANSELC                              (abs)        000F3A
_AppINT_USART1_RX                    text41       001754
_AppInitialize                       text9        001DA6
_AppProcess                          text8        001DBA
_AppTimer100ms                       text38       001DC0
_AppTimer10ms                        text37       001DBE
_AppTimer1ms                         text15       0018DE
_AppTimer1s                          text14       001DBC
_AppTimer30us                        text13       001A74
_B0                                  bssCOMRAM    000008
_B1                                  bssBANK0     0000F0
_B2                                  bssBANK1     0001C0
_B3                                  bssBANK1     000100
_B4                                  bssBANK2     000240
_B5                                  bssBANK3     000380
_B6                                  bssBANK4     000400
_BAUD1CON                            (abs)        000FB8
_Buffer                              bssBANK0     0000E0
_EUSART1_Initialize                  text7        001CFE
_EUSART1_Receive_ISR                 text40       001D1A
_EUSART1_Transmit_ISR                text39       001DB6
_G0                                  bssCOMRAM    00000F
_G1                                  bssBANK0     0000F7
_G2                                  bssBANK0     000060
_G3                                  bssBANK1     000140
_G4                                  bssBANK2     000280
_G5                                  bssBANK3     0003C0
_G6                                  bssBANK3     000300
_INTCON2bits                         (abs)        000FF1
_INTCONbits                          (abs)        000FF2
_INTERRUPT_Initialize                text6        001D92
_INTERRUPT_InterruptManager          intcode      000008
_IPR1bits                            (abs)        000F9F
_Idx                                 bssCOMRAM    000030
_IdxFrame                            bssCOMRAM    00002F
_LATA                                (abs)        000F89
_LATB                                (abs)        000F8A
_LATB0                               (abs)        007C50
_LATB1                               (abs)        007C51
_LATB2                               (abs)        007C52
_LATB3                               (abs)        007C53
_LATB4                               (abs)        007C54
_LATB5                               (abs)        007C55
_LATC                                (abs)        000F8B
_LATC3                               (abs)        007C5B
_OSCCON                              (abs)        000FD3
_OSCCON2                             (abs)        000FD2
_OSCILLATOR_Initialize               text5        001D70
_OSCTUNE                             (abs)        000F9B
_PIE1bits                            (abs)        000F9D
_PIN_MANAGER_Initialize              text4        001AFE
_PIR1bits                            (abs)        000F9E
_PLLRDY                              (abs)        007E97
_R0                                  bssCOMRAM    000016
_R1                                  bssCOMRAM    000001
_R2                                  bssBANK0     0000A0
_R3                                  bssBANK1     000180
_R4                                  bssBANK2     0002C0
_R5                                  bssBANK2     000200
_R6                                  bssBANK3     000340
_RC1STA                              (abs)        000FAB
_RC1STAbits                          (abs)        000FAB
_RCONbits                            (abs)        000FD0
_RCREG1                              (abs)        000FAE
_SPBRG1                              (abs)        000FAF
_SPBRGH1                             (abs)        000FB0
_SYSTEM_Initialize                   text1        001D32
_SendBuffCh0                         text34       0012B8
_SendBuffCh1                         text31       000FC4
_SendBuffCh2                         text28       000CC0
_SendBuffCh3                         text25       0009BC
_SendBuffCh4                         text22       0006B8
_SendBuffCh5                         text19       0003B4
_SendBuffCh6                         text16       0000B0
_SetLED                              text42       00158C
_ShootLedsCh0                        bssCOMRAM    00002B
_ShootLedsCh1                        bssCOMRAM    000029
_ShootLedsCh2                        bssCOMRAM    000027
_ShootLedsCh3                        bssCOMRAM    000025
_ShootLedsCh4                        bssCOMRAM    000023
_ShootLedsCh5                        bssCOMRAM    000021
_ShootLedsCh6                        bssCOMRAM    00001F
_T0CON                               (abs)        000FD5
_T0CONbits                           (abs)        000FD5
_TMR0H                               (abs)        000FD7
_TMR0L                               (abs)        000FD6
_TMR0_CallBack                       text12       001DAC
_TMR0_ISR                            text11       001D82
_TMR0_Initialize                     text2        001D48
_TMR0_StartTimer                     text3        001DB2
_TRISA                               (abs)        000F92
_TRISB                               (abs)        000F93
_TRISC                               (abs)        000F94
_TX1STA                              (abs)        000FAC
_TXREG1                              (abs)        000FAD
_WPUB                                (abs)        000F61
__CFG_BOREN$SBORDIS                  (abs)        000000
__CFG_BORV$190                       (abs)        000000
__CFG_CCP2MX$PORTC1                  (abs)        000000
__CFG_CCP3MX$PORTB5                  (abs)        000000
__CFG_CP0$OFF                        (abs)        000000
__CFG_CP1$OFF                        (abs)        000000
__CFG_CP2$OFF                        (abs)        000000
__CFG_CP3$OFF                        (abs)        000000
__CFG_CPB$OFF                        (abs)        000000
__CFG_CPD$OFF                        (abs)        000000
__CFG_EBTR0$OFF                      (abs)        000000
__CFG_EBTR1$OFF                      (abs)        000000
__CFG_EBTR2$OFF                      (abs)        000000
__CFG_EBTR3$OFF                      (abs)        000000
__CFG_EBTRB$OFF                      (abs)        000000
__CFG_FCMEN$OFF                      (abs)        000000
__CFG_FOSC$INTIO67                   (abs)        000000
__CFG_HFOFST$ON                      (abs)        000000
__CFG_IESO$OFF                       (abs)        000000
__CFG_LVP$OFF                        (abs)        000000
__CFG_MCLRE$EXTMCLR                  (abs)        000000
__CFG_P2BMX$PORTB5                   (abs)        000000
__CFG_PBADEN$ON                      (abs)        000000
__CFG_PLLCFG$ON                      (abs)        000000
__CFG_PRICLKEN$ON                    (abs)        000000
__CFG_PWRTEN$OFF                     (abs)        000000
__CFG_STVREN$ON                      (abs)        000000
__CFG_T3CMX$PORTC0                   (abs)        000000
__CFG_WDTEN$OFF                      (abs)        000000
__CFG_WDTPS$32768                    (abs)        000000
__CFG_WRT0$OFF                       (abs)        000000
__CFG_WRT1$OFF                       (abs)        000000
__CFG_WRT2$OFF                       (abs)        000000
__CFG_WRT3$OFF                       (abs)        000000
__CFG_WRTB$OFF                       (abs)        000000
__CFG_WRTC$OFF                       (abs)        000000
__CFG_WRTD$OFF                       (abs)        000000
__CFG_XINST$OFF                      (abs)        000000
__HRAM                               (abs)        000000
__Habs1                              abs1         000000
__Hbank0                             bank0        000000
__Hbank1                             bank1        000000
__Hbank2                             bank2        000000
__Hbank3                             bank3        000000
__Hbank4                             bank4        000000
__Hbank5                             bank5        000000
__Hbigbss                            bigbss       000000
__Hbigdata                           bigdata      000000
__Hbigram                            bigram       000000
__Hbss                               bss          000000
__HbssBANK0                          bssBANK0     000000
__HbssBANK1                          bssBANK1     000000
__HbssBANK2                          bssBANK2     000000
__HbssBANK3                          bssBANK3     000000
__HbssBANK4                          bssBANK4     000000
__HbssCOMRAM                         bssCOMRAM    000000
__Hcinit                             cinit        000000
__Hclrtext                           clrtext      000000
__Hcomram                            comram       000000
__Hconfig                            config       30000E
__Hconst                             const        000000
__HcstackBANK0                       cstackBANK0  000000
__HcstackCOMRAM                      cstackCOMRAM 000000
__Hdata                              data         000000
__HdataCOMRAM                        dataCOMRAM   000000
__Heeprom_data                       eeprom_data  000000
__Hfarbss                            farbss       000000
__Hfardata                           fardata      000000
__Hibigdata                          ibigdata     000000
__Hidata                             idata        000000
__HidataCOMRAM                       idataCOMRAM  000000
__Hidloc                             idloc        200008
__Hifardata                          ifardata     000000
__Hinit                              init         0000B0
__Hintcode                           intcode      0000AC
__Hintcode_body                      intcode_body 000000
__Hintcodelo                         intcodelo    0000AC
__Hintentry                          intentry     000000
__Hintret                            intret       000000
__Hintsave_regs                      intsave_regs 000000
__Hirdata                            irdata       000000
__Hmediumconst                       mediumconst  000000
__HnvFARRAM                          nvFARRAM     000000
__Hnvbit                             nvbit        000000
__Hnvrram                            nvrram       000000
__Hparam                             rparam       000000
__Hpowerup                           powerup      0000AC
__Hram                               ram          000000
__Hramtop                            ramtop       000600
__Hrbit                              rbit         000000
__Hrbss                              rbss         000000
__Hrdata                             rdata        000000
__Hreset_vec                         reset_vec    000004
__Hrparam                            rparam       000000
__Hsfr                               sfr          000000
__Hsmallconst                        smallconst   000000
__Hspace_0                           (abs)        30000E
__Hspace_1                           (abs)        000440
__Hspace_2                           (abs)        000000
__Hstack                             stack        000000
__Hstruct                            struct       000000
__Htemp                              temp         00005C
__Htext                              text         000000
__Htext0                             text0        000000
__Htext1                             text1        000000
__Htext11                            text11       000000
__Htext12                            text12       000000
__Htext13                            text13       000000
__Htext14                            text14       000000
__Htext15                            text15       000000
__Htext16                            text16       000000
__Htext17                            text17       000000
__Htext18                            text18       000000
__Htext19                            text19       000000
__Htext2                             text2        000000
__Htext20                            text20       000000
__Htext21                            text21       000000
__Htext22                            text22       000000
__Htext23                            text23       000000
__Htext24                            text24       000000
__Htext25                            text25       000000
__Htext26                            text26       000000
__Htext27                            text27       000000
__Htext28                            text28       000000
__Htext29                            text29       000000
__Htext3                             text3        000000
__Htext30                            text30       000000
__Htext31                            text31       000000
__Htext32                            text32       000000
__Htext33                            text33       000000
__Htext34                            text34       000000
__Htext35                            text35       000000
__Htext36                            text36       000000
__Htext37                            text37       000000
__Htext38                            text38       000000
__Htext39                            text39       000000
__Htext4                             text4        000000
__Htext40                            text40       000000
__Htext41                            text41       000000
__Htext42                            text42       000000
__Htext5                             text5        000000
__Htext6                             text6        000000
__Htext7                             text7        000000
__Htext8                             text8        000000
__Htext9                             text9        000000
__LRAM                               (abs)        000001
__Labs1                              abs1         000000
__Lbank0                             bank0        000000
__Lbank1                             bank1        000000
__Lbank2                             bank2        000000
__Lbank3                             bank3        000000
__Lbank4                             bank4        000000
__Lbank5                             bank5        000000
__Lbigbss                            bigbss       000000
__Lbigdata                           bigdata      000000
__Lbigram                            bigram       000000
__Lbss                               bss          000000
__LbssBANK0                          bssBANK0     000000
__LbssBANK1                          bssBANK1     000000
__LbssBANK2                          bssBANK2     000000
__LbssBANK3                          bssBANK3     000000
__LbssBANK4                          bssBANK4     000000
__LbssCOMRAM                         bssCOMRAM    000000
__Lcinit                             cinit        000000
__Lclrtext                           clrtext      000000
__Lcomram                            comram       000000
__Lconfig                            config       300000
__Lconst                             const        000000
__LcstackBANK0                       cstackBANK0  000000
__LcstackCOMRAM                      cstackCOMRAM 000000
__Ldata                              data         000000
__LdataCOMRAM                        dataCOMRAM   000000
__Leeprom_data                       eeprom_data  000000
__Lfarbss                            farbss       000000
__Lfardata                           fardata      000000
__Libigdata                          ibigdata     000000
__Lidata                             idata        000000
__LidataCOMRAM                       idataCOMRAM  000000
__Lidloc                             idloc        200000
__Lifardata                          ifardata     000000
__Linit                              init         0000AC
__Lintcode                           intcode      000008
__Lintcode_body                      intcode_body 000000
__Lintcodelo                         intcodelo    0000AC
__Lintentry                          intentry     000000
__Lintret                            intret       000000
__Lintsave_regs                      intsave_regs 000000
__Lirdata                            irdata       000000
__Lmediumconst                       mediumconst  000000
__LnvFARRAM                          nvFARRAM     000000
__Lnvbit                             nvbit        000000
__Lnvrram                            nvrram       000000
__Lparam                             rparam       000000
__Lpowerup                           powerup      0000AC
__Lram                               ram          000000
__Lramtop                            ramtop       000600
__Lrbit                              rbit         000000
__Lrbss                              rbss         000000
__Lrdata                             rdata        000000
__Lreset_vec                         reset_vec    000000
__Lrparam                            rparam       000000
__Lsfr                               sfr          000000
__Lsmallconst                        smallconst   000000
__Lspace_0                           (abs)        000000
__Lspace_1                           (abs)        000000
__Lspace_2                           (abs)        000000
__Lstack                             stack        000000
__Lstruct                            struct       000000
__Ltemp                              temp         00005B
__Ltext                              text         000000
__Ltext0                             text0        000000
__Ltext1                             text1        000000
__Ltext11                            text11       000000
__Ltext12                            text12       000000
__Ltext13                            text13       000000
__Ltext14                            text14       000000
__Ltext15                            text15       000000
__Ltext16                            text16       000000
__Ltext17                            text17       000000
__Ltext18                            text18       000000
__Ltext19                            text19       000000
__Ltext2                             text2        000000
__Ltext20                            text20       000000
__Ltext21                            text21       000000
__Ltext22                            text22       000000
__Ltext23                            text23       000000
__Ltext24                            text24       000000
__Ltext25                            text25       000000
__Ltext26                            text26       000000
__Ltext27                            text27       000000
__Ltext28                            text28       000000
__Ltext29                            text29       000000
__Ltext3                             text3        000000
__Ltext30                            text30       000000
__Ltext31                            text31       000000
__Ltext32                            text32       000000
__Ltext33                            text33       000000
__Ltext34                            text34       000000
__Ltext35                            text35       000000
__Ltext36                            text36       000000
__Ltext37                            text37       000000
__Ltext38                            text38       000000
__Ltext39                            text39       000000
__Ltext4                             text4        000000
__Ltext40                            text40       000000
__Ltext41                            text41       000000
__Ltext42                            text42       000000
__Ltext5                             text5        000000
__Ltext6                             text6        000000
__Ltext7                             text7        000000
__Ltext8                             text8        000000
__Ltext9                             text9        000000
__S0                                 (abs)        30000E
__S1                                 (abs)        000440
__S2                                 (abs)        000000
___inthi_sp                          stack        000000
___intlo_sp                          stack        000000
___param_bank                        (abs)        000000
___rparam_used                       (abs)        000001
___sp                                stack        000000
__accesstop                          (abs)        000060
__activetblptr                       (abs)        000000
__end_of_AppINT_USART1_RX            text41       0018DE
__end_of_AppInitialize               text9        001DAC
__end_of_AppProcess                  text8        001DBC
__end_of_AppTimer100ms               text38       001DC2
__end_of_AppTimer10ms                text37       001DC0
__end_of_AppTimer1ms                 text15       0019EA
__end_of_AppTimer1s                  text14       001DBE
__end_of_AppTimer30us                text13       001AFE
__end_of_EUSART1_Initialize          text7        001D1A
__end_of_EUSART1_Receive_ISR         text40       001D32
__end_of_EUSART1_Transmit_ISR        text39       001DBA
__end_of_INTERRUPT_Initialize        text6        001D9C
__end_of_INTERRUPT_InterruptManager  intcode      0000AC
__end_of_OSCILLATOR_Initialize       text5        001D82
__end_of_PIN_MANAGER_Initialize      text4        001B30
__end_of_SYSTEM_Initialize           text1        001D48
__end_of_SendBuffCh0                 text34       00158C
__end_of_SendBuffCh1                 text31       0012B8
__end_of_SendBuffCh2                 text28       000FC4
__end_of_SendBuffCh3                 text25       000CC0
__end_of_SendBuffCh4                 text22       0009BC
__end_of_SendBuffCh5                 text19       0006B8
__end_of_SendBuffCh6                 text16       0003B4
__end_of_SetLED                      text42       001754
__end_of_TMR0_CallBack               text12       001DB2
__end_of_TMR0_ISR                    text11       001D92
__end_of_TMR0_Initialize             text2        001D5E
__end_of_TMR0_StartTimer             text3        001DB6
__end_of__initialization             cinit        001A6A
__end_of_main                        text0        001D70
__end_of_um_0                        text36       001C2C
__end_of_um_1                        text33       001C08
__end_of_um_2                        text30       001BE4
__end_of_um_3                        text27       001BC0
__end_of_um_4                        text24       001B9C
__end_of_um_5                        text21       001B78
__end_of_um_6                        text18       001B54
__end_of_zero_0                      text35       001CFE
__end_of_zero_1                      text32       001CE0
__end_of_zero_2                      text29       001CC2
__end_of_zero_3                      text26       001CA4
__end_of_zero_4                      text23       001C86
__end_of_zero_5                      text20       001C68
__end_of_zero_6                      text17       001C4A
__initialization                     cinit        0019EA
__mediumconst                        mediumconst  000000
__pbssBANK0                          bssBANK0     000060
__pbssBANK1                          bssBANK1     000100
__pbssBANK2                          bssBANK2     000200
__pbssBANK3                          bssBANK3     000300
__pbssBANK4                          bssBANK4     000400
__pbssCOMRAM                         bssCOMRAM    000001
__pcinit                             cinit        0019EA
__pcstackBANK0                       cstackBANK0  000000
__pcstackCOMRAM                      cstackCOMRAM 000031
__pdataCOMRAM                        dataCOMRAM   000052
__pidataCOMRAM                       idataCOMRAM  001D9C
__pintcode                           intcode      000008
__ptext0                             text0        001D5E
__ptext1                             text1        001D32
__ptext11                            text11       001D82
__ptext12                            text12       001DAC
__ptext13                            text13       001A74
__ptext14                            text14       001DBC
__ptext15                            text15       0018DE
__ptext16                            text16       0000B0
__ptext17                            text17       001C2C
__ptext18                            text18       001B30
__ptext19                            text19       0003B4
__ptext2                             text2        001D48
__ptext20                            text20       001C4A
__ptext21                            text21       001B54
__ptext22                            text22       0006B8
__ptext23                            text23       001C68
__ptext24                            text24       001B78
__ptext25                            text25       0009BC
__ptext26                            text26       001C86
__ptext27                            text27       001B9C
__ptext28                            text28       000CC0
__ptext29                            text29       001CA4
__ptext3                             text3        001DB2
__ptext30                            text30       001BC0
__ptext31                            text31       000FC4
__ptext32                            text32       001CC2
__ptext33                            text33       001BE4
__ptext34                            text34       0012B8
__ptext35                            text35       001CE0
__ptext36                            text36       001C08
__ptext37                            text37       001DBE
__ptext38                            text38       001DC0
__ptext39                            text39       001DB6
__ptext4                             text4        001AFE
__ptext40                            text40       001D1A
__ptext41                            text41       001754
__ptext42                            text42       00158C
__ptext5                             text5        001D70
__ptext6                             text6        001D92
__ptext7                             text7        001CFE
__ptext8                             text8        001DBA
__ptext9                             text9        001DA6
__ramtop                             ramtop       000600
__size_of_AppINT_USART1_RX           (abs)        000000
__size_of_AppInitialize              (abs)        000000
__size_of_AppProcess                 (abs)        000000
__size_of_AppTimer100ms              (abs)        000000
__size_of_AppTimer10ms               (abs)        000000
__size_of_AppTimer1ms                (abs)        000000
__size_of_AppTimer1s                 (abs)        000000
__size_of_AppTimer30us               (abs)        000000
__size_of_EUSART1_Initialize         (abs)        000000
__size_of_EUSART1_Receive_ISR        (abs)        000000
__size_of_EUSART1_Transmit_ISR       (abs)        000000
__size_of_INTERRUPT_Initialize       (abs)        000000
__size_of_INTERRUPT_InterruptManager (abs)        000000
__size_of_OSCILLATOR_Initialize      (abs)        000000
__size_of_PIN_MANAGER_Initialize     (abs)        000000
__size_of_SYSTEM_Initialize          (abs)        000000
__size_of_SendBuffCh0                (abs)        000000
__size_of_SendBuffCh1                (abs)        000000
__size_of_SendBuffCh2                (abs)        000000
__size_of_SendBuffCh3                (abs)        000000
__size_of_SendBuffCh4                (abs)        000000
__size_of_SendBuffCh5                (abs)        000000
__size_of_SendBuffCh6                (abs)        000000
__size_of_SetLED                     (abs)        000000
__size_of_TMR0_CallBack              (abs)        000000
__size_of_TMR0_ISR                   (abs)        000000
__size_of_TMR0_Initialize            (abs)        000000
__size_of_TMR0_StartTimer            (abs)        000000
__size_of_main                       (abs)        000000
__size_of_um_0                       (abs)        000000
__size_of_um_1                       (abs)        000000
__size_of_um_2                       (abs)        000000
__size_of_um_3                       (abs)        000000
__size_of_um_4                       (abs)        000000
__size_of_um_5                       (abs)        000000
__size_of_um_6                       (abs)        000000
__size_of_zero_0                     (abs)        000000
__size_of_zero_1                     (abs)        000000
__size_of_zero_2                     (abs)        000000
__size_of_zero_3                     (abs)        000000
__size_of_zero_4                     (abs)        000000
__size_of_zero_5                     (abs)        000000
__size_of_zero_6                     (abs)        000000
__smallconst                         smallconst   000000
_ftest                               dataCOMRAM   00005A
_main                                text0        001D5E
_timer0ReloadVal16bit                bssCOMRAM    00002D
_um_0                                text36       001C08
_um_1                                text33       001BE4
_um_2                                text30       001BC0
_um_3                                text27       001B9C
_um_4                                text24       001B78
_um_5                                text21       001B54
_um_6                                text18       001B30
_zero_0                              text35       001CE0
_zero_1                              text32       001CC2
_zero_2                              text29       001CA4
_zero_3                              text26       001C86
_zero_4                              text23       001C68
_zero_5                              text20       001C4A
_zero_6                              text17       001C2C
btemp                                temp         00005B
end_of_initialization                cinit        001A6A
int$flags                            temp         00005B
intlevel0                            text         000000
intlevel1                            text         000000
intlevel2                            text         000000
intlevel3                            text         000000
stackhi                              (abs)        0005FF
stacklo                              (abs)        000440
start                                init         0000AC
start_initialization                 cinit        0019EA


FUNCTION INFORMATION:

 *************** function _main *****************
 Defined at:
		line 5 in file "main.c"
 Parameters:    Size  Location     Type
		None
 Auto vars:     Size  Location     Type
		None
 Return value:  Size  Location     Type
                  1    wreg      void 
 Registers used:
		wreg, status,2, cstack
 Tracked objects:
		On entry : 
		On exit  : 
		Unchanged: 
 Data sizes:     COMRAM   BANK0   BANK1   BANK2   BANK3   BANK4   BANK5
      Params:         0       0       0       0       0       0       0
      Locals:         0       0       0       0       0       0       0
      Temps:          0       0       0       0       0       0       0
      Totals:         0       0       0       0       0       0       0
Total ram usage:        0 bytes
 Hardware stack levels required when called:   10
 This function calls:
		_AppInitialize
		_AppProcess
		_SYSTEM_Initialize
 This function is called by:
		Startup code after reset
 This function uses a non-reentrant model


 *************** function _SYSTEM_Initialize *****************
 Defined at:
		line 66 in file "mcc_generated_files/mcc.c"
 Parameters:    Size  Location     Type
		None
 Auto vars:     Size  Location     Type
		None
 Return value:  Size  Location     Type
                  1    wreg      void 
 Registers used:
		wreg, status,2, cstack
 Tracked objects:
		On entry : 
		On exit  : 
		Unchanged: 
 Data sizes:     COMRAM   BANK0   BANK1   BANK2   BANK3   BANK4   BANK5
      Params:         0       0       0       0       0       0       0
      Locals:         0       0       0       0       0       0       0
      Temps:          0       0       0       0       0       0       0
      Totals:         0       0       0       0       0       0       0
Total ram usage:        0 bytes
 Hardware stack levels used:    1
 Hardware stack levels required when called:    9
 This function calls:
		_EUSART1_Initialize
		_INTERRUPT_Initialize
		_OSCILLATOR_Initialize
		_PIN_MANAGER_Initialize
		_TMR0_Initialize
 This function is called by:
		_main
 This function uses a non-reentrant model


 *************** function _TMR0_Initialize *****************
 Defined at:
		line 18 in file "mcc_generated_files/tmr0.c"
 Parameters:    Size  Location     Type
		None
 Auto vars:     Size  Location     Type
		None
 Return value:  Size  Location     Type
                  1    wreg      void 
 Registers used:
		wreg, status,2, cstack
 Tracked objects:
		On entry : 
		On exit  : 
		Unchanged: 
 Data sizes:     COMRAM   BANK0   BANK1   BANK2   BANK3   BANK4   BANK5
      Params:         0       0       0       0       0       0       0
      Locals:         0       0       0       0       0       0       0
      Temps:          0       0       0       0       0       0       0
      Totals:         0       0       0       0       0       0       0
Total ram usage:        0 bytes
 Hardware stack levels used:    1
 Hardware stack levels required when called:    8
 This function calls:
		_TMR0_StartTimer
 This function is called by:
		_SYSTEM_Initialize
 This function uses a non-reentrant model


 *************** function _TMR0_StartTimer *****************
 Defined at:
		line 48 in file "mcc_generated_files/tmr0.c"
 Parameters:    Size  Location     Type
		None
 Auto vars:     Size  Location     Type
		None
 Return value:  Size  Location     Type
                  1    wreg      void 
 Registers used:
		None
 Tracked objects:
		On entry : 
		On exit  : 
		Unchanged: 
 Data sizes:     COMRAM   BANK0   BANK1   BANK2   BANK3   BANK4   BANK5
      Params:         0       0       0       0       0       0       0
      Locals:         0       0       0       0       0       0       0
      Temps:          0       0       0       0       0       0       0
      Totals:         0       0       0       0       0       0       0
Total ram usage:        0 bytes
 Hardware stack levels used:    1
 Hardware stack levels required when called:    7
 This function calls:
		Nothing
 This function is called by:
		_TMR0_Initialize
 This function uses a non-reentrant model


 *************** function _PIN_MANAGER_Initialize *****************
 Defined at:
		line 4 in file "mcc_generated_files/pin_manager.c"
 Parameters:    Size  Location     Type
		None
 Auto vars:     Size  Location     Type
		None
 Return value:  Size  Location     Type
                  1    wreg      void 
 Registers used:
		wreg, status,2
 Tracked objects:
		On entry : 
		On exit  : 
		Unchanged: 
 Data sizes:     COMRAM   BANK0   BANK1   BANK2   BANK3   BANK4   BANK5
      Params:         0       0       0       0       0       0       0
      Locals:         0       0       0       0       0       0       0
      Temps:          0       0       0       0       0       0       0
      Totals:         0       0       0       0       0       0       0
Total ram usage:        0 bytes
 Hardware stack levels used:    1
 Hardware stack levels required when called:    7
 This function calls:
		Nothing
 This function is called by:
		_SYSTEM_Initialize
 This function uses a non-reentrant model


 *************** function _OSCILLATOR_Initialize *****************
 Defined at:
		line 76 in file "mcc_generated_files/mcc.c"
 Parameters:    Size  Location     Type
		None
 Auto vars:     Size  Location     Type
		None
 Return value:  Size  Location     Type
                  1    wreg      void 
 Registers used:
		wreg, status,2
 Tracked objects:
		On entry : 
		On exit  : 
		Unchanged: 
 Data sizes:     COMRAM   BANK0   BANK1   BANK2   BANK3   BANK4   BANK5
      Params:         0       0       0       0       0       0       0
      Locals:         0       0       0       0       0       0       0
      Temps:          0       0       0       0       0       0       0
      Totals:         0       0       0       0       0       0       0
Total ram usage:        0 bytes
 Hardware stack levels used:    1
 Hardware stack levels required when called:    7
 This function calls:
		Nothing
 This function is called by:
		_SYSTEM_Initialize
 This function uses a non-reentrant model


 *************** function _INTERRUPT_Initialize *****************
 Defined at:
		line 5 in file "mcc_generated_files/interrupt_manager.c"
 Parameters:    Size  Location     Type
		None
 Auto vars:     Size  Location     Type
		None
 Return value:  Size  Location     Type
                  1    wreg      void 
 Registers used:
		None
 Tracked objects:
		On entry : 
		On exit  : 
		Unchanged: 
 Data sizes:     COMRAM   BANK0   BANK1   BANK2   BANK3   BANK4   BANK5
      Params:         0       0       0       0       0       0       0
      Locals:         0       0       0       0       0       0       0
      Temps:          0       0       0       0       0       0       0
      Totals:         0       0       0       0       0       0       0
Total ram usage:        0 bytes
 Hardware stack levels used:    1
 Hardware stack levels required when called:    7
 This function calls:
		Nothing
 This function is called by:
		_SYSTEM_Initialize
 This function uses a non-reentrant model


 *************** function _EUSART1_Initialize *****************
 Defined at:
		line 15 in file "mcc_generated_files/eusart1.c"
 Parameters:    Size  Location     Type
		None
 Auto vars:     Size  Location     Type
		None
 Return value:  Size  Location     Type
                  1    wreg      void 
 Registers used:
		wreg, status,2
 Tracked objects:
		On entry : 
		On exit  : 
		Unchanged: 
 Data sizes:     COMRAM   BANK0   BANK1   BANK2   BANK3   BANK4   BANK5
      Params:         0       0       0       0       0       0       0
      Locals:         0       0       0       0       0       0       0
      Temps:          0       0       0       0       0       0       0
      Totals:         0       0       0       0       0       0       0
Total ram usage:        0 bytes
 Hardware stack levels used:    1
 Hardware stack levels required when called:    7
 This function calls:
		Nothing
 This function is called by:
		_SYSTEM_Initialize
 This function uses a non-reentrant model


 *************** function _AppProcess *****************
 Defined at:
		line 100 in file "mcc_generated_files/app.c"
 Parameters:    Size  Location     Type
		None
 Auto vars:     Size  Location     Type
		None
 Return value:  Size  Location     Type
                  2  178[None  ] int 
 Registers used:
		None
 Tracked objects:
		On entry : 
		On exit  : 
		Unchanged: 
 Data sizes:     COMRAM   BANK0   BANK1   BANK2   BANK3   BANK4   BANK5
      Params:         0       0       0       0       0       0       0
      Locals:         0       0       0       0       0       0       0
      Temps:          0       0       0       0       0       0       0
      Totals:         0       0       0       0       0       0       0
Total ram usage:        0 bytes
 Hardware stack levels used:    1
 Hardware stack levels required when called:    7
 This function calls:
		Nothing
 This function is called by:
		_main
 This function uses a non-reentrant model


 *************** function _AppInitialize *****************
 Defined at:
		line 86 in file "mcc_generated_files/app.c"
 Parameters:    Size  Location     Type
		None
 Auto vars:     Size  Location     Type
		None
 Return value:  Size  Location     Type
                  2  174[None  ] int 
 Registers used:
		None
 Tracked objects:
		On entry : 
		On exit  : 
		Unchanged: 
 Data sizes:     COMRAM   BANK0   BANK1   BANK2   BANK3   BANK4   BANK5
      Params:         0       0       0       0       0       0       0
      Locals:         0       0       0       0       0       0       0
      Temps:          0       0       0       0       0       0       0
      Totals:         0       0       0       0       0       0       0
Total ram usage:        0 bytes
 Hardware stack levels used:    1
 Hardware stack levels required when called:    7
 This function calls:
		Nothing
 This function is called by:
		_main
 This function uses a non-reentrant model


 *************** function _INTERRUPT_InterruptManager *****************
 Defined at:
		line 18 in file "mcc_generated_files/interrupt_manager.c"
 Parameters:    Size  Location     Type
		None
 Auto vars:     Size  Location     Type
		None
 Return value:  Size  Location     Type
                  1    wreg      void 
 Registers used:
		wreg, fsr2l, fsr2h, status,2, status,0, prodl, prodh, cstack
 Tracked objects:
		On entry : 
		On exit  : 
		Unchanged: 
 Data sizes:     COMRAM   BANK0   BANK1   BANK2   BANK3   BANK4   BANK5
      Params:         0       0       0       0       0       0       0
      Locals:         0       0       0       0       0       0       0
      Temps:         14       0       0       0       0       0       0
      Totals:        14       0       0       0       0       0       0
Total ram usage:       14 bytes
 Hardware stack levels used:    1
 Hardware stack levels required when called:    6
 This function calls:
		_EUSART1_Receive_ISR
		_EUSART1_Transmit_ISR
		_TMR0_ISR
 This function is called by:
		Interrupt level 2
 This function uses a non-reentrant model


 *************** function _TMR0_ISR *****************
 Defined at:
		line 90 in file "mcc_generated_files/tmr0.c"
 Parameters:    Size  Location     Type
		None
 Auto vars:     Size  Location     Type
		None
 Return value:  Size  Location     Type
                  1    wreg      void 
 Registers used:
		wreg, fsr2l, fsr2h, status,2, status,0, prodl, prodh, cstack
 Tracked objects:
		On entry : 
		On exit  : 
		Unchanged: 
 Data sizes:     COMRAM   BANK0   BANK1   BANK2   BANK3   BANK4   BANK5
      Params:         0       0       0       0       0       0       0
      Locals:         0       0       0       0       0       0       0
      Temps:          0       0       0       0       0       0       0
      Totals:         0       0       0       0       0       0       0
Total ram usage:        0 bytes
 Hardware stack levels used:    1
 Hardware stack levels required when called:    5
 This function calls:
		_TMR0_CallBack
 This function is called by:
		_INTERRUPT_InterruptManager
 This function uses a non-reentrant model


 *************** function _TMR0_CallBack *****************
 Defined at:
		line 109 in file "mcc_generated_files/tmr0.c"
 Parameters:    Size  Location     Type
		None
 Auto vars:     Size  Location     Type
		None
 Return value:  Size  Location     Type
                  1    wreg      void 
 Registers used:
		wreg, fsr2l, fsr2h, status,2, status,0, prodl, prodh, cstack
 Tracked objects:
		On entry : 
		On exit  : 
		Unchanged: 
 Data sizes:     COMRAM   BANK0   BANK1   BANK2   BANK3   BANK4   BANK5
      Params:         0       0       0       0       0       0       0
      Locals:         0       0       0       0       0       0       0
      Temps:          0       0       0       0       0       0       0
      Totals:         0       0       0       0       0       0       0
Total ram usage:        0 bytes
 Hardware stack levels used:    1
 Hardware stack levels required when called:    4
 This function calls:
		_AppTimer30us
 This function is called by:
		_TMR0_ISR
 This function uses a non-reentrant model


 *************** function _AppTimer30us *****************
 Defined at:
		line 507 in file "mcc_generated_files/app.c"
 Parameters:    Size  Location     Type
		None
 Auto vars:     Size  Location     Type
		None
 Return value:  Size  Location     Type
                  2   16[None  ] int 
 Registers used:
		wreg, fsr2l, fsr2h, status,2, status,0, prodl, prodh, cstack
 Tracked objects:
		On entry : 
		On exit  : 
		Unchanged: 
 Data sizes:     COMRAM   BANK0   BANK1   BANK2   BANK3   BANK4   BANK5
      Params:         0       0       0       0       0       0       0
      Locals:         0       0       0       0       0       0       0
      Temps:          0       0       0       0       0       0       0
      Totals:         0       0       0       0       0       0       0
Total ram usage:        0 bytes
 Hardware stack levels used:    1
 Hardware stack levels required when called:    3
 This function calls:
		_AppTimer100ms
		_AppTimer10ms
		_AppTimer1ms
		_AppTimer1s
 This function is called by:
		_TMR0_CallBack
 This function uses a non-reentrant model


 *************** function _AppTimer1s *****************
 Defined at:
		line 449 in file "mcc_generated_files/app.c"
 Parameters:    Size  Location     Type
		None
 Auto vars:     Size  Location     Type
		None
 Return value:  Size  Location     Type
                  1    wreg      void 
 Registers used:
		None
 Tracked objects:
		On entry : 
		On exit  : 
		Unchanged: 
 Data sizes:     COMRAM   BANK0   BANK1   BANK2   BANK3   BANK4   BANK5
      Params:         0       0       0       0       0       0       0
      Locals:         0       0       0       0       0       0       0
      Temps:          0       0       0       0       0       0       0
      Totals:         0       0       0       0       0       0       0
Total ram usage:        0 bytes
 Hardware stack levels used:    1
 This function calls:
		Nothing
 This function is called by:
		_AppTimer30us
 This function uses a non-reentrant model


 *************** function _AppTimer1ms *****************
 Defined at:
		line 464 in file "mcc_generated_files/app.c"
 Parameters:    Size  Location     Type
		None
 Auto vars:     Size  Location     Type
		None
 Return value:  Size  Location     Type
                  1    wreg      void 
 Registers used:
		wreg, fsr2l, fsr2h, status,2, status,0, prodl, prodh, cstack
 Tracked objects:
		On entry : 
		On exit  : 
		Unchanged: 
 Data sizes:     COMRAM   BANK0   BANK1   BANK2   BANK3   BANK4   BANK5
      Params:         0       0       0       0       0       0       0
      Locals:         0       0       0       0       0       0       0
      Temps:          0       0       0       0       0       0       0
      Totals:         0       0       0       0       0       0       0
Total ram usage:        0 bytes
 Hardware stack levels used:    1
 Hardware stack levels required when called:    2
 This function calls:
		_SendBuffCh0
		_SendBuffCh1
		_SendBuffCh2
		_SendBuffCh3
		_SendBuffCh4
		_SendBuffCh5
		_SendBuffCh6
 This function is called by:
		_AppTimer30us
 This function uses a non-reentrant model


 *************** function _SendBuffCh6 *****************
 Defined at:
		line 361 in file "mcc_generated_files/app.c"
 Parameters:    Size  Location     Type
  idx             1    wreg     unsigned char 
 Auto vars:     Size  Location     Type
  idx             1    0[COMRAM] unsigned char 
 Return value:  Size  Location     Type
                  1    wreg      void 
 Registers used:
		wreg, fsr2l, fsr2h, status,2, status,0, prodl, prodh, cstack
 Tracked objects:
		On entry : 
		On exit  : 
		Unchanged: 
 Data sizes:     COMRAM   BANK0   BANK1   BANK2   BANK3   BANK4   BANK5
      Params:         0       0       0       0       0       0       0
      Locals:         1       0       0       0       0       0       0
      Temps:          0       0       0       0       0       0       0
      Totals:         1       0       0       0       0       0       0
Total ram usage:        1 bytes
 Hardware stack levels used:    1
 Hardware stack levels required when called:    1
 This function calls:
		_um_6
		_zero_6
 This function is called by:
		_AppTimer1ms
 This function uses a non-reentrant model


 *************** function _zero_6 *****************
 Defined at:
		line 179 in file "mcc_generated_files/app.c"
 Parameters:    Size  Location     Type
		None
 Auto vars:     Size  Location     Type
		None
 Return value:  Size  Location     Type
                  1    wreg      void 
 Registers used:
		None
 Tracked objects:
		On entry : 
		On exit  : 
		Unchanged: 
 Data sizes:     COMRAM   BANK0   BANK1   BANK2   BANK3   BANK4   BANK5
      Params:         0       0       0       0       0       0       0
      Locals:         0       0       0       0       0       0       0
      Temps:          0       0       0       0       0       0       0
      Totals:         0       0       0       0       0       0       0
Total ram usage:        0 bytes
 Hardware stack levels used:    1
 This function calls:
		Nothing
 This function is called by:
		_SendBuffCh6
 This function uses a non-reentrant model


 *************** function _um_6 *****************
 Defined at:
		line 175 in file "mcc_generated_files/app.c"
 Parameters:    Size  Location     Type
		None
 Auto vars:     Size  Location     Type
		None
 Return value:  Size  Location     Type
                  1    wreg      void 
 Registers used:
		None
 Tracked objects:
		On entry : 
		On exit  : 
		Unchanged: 
 Data sizes:     COMRAM   BANK0   BANK1   BANK2   BANK3   BANK4   BANK5
      Params:         0       0       0       0       0       0       0
      Locals:         0       0       0       0       0       0       0
      Temps:          0       0       0       0       0       0       0
      Totals:         0       0       0       0       0       0       0
Total ram usage:        0 bytes
 Hardware stack levels used:    1
 This function calls:
		Nothing
 This function is called by:
		_SendBuffCh6
 This function uses a non-reentrant model


 *************** function _SendBuffCh5 *****************
 Defined at:
		line 332 in file "mcc_generated_files/app.c"
 Parameters:    Size  Location     Type
  idx             1    wreg     unsigned char 
 Auto vars:     Size  Location     Type
  idx             1    0[COMRAM] unsigned char 
 Return value:  Size  Location     Type
                  1    wreg      void 
 Registers used:
		wreg, fsr2l, fsr2h, status,2, status,0, prodl, prodh, cstack
 Tracked objects:
		On entry : 
		On exit  : 
		Unchanged: 
 Data sizes:     COMRAM   BANK0   BANK1   BANK2   BANK3   BANK4   BANK5
      Params:         0       0       0       0       0       0       0
      Locals:         1       0       0       0       0       0       0
      Temps:          0       0       0       0       0       0       0
      Totals:         1       0       0       0       0       0       0
Total ram usage:        1 bytes
 Hardware stack levels used:    1
 Hardware stack levels required when called:    1
 This function calls:
		_um_5
		_zero_5
 This function is called by:
		_AppTimer1ms
 This function uses a non-reentrant model


 *************** function _zero_5 *****************
 Defined at:
		line 172 in file "mcc_generated_files/app.c"
 Parameters:    Size  Location     Type
		None
 Auto vars:     Size  Location     Type
		None
 Return value:  Size  Location     Type
                  1    wreg      void 
 Registers used:
		None
 Tracked objects:
		On entry : 
		On exit  : 
		Unchanged: 
 Data sizes:     COMRAM   BANK0   BANK1   BANK2   BANK3   BANK4   BANK5
      Params:         0       0       0       0       0       0       0
      Locals:         0       0       0       0       0       0       0
      Temps:          0       0       0       0       0       0       0
      Totals:         0       0       0       0       0       0       0
Total ram usage:        0 bytes
 Hardware stack levels used:    1
 This function calls:
		Nothing
 This function is called by:
		_SendBuffCh5
 This function uses a non-reentrant model


 *************** function _um_5 *****************
 Defined at:
		line 168 in file "mcc_generated_files/app.c"
 Parameters:    Size  Location     Type
		None
 Auto vars:     Size  Location     Type
		None
 Return value:  Size  Location     Type
                  1    wreg      void 
 Registers used:
		None
 Tracked objects:
		On entry : 
		On exit  : 
		Unchanged: 
 Data sizes:     COMRAM   BANK0   BANK1   BANK2   BANK3   BANK4   BANK5
      Params:         0       0       0       0       0       0       0
      Locals:         0       0       0       0       0       0       0
      Temps:          0       0       0       0       0       0       0
      Totals:         0       0       0       0       0       0       0
Total ram usage:        0 bytes
 Hardware stack levels used:    1
 This function calls:
		Nothing
 This function is called by:
		_SendBuffCh5
 This function uses a non-reentrant model


 *************** function _SendBuffCh4 *****************
 Defined at:
		line 303 in file "mcc_generated_files/app.c"
 Parameters:    Size  Location     Type
  idx             1    wreg     unsigned char 
 Auto vars:     Size  Location     Type
  idx             1    0[COMRAM] unsigned char 
 Return value:  Size  Location     Type
                  1    wreg      void 
 Registers used:
		wreg, fsr2l, fsr2h, status,2, status,0, prodl, prodh, cstack
 Tracked objects:
		On entry : 
		On exit  : 
		Unchanged: 
 Data sizes:     COMRAM   BANK0   BANK1   BANK2   BANK3   BANK4   BANK5
      Params:         0       0       0       0       0       0       0
      Locals:         1       0       0       0       0       0       0
      Temps:          0       0       0       0       0       0       0
      Totals:         1       0       0       0       0       0       0
Total ram usage:        1 bytes
 Hardware stack levels used:    1
 Hardware stack levels required when called:    1
 This function calls:
		_um_4
		_zero_4
 This function is called by:
		_AppTimer1ms
 This function uses a non-reentrant model


 *************** function _zero_4 *****************
 Defined at:
		line 165 in file "mcc_generated_files/app.c"
 Parameters:    Size  Location     Type
		None
 Auto vars:     Size  Location     Type
		None
 Return value:  Size  Location     Type
                  1    wreg      void 
 Registers used:
		None
 Tracked objects:
		On entry : 
		On exit  : 
		Unchanged: 
 Data sizes:     COMRAM   BANK0   BANK1   BANK2   BANK3   BANK4   BANK5
      Params:         0       0       0       0       0       0       0
      Locals:         0       0       0       0       0       0       0
      Temps:          0       0       0       0       0       0       0
      Totals:         0       0       0       0       0       0       0
Total ram usage:        0 bytes
 Hardware stack levels used:    1
 This function calls:
		Nothing
 This function is called by:
		_SendBuffCh4
 This function uses a non-reentrant model


 *************** function _um_4 *****************
 Defined at:
		line 161 in file "mcc_generated_files/app.c"
 Parameters:    Size  Location     Type
		None
 Auto vars:     Size  Location     Type
		None
 Return value:  Size  Location     Type
                  1    wreg      void 
 Registers used:
		None
 Tracked objects:
		On entry : 
		On exit  : 
		Unchanged: 
 Data sizes:     COMRAM   BANK0   BANK1   BANK2   BANK3   BANK4   BANK5
      Params:         0       0       0       0       0       0       0
      Locals:         0       0       0       0       0       0       0
      Temps:          0       0       0       0       0       0       0
      Totals:         0       0       0       0       0       0       0
Total ram usage:        0 bytes
 Hardware stack levels used:    1
 This function calls:
		Nothing
 This function is called by:
		_SendBuffCh4
 This function uses a non-reentrant model


 *************** function _SendBuffCh3 *****************
 Defined at:
		line 274 in file "mcc_generated_files/app.c"
 Parameters:    Size  Location     Type
  idx             1    wreg     unsigned char 
 Auto vars:     Size  Location     Type
  idx             1    0[COMRAM] unsigned char 
 Return value:  Size  Location     Type
                  1    wreg      void 
 Registers used:
		wreg, fsr2l, fsr2h, status,2, status,0, prodl, prodh, cstack
 Tracked objects:
		On entry : 
		On exit  : 
		Unchanged: 
 Data sizes:     COMRAM   BANK0   BANK1   BANK2   BANK3   BANK4   BANK5
      Params:         0       0       0       0       0       0       0
      Locals:         1       0       0       0       0       0       0
      Temps:          0       0       0       0       0       0       0
      Totals:         1       0       0       0       0       0       0
Total ram usage:        1 bytes
 Hardware stack levels used:    1
 Hardware stack levels required when called:    1
 This function calls:
		_um_3
		_zero_3
 This function is called by:
		_AppTimer1ms
 This function uses a non-reentrant model


 *************** function _zero_3 *****************
 Defined at:
		line 158 in file "mcc_generated_files/app.c"
 Parameters:    Size  Location     Type
		None
 Auto vars:     Size  Location     Type
		None
 Return value:  Size  Location     Type
                  1    wreg      void 
 Registers used:
		None
 Tracked objects:
		On entry : 
		On exit  : 
		Unchanged: 
 Data sizes:     COMRAM   BANK0   BANK1   BANK2   BANK3   BANK4   BANK5
      Params:         0       0       0       0       0       0       0
      Locals:         0       0       0       0       0       0       0
      Temps:          0       0       0       0       0       0       0
      Totals:         0       0       0       0       0       0       0
Total ram usage:        0 bytes
 Hardware stack levels used:    1
 This function calls:
		Nothing
 This function is called by:
		_SendBuffCh3
 This function uses a non-reentrant model


 *************** function _um_3 *****************
 Defined at:
		line 154 in file "mcc_generated_files/app.c"
 Parameters:    Size  Location     Type
		None
 Auto vars:     Size  Location     Type
		None
 Return value:  Size  Location     Type
                  1    wreg      void 
 Registers used:
		None
 Tracked objects:
		On entry : 
		On exit  : 
		Unchanged: 
 Data sizes:     COMRAM   BANK0   BANK1   BANK2   BANK3   BANK4   BANK5
      Params:         0       0       0       0       0       0       0
      Locals:         0       0       0       0       0       0       0
      Temps:          0       0       0       0       0       0       0
      Totals:         0       0       0       0       0       0       0
Total ram usage:        0 bytes
 Hardware stack levels used:    1
 This function calls:
		Nothing
 This function is called by:
		_SendBuffCh3
 This function uses a non-reentrant model


 *************** function _SendBuffCh2 *****************
 Defined at:
		line 245 in file "mcc_generated_files/app.c"
 Parameters:    Size  Location     Type
  idx             1    wreg     unsigned char 
 Auto vars:     Size  Location     Type
  idx             1    0[COMRAM] unsigned char 
 Return value:  Size  Location     Type
                  1    wreg      void 
 Registers used:
		wreg, fsr2l, fsr2h, status,2, status,0, prodl, prodh, cstack
 Tracked objects:
		On entry : 
		On exit  : 
		Unchanged: 
 Data sizes:     COMRAM   BANK0   BANK1   BANK2   BANK3   BANK4   BANK5
      Params:         0       0       0       0       0       0       0
      Locals:         1       0       0       0       0       0       0
      Temps:          0       0       0       0       0       0       0
      Totals:         1       0       0       0       0       0       0
Total ram usage:        1 bytes
 Hardware stack levels used:    1
 Hardware stack levels required when called:    1
 This function calls:
		_um_2
		_zero_2
 This function is called by:
		_AppTimer1ms
 This function uses a non-reentrant model


 *************** function _zero_2 *****************
 Defined at:
		line 151 in file "mcc_generated_files/app.c"
 Parameters:    Size  Location     Type
		None
 Auto vars:     Size  Location     Type
		None
 Return value:  Size  Location     Type
                  1    wreg      void 
 Registers used:
		None
 Tracked objects:
		On entry : 
		On exit  : 
		Unchanged: 
 Data sizes:     COMRAM   BANK0   BANK1   BANK2   BANK3   BANK4   BANK5
      Params:         0       0       0       0       0       0       0
      Locals:         0       0       0       0       0       0       0
      Temps:          0       0       0       0       0       0       0
      Totals:         0       0       0       0       0       0       0
Total ram usage:        0 bytes
 Hardware stack levels used:    1
 This function calls:
		Nothing
 This function is called by:
		_SendBuffCh2
 This function uses a non-reentrant model


 *************** function _um_2 *****************
 Defined at:
		line 147 in file "mcc_generated_files/app.c"
 Parameters:    Size  Location     Type
		None
 Auto vars:     Size  Location     Type
		None
 Return value:  Size  Location     Type
                  1    wreg      void 
 Registers used:
		None
 Tracked objects:
		On entry : 
		On exit  : 
		Unchanged: 
 Data sizes:     COMRAM   BANK0   BANK1   BANK2   BANK3   BANK4   BANK5
      Params:         0       0       0       0       0       0       0
      Locals:         0       0       0       0       0       0       0
      Temps:          0       0       0       0       0       0       0
      Totals:         0       0       0       0       0       0       0
Total ram usage:        0 bytes
 Hardware stack levels used:    1
 This function calls:
		Nothing
 This function is called by:
		_SendBuffCh2
 This function uses a non-reentrant model


 *************** function _SendBuffCh1 *****************
 Defined at:
		line 216 in file "mcc_generated_files/app.c"
 Parameters:    Size  Location     Type
  idx             1    wreg     unsigned char 
 Auto vars:     Size  Location     Type
  idx             1    0[COMRAM] unsigned char 
 Return value:  Size  Location     Type
                  1    wreg      void 
 Registers used:
		wreg, fsr2l, fsr2h, status,2, status,0, prodl, prodh, cstack
 Tracked objects:
		On entry : 
		On exit  : 
		Unchanged: 
 Data sizes:     COMRAM   BANK0   BANK1   BANK2   BANK3   BANK4   BANK5
      Params:         0       0       0       0       0       0       0
      Locals:         1       0       0       0       0       0       0
      Temps:          0       0       0       0       0       0       0
      Totals:         1       0       0       0       0       0       0
Total ram usage:        1 bytes
 Hardware stack levels used:    1
 Hardware stack levels required when called:    1
 This function calls:
		_um_1
		_zero_1
 This function is called by:
		_AppTimer1ms
 This function uses a non-reentrant model


 *************** function _zero_1 *****************
 Defined at:
		line 144 in file "mcc_generated_files/app.c"
 Parameters:    Size  Location     Type
		None
 Auto vars:     Size  Location     Type
		None
 Return value:  Size  Location     Type
                  1    wreg      void 
 Registers used:
		None
 Tracked objects:
		On entry : 
		On exit  : 
		Unchanged: 
 Data sizes:     COMRAM   BANK0   BANK1   BANK2   BANK3   BANK4   BANK5
      Params:         0       0       0       0       0       0       0
      Locals:         0       0       0       0       0       0       0
      Temps:          0       0       0       0       0       0       0
      Totals:         0       0       0       0       0       0       0
Total ram usage:        0 bytes
 Hardware stack levels used:    1
 This function calls:
		Nothing
 This function is called by:
		_SendBuffCh1
 This function uses a non-reentrant model


 *************** function _um_1 *****************
 Defined at:
		line 140 in file "mcc_generated_files/app.c"
 Parameters:    Size  Location     Type
		None
 Auto vars:     Size  Location     Type
		None
 Return value:  Size  Location     Type
                  1    wreg      void 
 Registers used:
		None
 Tracked objects:
		On entry : 
		On exit  : 
		Unchanged: 
 Data sizes:     COMRAM   BANK0   BANK1   BANK2   BANK3   BANK4   BANK5
      Params:         0       0       0       0       0       0       0
      Locals:         0       0       0       0       0       0       0
      Temps:          0       0       0       0       0       0       0
      Totals:         0       0       0       0       0       0       0
Total ram usage:        0 bytes
 Hardware stack levels used:    1
 This function calls:
		Nothing
 This function is called by:
		_SendBuffCh1
 This function uses a non-reentrant model


 *************** function _SendBuffCh0 *****************
 Defined at:
		line 187 in file "mcc_generated_files/app.c"
 Parameters:    Size  Location     Type
  idx             1    wreg     unsigned char 
 Auto vars:     Size  Location     Type
  idx             1    0[COMRAM] unsigned char 
 Return value:  Size  Location     Type
                  1    wreg      void 
 Registers used:
		wreg, fsr2l, fsr2h, status,2, status,0, prodl, prodh, cstack
 Tracked objects:
		On entry : 
		On exit  : 
		Unchanged: 
 Data sizes:     COMRAM   BANK0   BANK1   BANK2   BANK3   BANK4   BANK5
      Params:         0       0       0       0       0       0       0
      Locals:         1       0       0       0       0       0       0
      Temps:          0       0       0       0       0       0       0
      Totals:         1       0       0       0       0       0       0
Total ram usage:        1 bytes
 Hardware stack levels used:    1
 Hardware stack levels required when called:    1
 This function calls:
		_um_0
		_zero_0
 This function is called by:
		_AppTimer1ms
 This function uses a non-reentrant model


 *************** function _zero_0 *****************
 Defined at:
		line 137 in file "mcc_generated_files/app.c"
 Parameters:    Size  Location     Type
		None
 Auto vars:     Size  Location     Type
		None
 Return value:  Size  Location     Type
                  1    wreg      void 
 Registers used:
		None
 Tracked objects:
		On entry : 
		On exit  : 
		Unchanged: 
 Data sizes:     COMRAM   BANK0   BANK1   BANK2   BANK3   BANK4   BANK5
      Params:         0       0       0       0       0       0       0
      Locals:         0       0       0       0       0       0       0
      Temps:          0       0       0       0       0       0       0
      Totals:         0       0       0       0       0       0       0
Total ram usage:        0 bytes
 Hardware stack levels used:    1
 This function calls:
		Nothing
 This function is called by:
		_SendBuffCh0
 This function uses a non-reentrant model


 *************** function _um_0 *****************
 Defined at:
		line 133 in file "mcc_generated_files/app.c"
 Parameters:    Size  Location     Type
		None
 Auto vars:     Size  Location     Type
		None
 Return value:  Size  Location     Type
                  1    wreg      void 
 Registers used:
		None
 Tracked objects:
		On entry : 
		On exit  : 
		Unchanged: 
 Data sizes:     COMRAM   BANK0   BANK1   BANK2   BANK3   BANK4   BANK5
      Params:         0       0       0       0       0       0       0
      Locals:         0       0       0       0       0       0       0
      Temps:          0       0       0       0       0       0       0
      Totals:         0       0       0       0       0       0       0
Total ram usage:        0 bytes
 Hardware stack levels used:    1
 This function calls:
		Nothing
 This function is called by:
		_SendBuffCh0
 This function uses a non-reentrant model


 *************** function _AppTimer10ms *****************
 Defined at:
		line 459 in file "mcc_generated_files/app.c"
 Parameters:    Size  Location     Type
		None
 Auto vars:     Size  Location     Type
		None
 Return value:  Size  Location     Type
                  1    wreg      void 
 Registers used:
		None
 Tracked objects:
		On entry : 
		On exit  : 
		Unchanged: 
 Data sizes:     COMRAM   BANK0   BANK1   BANK2   BANK3   BANK4   BANK5
      Params:         0       0       0       0       0       0       0
      Locals:         0       0       0       0       0       0       0
      Temps:          0       0       0       0       0       0       0
      Totals:         0       0       0       0       0       0       0
Total ram usage:        0 bytes
 Hardware stack levels used:    1
 This function calls:
		Nothing
 This function is called by:
		_AppTimer30us
 This function uses a non-reentrant model


 *************** function _AppTimer100ms *****************
 Defined at:
		line 454 in file "mcc_generated_files/app.c"
 Parameters:    Size  Location     Type
		None
 Auto vars:     Size  Location     Type
		None
 Return value:  Size  Location     Type
                  1    wreg      void 
 Registers used:
		None
 Tracked objects:
		On entry : 
		On exit  : 
		Unchanged: 
 Data sizes:     COMRAM   BANK0   BANK1   BANK2   BANK3   BANK4   BANK5
      Params:         0       0       0       0       0       0       0
      Locals:         0       0       0       0       0       0       0
      Temps:          0       0       0       0       0       0       0
      Totals:         0       0       0       0       0       0       0
Total ram usage:        0 bytes
 Hardware stack levels used:    1
 This function calls:
		Nothing
 This function is called by:
		_AppTimer30us
 This function uses a non-reentrant model


 *************** function _EUSART1_Transmit_ISR *****************
 Defined at:
		line 98 in file "mcc_generated_files/eusart1.c"
 Parameters:    Size  Location     Type
		None
 Auto vars:     Size  Location     Type
		None
 Return value:  Size  Location     Type
                  1    wreg      void 
 Registers used:
		None
 Tracked objects:
		On entry : 
		On exit  : 
		Unchanged: 
 Data sizes:     COMRAM   BANK0   BANK1   BANK2   BANK3   BANK4   BANK5
      Params:         0       0       0       0       0       0       0
      Locals:         0       0       0       0       0       0       0
      Temps:          0       0       0       0       0       0       0
      Totals:         0       0       0       0       0       0       0
Total ram usage:        0 bytes
 Hardware stack levels used:    1
 This function calls:
		Nothing
 This function is called by:
		_INTERRUPT_InterruptManager
 This function uses a non-reentrant model


 *************** function _EUSART1_Receive_ISR *****************
 Defined at:
		line 104 in file "mcc_generated_files/eusart1.c"
 Parameters:    Size  Location     Type
		None
 Auto vars:     Size  Location     Type
  byteReceived    1   18[COMRAM] unsigned char 
 Return value:  Size  Location     Type
                  1    wreg      void 
 Registers used:
		wreg, fsr2l, fsr2h, status,2, status,0, prodl, prodh, cstack
 Tracked objects:
		On entry : 
		On exit  : 
		Unchanged: 
 Data sizes:     COMRAM   BANK0   BANK1   BANK2   BANK3   BANK4   BANK5
      Params:         0       0       0       0       0       0       0
      Locals:         1       0       0       0       0       0       0
      Temps:          0       0       0       0       0       0       0
      Totals:         1       0       0       0       0       0       0
Total ram usage:        1 bytes
 Hardware stack levels used:    1
 Hardware stack levels required when called:    2
 This function calls:
		_AppINT_USART1_RX
 This function is called by:
		_INTERRUPT_InterruptManager
 This function uses a non-reentrant model


 *************** function _AppINT_USART1_RX *****************
 Defined at:
		line 538 in file "mcc_generated_files/app.c"
 Parameters:    Size  Location     Type
  rxData          1    wreg     unsigned char 
 Auto vars:     Size  Location     Type
  rxData          1   17[COMRAM] unsigned char 
  c               1    0        unsigned char 
  type            1    0        unsigned char 
  cmd             1    0        unsigned char 
  blue            1    0        unsigned char 
  green           1    0        unsigned char 
  red             1    0        unsigned char 
  pos             1    0        unsigned char 
  channel         1    0        unsigned char 
 Return value:  Size  Location     Type
                  1    wreg      void 
 Registers used:
		wreg, fsr2l, fsr2h, status,2, status,0, prodl, prodh, cstack
 Tracked objects:
		On entry : 
		On exit  : 
		Unchanged: 
 Data sizes:     COMRAM   BANK0   BANK1   BANK2   BANK3   BANK4   BANK5
      Params:         0       0       0       0       0       0       0
      Locals:         1       0       0       0       0       0       0
      Temps:          8       0       0       0       0       0       0
      Totals:         9       0       0       0       0       0       0
Total ram usage:        9 bytes
 Hardware stack levels used:    1
 Hardware stack levels required when called:    1
 This function calls:
		_SetLED
 This function is called by:
		_EUSART1_Receive_ISR
 This function uses a non-reentrant model


 *************** function _SetLED *****************
 Defined at:
		line 395 in file "mcc_generated_files/app.c"
 Parameters:    Size  Location     Type
  channel         1    wreg     unsigned char 
  type            1    0[COMRAM] unsigned char 
  led             1    1[COMRAM] unsigned char 
  color1          1    2[COMRAM] unsigned char 
  color2          1    3[COMRAM] unsigned char 
  color3          1    4[COMRAM] unsigned char 
 Auto vars:     Size  Location     Type
  channel         1    5[COMRAM] unsigned char 
  blue            1    8[COMRAM] unsigned char 
  green           1    7[COMRAM] unsigned char 
  red             1    6[COMRAM] unsigned char 
 Return value:  Size  Location     Type
                  1    wreg      void 
 Registers used:
		wreg, fsr2l, fsr2h, status,2, status,0, prodl, prodh
 Tracked objects:
		On entry : 
		On exit  : 
		Unchanged: 
 Data sizes:     COMRAM   BANK0   BANK1   BANK2   BANK3   BANK4   BANK5
      Params:         5       0       0       0       0       0       0
      Locals:         4       0       0       0       0       0       0
      Temps:          0       0       0       0       0       0       0
      Totals:         9       0       0       0       0       0       0
Total ram usage:        9 bytes
 Hardware stack levels used:    1
 This function calls:
		Nothing
 This function is called by:
		_AppINT_USART1_RX
 This function uses a non-reentrant model



MODULE INFORMATION

Module		Function		Class		Link	Load	Size
mcc_generated_files/interrupt_manager.c
		_INTERRUPT_Initialize		CODE           	1D92	0000	11
		_INTERRUPT_InterruptManager		CODE           	0008	0000	165

mcc_generated_files/interrupt_manager.c estimated size: 176

mcc_generated_files/tmr0.c
		_TMR0_CallBack 		CODE           	1DAC	0000	7
		_TMR0_StartTimer		CODE           	1DB2	0000	5
		_TMR0_ISR      		CODE           	1D82	0000	17
		_TMR0_Initialize		CODE           	1D48	0000	23

mcc_generated_files/tmr0.c estimated size: 52

mcc_generated_files/pin_manager.c
		_PIN_MANAGER_Initialize		CODE           	1AFE	0000	51

mcc_generated_files/pin_manager.c estimated size: 51

mcc_generated_files/app.c
		_um_2          		CODE           	1BC0	0000	37
		_um_3          		CODE           	1B9C	0000	37
		_zero_1        		CODE           	1CC2	0000	31
		_zero_4        		CODE           	1C68	0000	31
		_um_4          		CODE           	1B78	0000	37
		_AppInitialize 		CODE           	1DA6	0000	7
		_SendBuffCh0   		CODE           	12B8	0000	725
		_SendBuffCh1   		CODE           	0FC4	0000	757
		_SendBuffCh2   		CODE           	0CC0	0000	773
		_SendBuffCh3   		CODE           	09BC	0000	773
		_SendBuffCh4   		CODE           	06B8	0000	773
		_SendBuffCh5   		CODE           	03B4	0000	773
		_SendBuffCh6   		CODE           	00B0	0000	773
		_AppTimer1s    		CODE           	1DBC	0000	3
		_AppTimer1ms   		CODE           	18DE	0000	269
		_um_5          		CODE           	1B54	0000	37
		_AppTimer10ms  		CODE           	1DBE	0000	3
		_AppTimer30us  		CODE           	1A74	0000	139
		_AppTimer100ms 		CODE           	1DC0	0000	3
		_um_6          		CODE           	1B30	0000	37
		_zero_2        		CODE           	1CA4	0000	31
		_zero_5        		CODE           	1C4A	0000	31
		_AppProcess    		CODE           	1DBA	0000	3
		_AppINT_USART1_RX		CODE           	1754	0000	395
		_zero_0        		CODE           	1CE0	0000	31
		_zero_3        		CODE           	1C86	0000	31
		_um_0          		CODE           	1C08	0000	37
		_zero_6        		CODE           	1C2C	0000	31
		_SetLED        		CODE           	158C	0000	457
		_um_1          		CODE           	1BE4	0000	37

mcc_generated_files/app.c estimated size: 7102

shared
		__initialization		CODE           	19EA	0000	129

shared estimated size: 129

mcc_generated_files/eusart1.c
		_EUSART1_Initialize		CODE           	1CFE	0000	29
		_EUSART1_Receive_ISR		CODE           	1D1A	0000	25
		_EUSART1_Transmit_ISR		CODE           	1DB6	0000	5

mcc_generated_files/eusart1.c estimated size: 59

mcc_generated_files/mcc.c
		_OSCILLATOR_Initialize		CODE           	1D70	0000	19
		_SYSTEM_Initialize		CODE           	1D32	0000	23

mcc_generated_files/mcc.c estimated size: 42

main.c
		_main          		CODE           	1D5E	0000	19

main.c estimated size: 19

